Archive member included to satisfy reference by file (symbol)

/Applications/ArmGNUToolchain/13.2.Rel1/arm-none-eabi/bin/../lib/gcc/arm-none-eabi/13.2.1/thumb/v6-m/nofp/libgcc.a(_dvmd_tls.o)
                              CMakeFiles/hw5.dir/Users/ichen/Pico/pico-sdk/src/rp2_common/pico_divider/divider.S.obj (__aeabi_idiv0)
/Applications/ArmGNUToolchain/13.2.Rel1/arm-none-eabi/bin/../lib/gcc/arm-none-eabi/13.2.1/../../../../arm-none-eabi/lib/thumb/v6-m/nofp/libg.a(libc_a-calloc.o)
                              CMakeFiles/hw5.dir/Users/ichen/Pico/pico-sdk/src/rp2_common/pico_malloc/pico_malloc.c.obj (calloc)
/Applications/ArmGNUToolchain/13.2.Rel1/arm-none-eabi/bin/../lib/gcc/arm-none-eabi/13.2.1/../../../../arm-none-eabi/lib/thumb/v6-m/nofp/libg.a(libc_a-callocr.o)
                              /Applications/ArmGNUToolchain/13.2.Rel1/arm-none-eabi/bin/../lib/gcc/arm-none-eabi/13.2.1/../../../../arm-none-eabi/lib/thumb/v6-m/nofp/libg.a(libc_a-calloc.o) (_calloc_r)
/Applications/ArmGNUToolchain/13.2.Rel1/arm-none-eabi/bin/../lib/gcc/arm-none-eabi/13.2.1/../../../../arm-none-eabi/lib/thumb/v6-m/nofp/libg.a(libc_a-malloc.o)
                              CMakeFiles/hw5.dir/Users/ichen/Pico/pico-sdk/src/rp2_common/pico_malloc/pico_malloc.c.obj (malloc)
/Applications/ArmGNUToolchain/13.2.Rel1/arm-none-eabi/bin/../lib/gcc/arm-none-eabi/13.2.1/../../../../arm-none-eabi/lib/thumb/v6-m/nofp/libg.a(libc_a-mallocr.o)
                              /Applications/ArmGNUToolchain/13.2.Rel1/arm-none-eabi/bin/../lib/gcc/arm-none-eabi/13.2.1/../../../../arm-none-eabi/lib/thumb/v6-m/nofp/libg.a(libc_a-callocr.o) (_malloc_r)
/Applications/ArmGNUToolchain/13.2.Rel1/arm-none-eabi/bin/../lib/gcc/arm-none-eabi/13.2.1/../../../../arm-none-eabi/lib/thumb/v6-m/nofp/libg.a(libc_a-mlock.o)
                              /Applications/ArmGNUToolchain/13.2.Rel1/arm-none-eabi/bin/../lib/gcc/arm-none-eabi/13.2.1/../../../../arm-none-eabi/lib/thumb/v6-m/nofp/libg.a(libc_a-mallocr.o) (__malloc_lock)
/Applications/ArmGNUToolchain/13.2.Rel1/arm-none-eabi/bin/../lib/gcc/arm-none-eabi/13.2.1/../../../../arm-none-eabi/lib/thumb/v6-m/nofp/libg.a(libc_a-realloc.o)
                              CMakeFiles/hw5.dir/Users/ichen/Pico/pico-sdk/src/rp2_common/pico_malloc/pico_malloc.c.obj (realloc)
/Applications/ArmGNUToolchain/13.2.Rel1/arm-none-eabi/bin/../lib/gcc/arm-none-eabi/13.2.1/../../../../arm-none-eabi/lib/thumb/v6-m/nofp/libg.a(libc_a-reallocr.o)
                              /Applications/ArmGNUToolchain/13.2.Rel1/arm-none-eabi/bin/../lib/gcc/arm-none-eabi/13.2.1/../../../../arm-none-eabi/lib/thumb/v6-m/nofp/libg.a(libc_a-realloc.o) (_realloc_r)
/Applications/ArmGNUToolchain/13.2.Rel1/arm-none-eabi/bin/../lib/gcc/arm-none-eabi/13.2.1/../../../../arm-none-eabi/lib/thumb/v6-m/nofp/libg.a(libc_a-memmove.o)
                              /Applications/ArmGNUToolchain/13.2.Rel1/arm-none-eabi/bin/../lib/gcc/arm-none-eabi/13.2.1/../../../../arm-none-eabi/lib/thumb/v6-m/nofp/libg.a(libc_a-reallocr.o) (memmove)
/Applications/ArmGNUToolchain/13.2.Rel1/arm-none-eabi/bin/../lib/gcc/arm-none-eabi/13.2.1/../../../../arm-none-eabi/lib/thumb/v6-m/nofp/libg.a(libc_a-impure.o)
                              /Applications/ArmGNUToolchain/13.2.Rel1/arm-none-eabi/bin/../lib/gcc/arm-none-eabi/13.2.1/../../../../arm-none-eabi/lib/thumb/v6-m/nofp/libg.a(libc_a-calloc.o) (_impure_ptr)
/Applications/ArmGNUToolchain/13.2.Rel1/arm-none-eabi/bin/../lib/gcc/arm-none-eabi/13.2.1/../../../../arm-none-eabi/lib/thumb/v6-m/nofp/libg.a(libc_a-sbrkr.o)
                              /Applications/ArmGNUToolchain/13.2.Rel1/arm-none-eabi/bin/../lib/gcc/arm-none-eabi/13.2.1/../../../../arm-none-eabi/lib/thumb/v6-m/nofp/libg.a(libc_a-mallocr.o) (_sbrk_r)
/Applications/ArmGNUToolchain/13.2.Rel1/arm-none-eabi/bin/../lib/gcc/arm-none-eabi/13.2.1/../../../../arm-none-eabi/lib/thumb/v6-m/nofp/libg.a(libc_a-errno.o)
                              /Applications/ArmGNUToolchain/13.2.Rel1/arm-none-eabi/bin/../lib/gcc/arm-none-eabi/13.2.1/../../../../arm-none-eabi/lib/thumb/v6-m/nofp/libg.a(libc_a-callocr.o) (__errno)
/Applications/ArmGNUToolchain/13.2.Rel1/arm-none-eabi/bin/../lib/gcc/arm-none-eabi/13.2.1/../../../../arm-none-eabi/lib/thumb/v6-m/nofp/libg.a(libc_a-sysconf.o)
                              /Applications/ArmGNUToolchain/13.2.Rel1/arm-none-eabi/bin/../lib/gcc/arm-none-eabi/13.2.1/../../../../arm-none-eabi/lib/thumb/v6-m/nofp/libg.a(libc_a-mallocr.o) (sysconf)
/Applications/ArmGNUToolchain/13.2.Rel1/arm-none-eabi/bin/../lib/gcc/arm-none-eabi/13.2.1/../../../../arm-none-eabi/lib/thumb/v6-m/nofp/libg.a(libc_a-init.o)
                              /Applications/ArmGNUToolchain/13.2.Rel1/arm-none-eabi/bin/../lib/gcc/arm-none-eabi/13.2.1/../../../../arm-none-eabi/lib/thumb/v6-m/nofp/crt0.o (__libc_init_array)
/Applications/ArmGNUToolchain/13.2.Rel1/arm-none-eabi/bin/../lib/gcc/arm-none-eabi/13.2.1/../../../../arm-none-eabi/lib/thumb/v6-m/nofp/libg.a(libc_a-lock.o)
[...]
Memory Configuration

Name             Origin             Length             Attributes
FLASH            0x10000000         0x00200000         xr
RAM              0x20000000         0x00040000         xrw
SCRATCH_X        0x20040000         0x00001000         xrw
SCRATCH_Y        0x20041000         0x00001000         xrw
*default*        0x00000000         0xffffffff

Linker script and memory map

LOAD /Applications/ArmGNUToolchain/13.2.Rel1/arm-none-eabi/bin/../lib/gcc/arm-none-eabi/13.2.1/thumb/v6-m/nofp/crti.o
LOAD /Applications/ArmGNUToolchain/13.2.Rel1/arm-none-eabi/bin/../lib/gcc/arm-none-eabi/13.2.1/thumb/v6-m/nofp/crtbegin.o
LOAD /Applications/ArmGNUToolchain/13.2.Rel1/arm-none-eabi/bin/../lib/gcc/arm-none-eabi/13.2.1/../../../../arm-none-eabi/lib/thumb/v6-m/nofp/crt0.o

.flash_begin    0x10000000        0x0
                0x10000000                        __flash_binary_start = .

.boot2          0x10000000      0x100
                0x10000000                        __boot2_start__ = .
 *(.boot2)
 .boot2         0x10000000      0x100 /var/folders/3k/8ryb2jqn3xj2j2f20wxkj_2h0000gn/T//cc6q1grg.o
                0x10000100                        __boot2_end__ = .
                0x00000001                        ASSERT (((__boot2_end__ - __boot2_start__) == 0x100), ERROR: Pico second stage bootloader must be 256 bytes in size)

.text           0x10000100     0x4880
                0x10000100                        __logical_binary_start = .
 *(.vectors)
 .vectors       0x10000100       0xd4 CMakeFiles/hw5.dir/Users/ichen/Pico/pico-sdk/src/rp2_common/pico_standard_link/crt0.S.obj
                0x10000100                __VECTOR_TABLE
                0x10000100                __vectors
                0x100001c0                __default_isrs_start
                0x100001c0                isr_invalid
                0x100001c2                isr_nmi
                0x100001c4                isr_hardfault
                0x100001c6                isr_svcall
                0x100001c8                isr_pendsv
                0x100001ca                isr_systick
                0x100001cc                isr_irq28
                0x100001cc                isr_irq19
                0x100001cc                isr_irq0
                0x100001cc                isr_irq6
                0x100001cc                isr_irq22
                0x100001cc                isr_irq17
                0x100001cc                isr_irq14
                0x100001cc                isr_irq2
                0x100001cc                isr_irq10
                0x100001cc                isr_irq8
                0x100001cc                isr_irq24
                0x100001cc                isr_irq1
                0x100001cc                isr_irq7
                0x100001cc                isr_irq21
                0x100001cc                isr_irq20
                0x100001cc                isr_irq15
                0x100001cc                isr_irq25
                0x100001cc                isr_irq4
                0x100001cc                isr_irq16
                0x100001cc                isr_irq29
                0x100001cc                isr_irq26
                0x100001cc                __default_isrs_end
                0x100001cc                isr_irq3
                0x100001cc                isr_irq9
                0x100001cc                __unhandled_user_irq
                0x100001cc                isr_irq13
                0x100001cc                isr_irq27
                0x100001cc                isr_irq31
                0x100001cc                isr_irq5
                0x100001cc                isr_irq11
                0x100001cc                isr_irq23
                0x100001cc                isr_irq18
                0x100001cc                isr_irq30
                0x100001cc                isr_irq12
                0x100001d2                unhandled_user_irq_num_in_r0
 *(.binary_info_header)
 .binary_info_header
                0x100001d4       0x14 CMakeFiles/hw5.dir/Users/ichen/Pico/pico-sdk/src/rp2_common/pico_standard_link/crt0.S.obj
                0x100001e8                        __binary_info_header_end = .
 *(.reset)
 .reset         0x100001e8       0xa0 CMakeFiles/hw5.dir/Users/ichen/Pico/pico-sdk/src/rp2_common/pico_standard_link/crt0.S.obj
                0x100001e8                _entry_point
 .reset         0x10000288       0x30 CMakeFiles/hw5.dir/Users/ichen/Pico/pico-sdk/src/rp2_common/pico_standard_link/binary_info.c.obj
 *(.init)
 .init          0x100002b8        0x4 /Applications/ArmGNUToolchain/13.2.Rel1/arm-none-eabi/bin/../lib/gcc/arm-none-eabi/13.2.1/thumb/v6-m/nofp/crti.o
                0x100002b8                _init
 *(EXCLUDE_FILE(*libm.a: *libc.a:*lib_a-mem*.o *libgcc.a:) .text*)
 .text.register_tm_clones
                0x100002bc       0x28 /Applications/ArmGNUToolchain/13.2.Rel1/arm-none-eabi/bin/../lib/gcc/arm-none-eabi/13.2.1/thumb/v6-m/nofp/crtbegin.o
 .text.frame_dummy
                0x100002e4       0x24 /Applications/ArmGNUToolchain/13.2.Rel1/arm-none-eabi/bin/../lib/gcc/arm-none-eabi/13.2.1/thumb/v6-m/nofp/crtbegin.o
 .text.init_23008
                0x10000308       0x28 CMakeFiles/hw5.dir/hw5.c.obj
                0x10000308                init_23008
 .text.set_23008
                0x10000330       0x28 CMakeFiles/hw5.dir/hw5.c.obj
                0x10000330                set_23008
 .text.read_23008
                0x10000358       0x40 CMakeFiles/hw5.dir/hw5.c.obj
                0x10000358                read_23008
 .text.main     0x10000398       0x6c CMakeFiles/hw5.dir/hw5.c.obj
                0x10000398                main
 .text.gpio_set_function
                0x10000404       0x30 CMakeFiles/hw5.dir/Users/ichen/Pico/pico-sdk/src/rp2_common/hardware_gpio/gpio.c.obj
                0x10000404                gpio_set_function
 .text.gpio_init
                0x10000434       0x16 CMakeFiles/hw5.dir/Users/ichen/Pico/pico-sdk/src/rp2_common/hardware_gpio/gpio.c.obj
                0x10000434                gpio_init
 *fill*         0x1000044a        0x2 
 .text.running_on_fpga
                0x1000044c       0x14 CMakeFiles/hw5.dir/Users/ichen/Pico/pico-sdk/src/rp2_common/pico_platform/platform.c.obj
                0x1000044c                running_on_fpga
 .text.hw_claim_lock
                0x10000460       0x18 CMakeFiles/hw5.dir/Users/ichen/Pico/pico-sdk/src/rp2_common/hardware_claim/claim.c.obj
                0x10000460                hw_claim_lock
 .text.hw_claim_unlock
                0x10000478       0x14 CMakeFiles/hw5.dir/Users/ichen/Pico/pico-sdk/src/rp2_common/hardware_claim/claim.c.obj
                0x10000478                hw_claim_unlock
 .text.hw_claim_or_assert
                0x1000048c       0x32 CMakeFiles/hw5.dir/Users/ichen/Pico/pico-sdk/src/rp2_common/hardware_claim/claim.c.obj
                0x1000048c                hw_claim_or_assert
 *fill*         0x100004be        0x2 
 .text.spin_locks_reset
                0x100004c0       0x20 CMakeFiles/hw5.dir/Users/ichen/Pico/pico-sdk/src/rp2_common/hardware_sync/sync.c.obj
                0x100004c0                spin_locks_reset
 .text.next_striped_spin_lock_num
                0x100004e0       0x1c CMakeFiles/hw5.dir/Users/ichen/Pico/pico-sdk/src/rp2_common/hardware_sync/sync.c.obj
                0x100004e0                next_striped_spin_lock_num
 .text.set_raw_irq_handler_and_unlock
                0x100004fc       0x28 CMakeFiles/hw5.dir/Users/ichen/Pico/pico-sdk/src/rp2_common/hardware_irq/irq.c.obj
 .text.resolve_branch
                0x10000524       0x30 CMakeFiles/hw5.dir/Users/ichen/Pico/pico-sdk/src/rp2_common/hardware_irq/irq.c.obj
 .text.make_branch
                0x10000554       0x48 CMakeFiles/hw5.dir/Users/ichen/Pico/pico-sdk/src/rp2_common/hardware_irq/irq.c.obj
 .text.insert_branch_and_link
                0x1000059c       0x40 CMakeFiles/hw5.dir/Users/ichen/Pico/pico-sdk/src/rp2_common/hardware_irq/irq.c.obj
 .text.irq_is_enabled
                0x100005dc       0x18 CMakeFiles/hw5.dir/Users/ichen/Pico/pico-sdk/src/rp2_common/hardware_irq/irq.c.obj
                0x100005dc                irq_is_enabled
 .text.irq_set_mask_enabled
                0x100005f4       0x20 CMakeFiles/hw5.dir/Users/ichen/Pico/pico-sdk/src/rp2_common/hardware_irq/irq.c.obj
                0x100005f4                irq_set_mask_enabled
 .text.irq_set_enabled
                0x10000614        0xe CMakeFiles/hw5.dir/Users/ichen/Pico/pico-sdk/src/rp2_common/hardware_irq/irq.c.obj
                0x10000614                irq_set_enabled
 *fill*         0x10000622        0x2 
 .text.irq_get_vtable_handler
                0x10000624       0x10 CMakeFiles/hw5.dir/Users/ichen/Pico/pico-sdk/src/rp2_common/hardware_irq/irq.c.obj
                0x10000624                irq_get_vtable_handler
 .text.irq_set_exclusive_handler
                0x10000634       0x54 CMakeFiles/hw5.dir/Users/ichen/Pico/pico-sdk/src/rp2_common/hardware_irq/irq.c.obj
                0x10000634                irq_set_exclusive_handler
 .text.irq_remove_handler
                0x10000688      0x188 CMakeFiles/hw5.dir/Users/ichen/Pico/pico-sdk/src/rp2_common/hardware_irq/irq.c.obj
                0x10000688                irq_remove_handler
 .text.irq_add_tail_to_free_list
                0x10000810       0xf0 CMakeFiles/hw5.dir/Users/ichen/Pico/pico-sdk/src/rp2_common/hardware_irq/irq.c.obj
                0x10000810                irq_add_tail_to_free_list
 .text.irq_init_priorities
                0x10000900       0x1c CMakeFiles/hw5.dir/Users/ichen/Pico/pico-sdk/src/rp2_common/hardware_irq/irq.c.obj
                0x10000900                irq_init_priorities
 .text.lock_init
                0x1000091c       0x10 CMakeFiles/hw5.dir/Users/ichen/Pico/pico-sdk/src/common/pico_sync/lock_core.c.obj
                0x1000091c                lock_init
 .text.mutex_init
                0x1000092c       0x1a CMakeFiles/hw5.dir/Users/ichen/Pico/pico-sdk/src/common/pico_sync/mutex.c.obj
                0x1000092c                mutex_init
 .text.recursive_mutex_init
                0x10000946       0x1e CMakeFiles/hw5.dir/Users/ichen/Pico/pico-sdk/src/common/pico_sync/mutex.c.obj
                0x10000946                recursive_mutex_init
 .text.time_reached
                0x10000964       0x28 CMakeFiles/hw5.dir/Users/ichen/Pico/pico-sdk/src/common/pico_time/time.c.obj
 .text.get_entry
                0x1000098c       0x38 CMakeFiles/hw5.dir/Users/ichen/Pico/pico-sdk/src/common/pico_time/time.c.obj
 .text.timer_pool_entry_comparator
                0x100009c4       0x2e CMakeFiles/hw5.dir/Users/ichen/Pico/pico-sdk/src/common/pico_time/time.c.obj
                0x100009c4                timer_pool_entry_comparator
 *fill*         0x100009f2        0x2 
 .text.update_us_since_boot
                0x100009f4       0x24 CMakeFiles/hw5.dir/Users/ichen/Pico/pico-sdk/src/common/pico_time/time.c.obj
 .text.delayed_by_us
                0x10000a18       0x34 CMakeFiles/hw5.dir/Users/ichen/Pico/pico-sdk/src/common/pico_time/time.c.obj
 .text.ph_get_node
                0x10000a4c       0x30 CMakeFiles/hw5.dir/Users/ichen/Pico/pico-sdk/src/common/pico_time/time.c.obj
 .text.ph_contains_node
                0x10000a7c       0x1e CMakeFiles/hw5.dir/Users/ichen/Pico/pico-sdk/src/common/pico_time/time.c.obj
 .text.ph_new_node
                0x10000a9a       0x28 CMakeFiles/hw5.dir/Users/ichen/Pico/pico-sdk/src/common/pico_time/time.c.obj
 *fill*         0x10000ac2        0x2 
 .text.ph_add_child_node
                0x10000ac4       0x6c CMakeFiles/hw5.dir/Users/ichen/Pico/pico-sdk/src/common/pico_time/time.c.obj
 .text.ph_merge_nodes
                0x10000b30       0x3e CMakeFiles/hw5.dir/Users/ichen/Pico/pico-sdk/src/common/pico_time/time.c.obj
 *fill*         0x10000b6e        0x2 
 .text.ph_insert_node
                0x10000b70       0x3c CMakeFiles/hw5.dir/Users/ichen/Pico/pico-sdk/src/common/pico_time/time.c.obj
 .text.ph_free_node
                0x10000bac       0x5c CMakeFiles/hw5.dir/Users/ichen/Pico/pico-sdk/src/common/pico_time/time.c.obj
 .text.get_entry_id_high
                0x10000c08       0x30 CMakeFiles/hw5.dir/Users/ichen/Pico/pico-sdk/src/common/pico_time/time.c.obj
 .text.alarm_pool_post_alloc_init
                0x10000c38       0x40 CMakeFiles/hw5.dir/Users/ichen/Pico/pico-sdk/src/common/pico_time/time.c.obj
 .text.sleep_until_callback
                0x10000c78       0x30 CMakeFiles/hw5.dir/Users/ichen/Pico/pico-sdk/src/common/pico_time/time.c.obj
 .text.get_absolute_time
                0x10000ca8       0x22 CMakeFiles/hw5.dir/Users/ichen/Pico/pico-sdk/src/common/pico_time/time.c.obj
 .text.make_timeout_time_us
                0x10000cca       0x24 CMakeFiles/hw5.dir/Users/ichen/Pico/pico-sdk/src/common/pico_time/time.c.obj
 *fill*         0x10000cee        0x2 
 .text.add_alarm_under_lock
                0x10000cf0       0x94 CMakeFiles/hw5.dir/Users/ichen/Pico/pico-sdk/src/common/pico_time/time.c.obj
 .text.alarm_pool_alarm_callback
                0x10000d84      0x210 CMakeFiles/hw5.dir/Users/ichen/Pico/pico-sdk/src/common/pico_time/time.c.obj
 .text.alarm_pool_init_default
                0x10000f94       0x40 CMakeFiles/hw5.dir/Users/ichen/Pico/pico-sdk/src/common/pico_time/time.c.obj
                0x10000f94                alarm_pool_init_default
 .text.alarm_pool_get_default
                0x10000fd4       0x2c CMakeFiles/hw5.dir/Users/ichen/Pico/pico-sdk/src/common/pico_time/time.c.obj
                0x10000fd4                alarm_pool_get_default
 .text.alarm_pool_add_alarm_at
                0x10001000      0x10e CMakeFiles/hw5.dir/Users/ichen/Pico/pico-sdk/src/common/pico_time/time.c.obj
                0x10001000                alarm_pool_add_alarm_at
 .text.add_alarm_at
                0x1000110e       0x2e CMakeFiles/hw5.dir/Users/ichen/Pico/pico-sdk/src/common/pico_time/time.c.obj
 .text.alarm_pool_cancel_alarm
                0x1000113c       0xa8 CMakeFiles/hw5.dir/Users/ichen/Pico/pico-sdk/src/common/pico_time/time.c.obj
                0x1000113c                alarm_pool_cancel_alarm
 .text.cancel_alarm
                0x100011e4       0x10 CMakeFiles/hw5.dir/Users/ichen/Pico/pico-sdk/src/common/pico_time/time.c.obj
 .text.sleep_until
                0x100011f4       0xb0 CMakeFiles/hw5.dir/Users/ichen/Pico/pico-sdk/src/common/pico_time/time.c.obj
                0x100011f4                sleep_until
 .text.sleep_us
                0x100012a4       0x1a CMakeFiles/hw5.dir/Users/ichen/Pico/pico-sdk/src/common/pico_time/time.c.obj
                0x100012a4                sleep_us
 .text.sleep_ms
                0x100012be       0x14 CMakeFiles/hw5.dir/Users/ichen/Pico/pico-sdk/src/common/pico_time/time.c.obj
                0x100012be                sleep_ms
 *fill*         0x100012d2        0x2 
 .text.best_effort_wfe_or_timeout
                0x100012d4       0x44 CMakeFiles/hw5.dir/Users/ichen/Pico/pico-sdk/src/common/pico_time/time.c.obj
                0x100012d4                best_effort_wfe_or_timeout
 .text.update_us_since_boot
                0x10001318       0x24 CMakeFiles/hw5.dir/Users/ichen/Pico/pico-sdk/src/rp2_common/hardware_timer/timer.c.obj
 .text.hardware_alarm_irq_handler
                0x1000133c       0x8c CMakeFiles/hw5.dir/Users/ichen/Pico/pico-sdk/src/rp2_common/hardware_timer/timer.c.obj
 .text.hardware_alarm_claim
                0x100013c8       0x18 CMakeFiles/hw5.dir/Users/ichen/Pico/pico-sdk/src/rp2_common/hardware_timer/timer.c.obj
                0x100013c8                hardware_alarm_claim
 .text.time_us_64
                0x100013e0       0x18 CMakeFiles/hw5.dir/Users/ichen/Pico/pico-sdk/src/rp2_common/hardware_timer/timer.c.obj
                0x100013e0                time_us_64
 .text.busy_wait_until
                0x100013f8       0x28 CMakeFiles/hw5.dir/Users/ichen/Pico/pico-sdk/src/rp2_common/hardware_timer/timer.c.obj
                0x100013f8                busy_wait_until
 .text.busy_wait_us
                0x10001420       0x3a CMakeFiles/hw5.dir/Users/ichen/Pico/pico-sdk/src/rp2_common/hardware_timer/timer.c.obj
                0x10001420                busy_wait_us
 *fill*         0x1000145a        0x2 
 .text.hardware_alarm_set_callback
                0x1000145c       0x90 CMakeFiles/hw5.dir/Users/ichen/Pico/pico-sdk/src/rp2_common/hardware_timer/timer.c.obj
                0x1000145c                hardware_alarm_set_callback
 .text.hardware_alarm_set_target
                0x100014ec       0xe8 CMakeFiles/hw5.dir/Users/ichen/Pico/pico-sdk/src/rp2_common/hardware_timer/timer.c.obj
                0x100014ec                hardware_alarm_set_target
 .text.hardware_alarm_cancel
                0x100015d4       0x40 CMakeFiles/hw5.dir/Users/ichen/Pico/pico-sdk/src/rp2_common/hardware_timer/timer.c.obj
                0x100015d4                hardware_alarm_cancel
 .text.ph_get_node
                0x10001614       0x30 CMakeFiles/hw5.dir/Users/ichen/Pico/pico-sdk/src/common/pico_util/pheap.c.obj
 .text.ph_add_child_node
                0x10001644       0x6c CMakeFiles/hw5.dir/Users/ichen/Pico/pico-sdk/src/common/pico_util/pheap.c.obj
 .text.ph_merge_nodes
                0x100016b0       0x3e CMakeFiles/hw5.dir/Users/ichen/Pico/pico-sdk/src/common/pico_util/pheap.c.obj
 .text.ph_clear
                0x100016ee       0x34 CMakeFiles/hw5.dir/Users/ichen/Pico/pico-sdk/src/common/pico_util/pheap.c.obj
                0x100016ee                ph_clear
 .text.ph_post_alloc_init
                0x10001722        0xe CMakeFiles/hw5.dir/Users/ichen/Pico/pico-sdk/src/common/pico_util/pheap.c.obj
                0x10001722                ph_post_alloc_init
 .text.ph_merge_two_pass
                0x10001730       0x5c CMakeFiles/hw5.dir/Users/ichen/Pico/pico-sdk/src/common/pico_util/pheap.c.obj
                0x10001730                ph_merge_two_pass
 .text.ph_remove_any_head
                0x1000178c       0xc0 CMakeFiles/hw5.dir/Users/ichen/Pico/pico-sdk/src/common/pico_util/pheap.c.obj
 .text.ph_remove_head
                0x1000184c       0x14 CMakeFiles/hw5.dir/Users/ichen/Pico/pico-sdk/src/common/pico_util/pheap.c.obj
                0x1000184c                ph_remove_head
 .text.ph_remove_and_free_node
                0x10001860       0xa0 CMakeFiles/hw5.dir/Users/ichen/Pico/pico-sdk/src/common/pico_util/pheap.c.obj
                0x10001860                ph_remove_and_free_node
 .text.uart_disable_before_lcr_write
                0x10001900       0x48 CMakeFiles/hw5.dir/Users/ichen/Pico/pico-sdk/src/rp2_common/hardware_uart/uart.c.obj
 .text.uart_write_lcr_bits_masked
                0x10001948       0x22 CMakeFiles/hw5.dir/Users/ichen/Pico/pico-sdk/src/rp2_common/hardware_uart/uart.c.obj
 *fill*         0x1000196a        0x2 
 .text.uart_set_baudrate
                0x1000196c       0x5c CMakeFiles/hw5.dir/Users/ichen/Pico/pico-sdk/src/rp2_common/hardware_uart/uart.c.obj
                0x1000196c                uart_set_baudrate
 .text.uart_set_format
                0x100019c8       0x2c CMakeFiles/hw5.dir/Users/ichen/Pico/pico-sdk/src/rp2_common/hardware_uart/uart.c.obj
                0x100019c8                uart_set_format
 .text.uart_set_translate_crlf
                0x100019f4       0x28 CMakeFiles/hw5.dir/Users/ichen/Pico/pico-sdk/src/rp2_common/hardware_uart/uart.c.obj
                0x100019f4                uart_set_translate_crlf
 .text.uart_init
                0x10001a1c       0x80 CMakeFiles/hw5.dir/Users/ichen/Pico/pico-sdk/src/rp2_common/hardware_uart/uart.c.obj
                0x10001a1c                uart_init
 .text.clock_configure
                0x10001a9c      0x108 CMakeFiles/hw5.dir/Users/ichen/Pico/pico-sdk/src/rp2_common/hardware_clocks/clocks.c.obj
                0x10001a9c                clock_configure
 .text.clocks_init
                0x10001ba4      0x100 CMakeFiles/hw5.dir/Users/ichen/Pico/pico-sdk/src/rp2_common/hardware_clocks/clocks.c.obj
                0x10001ba4                clocks_init
 .text.clock_get_hz
                0x10001ca4        0xc CMakeFiles/hw5.dir/Users/ichen/Pico/pico-sdk/src/rp2_common/hardware_clocks/clocks.c.obj
                0x10001ca4                clock_get_hz
 .text.pll_init
                0x10001cb0      0x120 CMakeFiles/hw5.dir/Users/ichen/Pico/pico-sdk/src/rp2_common/hardware_pll/pll.c.obj
                0x10001cb0                pll_init
 .text.watchdog_start_tick
                0x10001dd0       0x10 CMakeFiles/hw5.dir/Users/ichen/Pico/pico-sdk/src/rp2_common/hardware_watchdog/watchdog.c.obj
                0x10001dd0                watchdog_start_tick
 .text.xosc_init
                0x10001de0       0x28 CMakeFiles/hw5.dir/Users/ichen/Pico/pico-sdk/src/rp2_common/hardware_xosc/xosc.c.obj
                0x10001de0                xosc_init
 .text._exit    0x10001e08        0x4 CMakeFiles/hw5.dir/Users/ichen/Pico/pico-sdk/src/rp2_common/pico_runtime/runtime.c.obj
                0x10001e08                _exit
 .text.exit     0x10001e0c        0x6 CMakeFiles/hw5.dir/Users/ichen/Pico/pico-sdk/src/rp2_common/pico_runtime/runtime.c.obj
                0x10001e0c                exit
 *fill*         0x10001e12        0x2 
 .text.__assert_func
                0x10001e14       0x38 CMakeFiles/hw5.dir/Users/ichen/Pico/pico-sdk/src/rp2_common/pico_runtime/runtime.c.obj
                0x10001e14                __assert_func
 .text.runtime_init
                0x10001e4c       0xf8 CMakeFiles/hw5.dir/Users/ichen/Pico/pico-sdk/src/rp2_common/pico_runtime/runtime.c.obj
                0x10001e4c                runtime_init
 .text.panic    0x10001f44       0x30 CMakeFiles/hw5.dir/Users/ichen/Pico/pico-sdk/src/rp2_common/pico_runtime/runtime.c.obj
                0x10001f44                panic
 .text._out_null
                0x10001f74        0x2 CMakeFiles/hw5.dir/Users/ichen/Pico/pico-sdk/src/rp2_common/pico_printf/printf.c.obj
 .text._out_fct
                0x10001f76        0xe CMakeFiles/hw5.dir/Users/ichen/Pico/pico-sdk/src/rp2_common/pico_printf/printf.c.obj
 .text._atoi    0x10001f84       0x24 CMakeFiles/hw5.dir/Users/ichen/Pico/pico-sdk/src/rp2_common/pico_printf/printf.c.obj
 .text._out_rev
                0x10001fa8       0xae CMakeFiles/hw5.dir/Users/ichen/Pico/pico-sdk/src/rp2_common/pico_printf/printf.c.obj
 .text._ntoa_format
                0x10002056      0x110 CMakeFiles/hw5.dir/Users/ichen/Pico/pico-sdk/src/rp2_common/pico_printf/printf.c.obj
 .text._ntoa_long
                0x10002166       0xbc CMakeFiles/hw5.dir/Users/ichen/Pico/pico-sdk/src/rp2_common/pico_printf/printf.c.obj
 .text._ntoa_long_long
                0x10002222      0x10e CMakeFiles/hw5.dir/Users/ichen/Pico/pico-sdk/src/rp2_common/pico_printf/printf.c.obj
 .text._etoa    0x10002330      0x420 CMakeFiles/hw5.dir/Users/ichen/Pico/pico-sdk/src/rp2_common/pico_printf/printf.c.obj
 .text._ftoa    0x10002750      0x354 CMakeFiles/hw5.dir/Users/ichen/Pico/pico-sdk/src/rp2_common/pico_printf/printf.c.obj
 .text._vsnprintf
                0x10002aa4      0x668 CMakeFiles/hw5.dir/Users/ichen/Pico/pico-sdk/src/rp2_common/pico_printf/printf.c.obj
 .text.vfctprintf
                0x1000310c       0x20 CMakeFiles/hw5.dir/Users/ichen/Pico/pico-sdk/src/rp2_common/pico_printf/printf.c.obj
                0x1000310c                vfctprintf
 .text          0x1000312c       0x10 CMakeFiles/hw5.dir/Users/ichen/Pico/pico-sdk/src/rp2_common/pico_bit_ops/bit_ops_aeabi.S.obj
 .text.rom_func_lookup
                0x1000313c       0x10 CMakeFiles/hw5.dir/Users/ichen/Pico/pico-sdk/src/rp2_common/pico_bootrom/bootrom.c.obj
                0x1000313c                rom_func_lookup
 .text.rom_data_lookup
                0x1000314c       0x10 CMakeFiles/hw5.dir/Users/ichen/Pico/pico-sdk/src/rp2_common/pico_bootrom/bootrom.c.obj
                0x1000314c                rom_data_lookup
 .text.rom_funcs_lookup
                0x1000315c       0x36 CMakeFiles/hw5.dir/Users/ichen/Pico/pico-sdk/src/rp2_common/pico_bootrom/bootrom.c.obj
                0x1000315c                rom_funcs_lookup
 *fill*         0x10003192        0x2 
 .text.__wrap___aeabi_idiv
                0x10003194       0x50 CMakeFiles/hw5.dir/Users/ichen/Pico/pico-sdk/src/rp2_common/pico_divider/divider.S.obj
                0x10003194                __wrap___aeabi_idivmod
                0x10003194                divmod_s32s32
                0x10003194                div_s32s32
                0x10003194                __wrap___aeabi_idiv
                0x1000319c                divmod_s32s32_unsafe
                0x100031c8                divmod_s32s32_savestate
 .text.__wrap___aeabi_uidiv
                0x100031e4       0x4c CMakeFiles/hw5.dir/Users/ichen/Pico/pico-sdk/src/rp2_common/pico_divider/divider.S.obj
                0x100031e4                __wrap___aeabi_uidiv
                0x100031e4                __wrap___aeabi_uidivmod
                0x100031e4                div_u32u32
                0x100031e4                divmod_u32u32
                0x100031ec                divmod_u32u32_unsafe
                0x10003214                divmod_u32u32_savestate
 .text.__wrap___aeabi_ldiv
                0x10003230      0x424 CMakeFiles/hw5.dir/Users/ichen/Pico/pico-sdk/src/rp2_common/pico_divider/divider.S.obj
                0x10003230                __wrap___aeabi_ldivmod
                0x10003230                div_s64s64
                0x10003230                divmod_s64s64
                0x10003260                divmod_u64u64
                0x10003260                div_u64u64
                0x10003260                __wrap___aeabi_uldivmod
                0x10003270                divmod_u64u64_savestate
                0x10003290                divmod_s64s64_unsafe
                0x10003318                divmod_u64u64_unsafe
 .text.__wrap___aeabi_darithmetic
                0x10003654       0x80 CMakeFiles/hw5.dir/Users/ichen/Pico/pico-sdk/src/rp2_common/pico_double/double_aeabi.S.obj
                0x10003654                __wrap___aeabi_drsub
                0x1000365a                __wrap___aeabi_dsub
                0x1000366c                __wrap___aeabi_dadd
                0x1000367e                __wrap___aeabi_ddiv
                0x100036ba                __wrap___aeabi_dmul
 .text.__wrap___aeabi_cdcmple
                0x100036d4       0x6c CMakeFiles/hw5.dir/Users/ichen/Pico/pico-sdk/src/rp2_common/pico_double/double_aeabi.S.obj
                0x100036d4                __wrap___aeabi_cdrcmple
                0x100036e4                __wrap___aeabi_cdcmple
                0x100036e4                __wrap___aeabi_cdcmpeq
 .text.__wrap___aeabi_dcmplt
                0x10003740        0xc CMakeFiles/hw5.dir/Users/ichen/Pico/pico-sdk/src/rp2_common/pico_double/double_aeabi.S.obj
                0x10003740                __wrap___aeabi_dcmplt
 .text.__wrap___aeabi_dcmple
                0x1000374c       0x10 CMakeFiles/hw5.dir/Users/ichen/Pico/pico-sdk/src/rp2_common/pico_double/double_aeabi.S.obj
                0x1000374c                __wrap___aeabi_dcmple
 .text.__wrap___aeabi_dcmpge
                0x1000375c       0x10 CMakeFiles/hw5.dir/Users/ichen/Pico/pico-sdk/src/rp2_common/pico_double/double_aeabi.S.obj
                0x1000375c                __wrap___aeabi_dcmpge
 .text.__wrap___aeabi_dcmpgt
                0x1000376c        0xa CMakeFiles/hw5.dir/Users/ichen/Pico/pico-sdk/src/rp2_common/pico_double/double_aeabi.S.obj
                0x1000376c                __wrap___aeabi_dcmpgt
 .text.__wrap___aeabi_dcmpun
                0x10003776       0x1c CMakeFiles/hw5.dir/Users/ichen/Pico/pico-sdk/src/rp2_common/pico_double/double_aeabi.S.obj
                0x10003776                __wrap___aeabi_dcmpun
 *fill*         0x10003792        0x2 
 .text.__wrap___aeabi_i2d
                0x10003794       0x38 CMakeFiles/hw5.dir/Users/ichen/Pico/pico-sdk/src/rp2_common/pico_double/double_aeabi.S.obj
                0x10003794                __wrap___aeabi_ui2d
                0x1000379c                __wrap___aeabi_i2d
 .text.__wrap___aeabi_d2iz
                0x100037cc       0x48 CMakeFiles/hw5.dir/Users/ichen/Pico/pico-sdk/src/rp2_common/pico_double/double_aeabi.S.obj
                0x100037cc                __wrap___aeabi_d2iz
                0x100037cc                double2int_z
 .text.__wrap___aeabi_d2uiz
                0x10003814       0x18 CMakeFiles/hw5.dir/Users/ichen/Pico/pico-sdk/src/rp2_common/pico_double/double_aeabi.S.obj
                0x10003814                double2uint
                0x10003814                __wrap___aeabi_d2uiz
 .text.__aeabi_double_init
                0x1000382c       0xcc CMakeFiles/hw5.dir/Users/ichen/Pico/pico-sdk/src/rp2_common/pico_double/double_init_rom.c.obj
                0x1000382c                __aeabi_double_init
 .text.double_table_shim_on_use_helper
                0x100038f8       0x34 CMakeFiles/hw5.dir/Users/ichen/Pico/pico-sdk/src/rp2_common/pico_double/double_v1_rom_shim.S.obj
                0x100038f8                double_table_shim_on_use_helper
 .text.__wrap___aeabi_dsub
                0x1000392c       0x10 CMakeFiles/hw5.dir/Users/ichen/Pico/pico-sdk/src/rp2_common/pico_double/double_v1_rom_shim.S.obj
                0x1000392c                drsub_shim
                0x10003932                dsub_shim
 .text.dadd_shim
                0x1000393c      0x15c CMakeFiles/hw5.dir/Users/ichen/Pico/pico-sdk/src/rp2_common/pico_double/double_v1_rom_shim.S.obj
                0x1000393c                dadd_shim
 .text.dmul_shim
                0x10003a98      0x15c CMakeFiles/hw5.dir/Users/ichen/Pico/pico-sdk/src/rp2_common/pico_double/double_v1_rom_shim.S.obj
                0x10003a98                dmul_shim
 .text.ddiv_shim
                0x10003bf4      0x1b0 CMakeFiles/hw5.dir/Users/ichen/Pico/pico-sdk/src/rp2_common/pico_double/double_v1_rom_shim.S.obj
                0x10003bf4                ddiv_shim
 .text.double2uint_shim
                0x10003da4        0xe CMakeFiles/hw5.dir/Users/ichen/Pico/pico-sdk/src/rp2_common/pico_double/double_v1_rom_shim.S.obj
                0x10003da4                double2uint_shim
                0x10003da6                double2ufix_shim
 *fill*         0x10003db2        0x2 
 .text.double2uint64_shim
                0x10003db4       0x70 CMakeFiles/hw5.dir/Users/ichen/Pico/pico-sdk/src/rp2_common/pico_double/double_v1_rom_shim.S.obj
                0x10003db4                double2uint64_shim
                0x10003db6                double2ufix64_shim
                0x10003dd6                d2fix_a
 .text.dunpacks
                0x10003e24       0x3c CMakeFiles/hw5.dir/Users/ichen/Pico/pico-sdk/src/rp2_common/pico_double/double_v1_rom_shim.S.obj
                0x10003e24                dunpacks
 .text.__aeabi_lmul
                0x10003e60       0x32 CMakeFiles/hw5.dir/Users/ichen/Pico/pico-sdk/src/rp2_common/pico_int64_ops/pico_int64_ops_aeabi.S.obj
                0x10003e60                __wrap___aeabi_lmul
 *fill*         0x10003e92        0x2 
 .text.__aeabi_float_init
                0x10003e94       0xfc CMakeFiles/hw5.dir/Users/ichen/Pico/pico-sdk/src/rp2_common/pico_float/float_init_rom.c.obj
                0x10003e94                __aeabi_float_init
 .text.float_table_shim_on_use_helper
                0x10003f90       0x34 CMakeFiles/hw5.dir/Users/ichen/Pico/pico-sdk/src/rp2_common/pico_float/float_v1_rom_shim.S.obj
                0x10003f90                float_table_shim_on_use_helper
 .text          0x10003fc4       0x10 CMakeFiles/hw5.dir/Users/ichen/Pico/pico-sdk/src/rp2_common/pico_mem_ops/mem_ops_aeabi.S.obj
                0x10003fc4                __aeabi_mem_init
 .text.memcpy   0x10003fd4        0xc CMakeFiles/hw5.dir/Users/ichen/Pico/pico-sdk/src/rp2_common/pico_mem_ops/mem_ops_aeabi.S.obj
                0x10003fd4                __wrap___aeabi_memcpy
                0x10003fd4                __wrap_memcpy
 .text.stdio_out_chars_no_crlf
                0x10003fe0        0xe CMakeFiles/hw5.dir/Users/ichen/Pico/pico-sdk/src/rp2_common/pico_stdio/stdio.c.obj
 *fill*         0x10003fee        0x2 
 .text.stdio_out_chars_crlf
                0x10003ff0       0x80 CMakeFiles/hw5.dir/Users/ichen/Pico/pico-sdk/src/rp2_common/pico_stdio/stdio.c.obj
 .text.stdio_stack_buffer_flush
                0x10004070       0x44 CMakeFiles/hw5.dir/Users/ichen/Pico/pico-sdk/src/rp2_common/pico_stdio/stdio.c.obj
 .text.stdio_buffered_printer
                0x100040b4       0x20 CMakeFiles/hw5.dir/Users/ichen/Pico/pico-sdk/src/rp2_common/pico_stdio/stdio.c.obj
 .text.update_us_since_boot
                0x100040d4       0x24 CMakeFiles/hw5.dir/Users/ichen/Pico/pico-sdk/src/rp2_common/pico_stdio/stdio.c.obj
 .text.get_absolute_time
                0x100040f8       0x22 CMakeFiles/hw5.dir/Users/ichen/Pico/pico-sdk/src/rp2_common/pico_stdio/stdio.c.obj
 *fill*         0x1000411a        0x2 
 .text.delayed_by_ms
                0x1000411c       0x44 CMakeFiles/hw5.dir/Users/ichen/Pico/pico-sdk/src/rp2_common/pico_stdio/stdio.c.obj
 .text.make_timeout_time_ms
                0x10004160       0x20 CMakeFiles/hw5.dir/Users/ichen/Pico/pico-sdk/src/rp2_common/pico_stdio/stdio.c.obj
 .text.stdout_serialize_begin
                0x10004180       0x20 CMakeFiles/hw5.dir/Users/ichen/Pico/pico-sdk/src/rp2_common/pico_stdio/stdio.c.obj
                0x10004180                stdout_serialize_begin
 .text.stdout_serialize_end
                0x100041a0       0x10 CMakeFiles/hw5.dir/Users/ichen/Pico/pico-sdk/src/rp2_common/pico_stdio/stdio.c.obj
                0x100041a0                stdout_serialize_end
 .text.stdio_put_string
                0x100041b0       0x98 CMakeFiles/hw5.dir/Users/ichen/Pico/pico-sdk/src/rp2_common/pico_stdio/stdio.c.obj
 .text.stdio_set_driver_enabled
                0x10004248       0x2c CMakeFiles/hw5.dir/Users/ichen/Pico/pico-sdk/src/rp2_common/pico_stdio/stdio.c.obj
                0x10004248                stdio_set_driver_enabled
 .text.stdio_flush
                0x10004274       0x20 CMakeFiles/hw5.dir/Users/ichen/Pico/pico-sdk/src/rp2_common/pico_stdio/stdio.c.obj
                0x10004274                stdio_flush
 .text.__wrap_puts
                0x10004294       0x1e CMakeFiles/hw5.dir/Users/ichen/Pico/pico-sdk/src/rp2_common/pico_stdio/stdio.c.obj
                0x10004294                __wrap_puts
 *fill*         0x100042b2        0x2 
 .text.__wrap_vprintf
                0x100042b4       0x40 CMakeFiles/hw5.dir/Users/ichen/Pico/pico-sdk/src/rp2_common/pico_stdio/stdio.c.obj
                0x100042b4                __wrap_vprintf
 .text.__wrap_printf
                0x100042f4       0x18 CMakeFiles/hw5.dir/Users/ichen/Pico/pico-sdk/src/rp2_common/pico_stdio/stdio.c.obj
                0x100042f4                __wrap_printf
 .text.stdio_init_all
                0x1000430c        0xa CMakeFiles/hw5.dir/Users/ichen/Pico/pico-sdk/src/rp2_common/pico_stdio/stdio.c.obj
                0x1000430c                stdio_init_all
 *fill*         0x10004316        0x2 
 .text.uart_putc
                0x10004318       0x60 CMakeFiles/hw5.dir/Users/ichen/Pico/pico-sdk/src/rp2_common/pico_stdio_uart/stdio_uart.c.obj
 .text.uart_getc
                0x10004378       0x24 CMakeFiles/hw5.dir/Users/ichen/Pico/pico-sdk/src/rp2_common/pico_stdio_uart/stdio_uart.c.obj
 .text.stdio_uart_out_chars
                0x1000439c       0x20 CMakeFiles/hw5.dir/Users/ichen/Pico/pico-sdk/src/rp2_common/pico_stdio_uart/stdio_uart.c.obj
 .text.stdio_uart_in_chars
                0x100043bc       0x5c CMakeFiles/hw5.dir/Users/ichen/Pico/pico-sdk/src/rp2_common/pico_stdio_uart/stdio_uart.c.obj
                0x100043bc                stdio_uart_in_chars
 .text.on_uart_rx
                0x10004418       0x28 CMakeFiles/hw5.dir/Users/ichen/Pico/pico-sdk/src/rp2_common/pico_stdio_uart/stdio_uart.c.obj
 .text.stdio_uart_set_chars_available_callback
                0x10004440       0x8c CMakeFiles/hw5.dir/Users/ichen/Pico/pico-sdk/src/rp2_common/pico_stdio_uart/stdio_uart.c.obj
 .text.stdio_uart_init_full
                0x100044cc       0x44 CMakeFiles/hw5.dir/Users/ichen/Pico/pico-sdk/src/rp2_common/pico_stdio_uart/stdio_uart.c.obj
                0x100044cc                stdio_uart_init_full
 .text.stdio_uart_init
                0x10004510       0x28 CMakeFiles/hw5.dir/Users/ichen/Pico/pico-sdk/src/rp2_common/pico_stdio_uart/stdio_uart.c.obj
                0x10004510                stdio_uart_init
 .text.i2c_write_blocking_internal
                0x10004538      0x146 CMakeFiles/hw5.dir/Users/ichen/Pico/pico-sdk/src/rp2_common/hardware_i2c/i2c.c.obj
 .text.i2c_read_blocking_internal
                0x1000467e       0xe6 CMakeFiles/hw5.dir/Users/ichen/Pico/pico-sdk/src/rp2_common/hardware_i2c/i2c.c.obj
 .text.i2c_set_baudrate
                0x10004764       0xf0 CMakeFiles/hw5.dir/Users/ichen/Pico/pico-sdk/src/rp2_common/hardware_i2c/i2c.c.obj
                0x10004764                i2c_set_baudrate
 .text.i2c_init
                0x10004854       0x58 CMakeFiles/hw5.dir/Users/ichen/Pico/pico-sdk/src/rp2_common/hardware_i2c/i2c.c.obj
                0x10004854                i2c_init
 .text.i2c_write_blocking
                0x100048ac       0x18 CMakeFiles/hw5.dir/Users/ichen/Pico/pico-sdk/src/rp2_common/hardware_i2c/i2c.c.obj
                0x100048ac                i2c_write_blocking
 .text.i2c_read_blocking
                0x100048c4       0x18 CMakeFiles/hw5.dir/Users/ichen/Pico/pico-sdk/src/rp2_common/hardware_i2c/i2c.c.obj
                0x100048c4                i2c_read_blocking
 .text.strlen   0x100048dc       0x5c /Applications/ArmGNUToolchain/13.2.Rel1/arm-none-eabi/bin/../lib/gcc/arm-none-eabi/13.2.1/../../../../arm-none-eabi/lib/thumb/v6-m/nofp/libg.a(libc_a-strlen-stub.o)
                0x100048dc                strlen
 *(.fini)
 .fini          0x10004938        0x4 /Applications/ArmGNUToolchain/13.2.Rel1/arm-none-eabi/bin/../lib/gcc/arm-none-eabi/13.2.1/thumb/v6-m/nofp/crti.o
                0x10004938                _fini
 *fill*         0x1000493c        0x4 
 .fini.__stub   0x10004940       0x40 linker stubs
 *crtbegin.o(.ctors)
 *crtbegin?.o(.ctors)
 *(EXCLUDE_FILE(*crtend.o *crtend?.o) .ctors)
 *(SORT_BY_NAME(.ctors.*))
 *(.ctors)
 *crtbegin.o(.dtors)
 *crtbegin?.o(.dtors)
 *(EXCLUDE_FILE(*crtend.o *crtend?.o) .dtors)
 *(SORT_BY_NAME(.dtors.*))
 *(.dtors)
 *(.eh_frame*)
 .eh_frame      0x10004980        0x0 /Applications/ArmGNUToolchain/13.2.Rel1/arm-none-eabi/bin/../lib/gcc/arm-none-eabi/13.2.1/thumb/v6-m/nofp/crtbegin.o
                0x10004980                        . = ALIGN (0x4)

.glue_7         0x10004980        0x0
 .glue_7        0x10004980        0x0 linker stubs

.glue_7t        0x10004980        0x0
 .glue_7t       0x10004980        0x0 linker stubs

.vfp11_veneer   0x10004980        0x0
 .vfp11_veneer  0x10004980        0x0 linker stubs

.v4_bx          0x10004980        0x0
 .v4_bx         0x10004980        0x0 linker stubs

.iplt           0x10004980        0x0
 .iplt          0x10004980        0x0 /Applications/ArmGNUToolchain/13.2.Rel1/arm-none-eabi/bin/../lib/gcc/arm-none-eabi/13.2.1/thumb/v6-m/nofp/crtbegin.o

.rodata         0x10004980      0xe98
 *(EXCLUDE_FILE(*libm.a: *libc.a:*lib_a-mem*.o *libgcc.a:) .rodata*)
 .rodata.resolve_branch.str1.4
                0x10004980      0x9e9 CMakeFiles/hw5.dir/Users/ichen/Pico/pico-sdk/src/rp2_common/hardware_irq/irq.c.obj
                                 0x55 (size before relaxing)
 .rodata.make_branch.str1.4
                0x10005369       0x30 CMakeFiles/hw5.dir/Users/ichen/Pico/pico-sdk/src/rp2_common/hardware_irq/irq.c.obj
 .rodata.insert_branch_and_link.str1.4
                0x10005369       0x10 CMakeFiles/hw5.dir/Users/ichen/Pico/pico-sdk/src/rp2_common/hardware_irq/irq.c.obj
 .rodata.irq_set_exclusive_handler.str1.4
                0x10005369       0x36 CMakeFiles/hw5.dir/Users/ichen/Pico/pico-sdk/src/rp2_common/hardware_irq/irq.c.obj
 .rodata.irq_remove_handler.str1.4
                0x10005369       0x3a CMakeFiles/hw5.dir/Users/ichen/Pico/pico-sdk/src/rp2_common/hardware_irq/irq.c.obj
 .rodata.irq_add_tail_to_free_list.str1.4
                0x10005369       0x3a CMakeFiles/hw5.dir/Users/ichen/Pico/pico-sdk/src/rp2_common/hardware_irq/irq.c.obj
 *fill*         0x10005369        0x3 
 .rodata.__func__.0
                0x1000536c       0x1a CMakeFiles/hw5.dir/Users/ichen/Pico/pico-sdk/src/rp2_common/hardware_irq/irq.c.obj
 *fill*         0x10005386        0x2 
 .rodata.__func__.1
                0x10005388       0x17 CMakeFiles/hw5.dir/Users/ichen/Pico/pico-sdk/src/rp2_common/hardware_irq/irq.c.obj
 *fill*         0x1000539f        0x1 
 .rodata.__func__.2
                0x100053a0       0x13 CMakeFiles/hw5.dir/Users/ichen/Pico/pico-sdk/src/rp2_common/hardware_irq/irq.c.obj
 *fill*         0x100053b3        0x1 
 .rodata.__func__.3
                0x100053b4        0xc CMakeFiles/hw5.dir/Users/ichen/Pico/pico-sdk/src/rp2_common/hardware_irq/irq.c.obj
 .rodata.__func__.4
                0x100053c0        0xf CMakeFiles/hw5.dir/Users/ichen/Pico/pico-sdk/src/rp2_common/hardware_irq/irq.c.obj
 *fill*         0x100053cf        0x1 
 .rodata.__func__.6
                0x100053d0       0x1a CMakeFiles/hw5.dir/Users/ichen/Pico/pico-sdk/src/rp2_common/hardware_irq/irq.c.obj
 .rodata.str1.4
                0x100053ea       0x89 CMakeFiles/hw5.dir/Users/ichen/Pico/pico-sdk/src/common/pico_sync/mutex.c.obj
 *fill*         0x100053ea        0x2 
 .rodata.__func__.1
                0x100053ec        0xb CMakeFiles/hw5.dir/Users/ichen/Pico/pico-sdk/src/common/pico_sync/mutex.c.obj
 *fill*         0x100053f7        0x1 
 .rodata.__func__.3
                0x100053f8       0x18 CMakeFiles/hw5.dir/Users/ichen/Pico/pico-sdk/src/common/pico_sync/mutex.c.obj
 .rodata.get_entry.str1.4
                0x10005410       0x5b CMakeFiles/hw5.dir/Users/ichen/Pico/pico-sdk/src/common/pico_time/time.c.obj
 .rodata.update_us_since_boot.str1.4
                0x10005410       0x61 CMakeFiles/hw5.dir/Users/ichen/Pico/pico-sdk/src/common/pico_time/time.c.obj
 .rodata.ph_get_node.str1.4
                0x10005410       0x66 CMakeFiles/hw5.dir/Users/ichen/Pico/pico-sdk/src/common/pico_time/time.c.obj
 .rodata.ph_add_child_node.str1.4
                0x10005410       0x2e CMakeFiles/hw5.dir/Users/ichen/Pico/pico-sdk/src/common/pico_time/time.c.obj
 .rodata.ph_insert_node.str1.4
                0x10005410        0x3 CMakeFiles/hw5.dir/Users/ichen/Pico/pico-sdk/src/common/pico_time/time.c.obj
 .rodata.ph_free_node.str1.4
                0x10005410       0x38 CMakeFiles/hw5.dir/Users/ichen/Pico/pico-sdk/src/common/pico_time/time.c.obj
 .rodata.add_alarm_under_lock.str1.4
                0x10005410       0x28 CMakeFiles/hw5.dir/Users/ichen/Pico/pico-sdk/src/common/pico_time/time.c.obj
 .rodata.alarm_pool_alarm_callback.str1.4
                0x10005410       0x60 CMakeFiles/hw5.dir/Users/ichen/Pico/pico-sdk/src/common/pico_time/time.c.obj
 .rodata.alarm_pool_get_default.str1.4
                0x10005410       0x21 CMakeFiles/hw5.dir/Users/ichen/Pico/pico-sdk/src/common/pico_time/time.c.obj
 .rodata.alarm_pool_cancel_alarm.str1.4
                0x10005410       0x27 CMakeFiles/hw5.dir/Users/ichen/Pico/pico-sdk/src/common/pico_time/time.c.obj
 .rodata.sleep_until.str1.4
                0x10005410       0x4d CMakeFiles/hw5.dir/Users/ichen/Pico/pico-sdk/src/common/pico_time/time.c.obj
 .rodata.__func__.1
                0x10005410       0x18 CMakeFiles/hw5.dir/Users/ichen/Pico/pico-sdk/src/common/pico_time/time.c.obj
 .rodata.__func__.3
                0x10005428       0x17 CMakeFiles/hw5.dir/Users/ichen/Pico/pico-sdk/src/common/pico_time/time.c.obj
 *fill*         0x1000543f        0x1 
 .rodata.__func__.4
                0x10005440       0x12 CMakeFiles/hw5.dir/Users/ichen/Pico/pico-sdk/src/common/pico_time/time.c.obj
 *fill*         0x10005452        0x2 
 .rodata.__func__.5
                0x10005454        0xd CMakeFiles/hw5.dir/Users/ichen/Pico/pico-sdk/src/common/pico_time/time.c.obj
 *fill*         0x10005461        0x3 
 .rodata.__func__.6
                0x10005464       0x12 CMakeFiles/hw5.dir/Users/ichen/Pico/pico-sdk/src/common/pico_time/time.c.obj
 *fill*         0x10005476        0x2 
 .rodata.__func__.7
                0x10005478        0xf CMakeFiles/hw5.dir/Users/ichen/Pico/pico-sdk/src/common/pico_time/time.c.obj
 *fill*         0x10005487        0x1 
 .rodata.__func__.8
                0x10005488        0xc CMakeFiles/hw5.dir/Users/ichen/Pico/pico-sdk/src/common/pico_time/time.c.obj
 .rodata.__func__.9
                0x10005494       0x15 CMakeFiles/hw5.dir/Users/ichen/Pico/pico-sdk/src/common/pico_time/time.c.obj
 *fill*         0x100054a9        0x3 
 .rodata.__func__.10
                0x100054ac       0x15 CMakeFiles/hw5.dir/Users/ichen/Pico/pico-sdk/src/common/pico_time/time.c.obj
 *fill*         0x100054c1        0x3 
 .rodata.__func__.11
                0x100054c4       0x1a CMakeFiles/hw5.dir/Users/ichen/Pico/pico-sdk/src/common/pico_time/time.c.obj
 *fill*         0x100054de        0x2 
 .rodata.__func__.12
                0x100054e0        0xa CMakeFiles/hw5.dir/Users/ichen/Pico/pico-sdk/src/common/pico_time/time.c.obj
 .rodata.update_us_since_boot.str1.4
                0x100054ea       0x61 CMakeFiles/hw5.dir/Users/ichen/Pico/pico-sdk/src/rp2_common/hardware_timer/timer.c.obj
 .rodata.hardware_alarm_claim.str1.4
                0x100054ea       0x22 CMakeFiles/hw5.dir/Users/ichen/Pico/pico-sdk/src/rp2_common/hardware_timer/timer.c.obj
 .rodata.hardware_alarm_set_target.str1.4
                0x100054ea       0x65 CMakeFiles/hw5.dir/Users/ichen/Pico/pico-sdk/src/rp2_common/hardware_timer/timer.c.obj
 *fill*         0x100054ea        0x2 
 .rodata.__func__.0
                0x100054ec       0x1a CMakeFiles/hw5.dir/Users/ichen/Pico/pico-sdk/src/rp2_common/hardware_timer/timer.c.obj
 *fill*         0x10005506        0x2 
 .rodata.__func__.1
                0x10005508       0x15 CMakeFiles/hw5.dir/Users/ichen/Pico/pico-sdk/src/rp2_common/hardware_timer/timer.c.obj
 .rodata.ph_get_node.str1.4
                0x1000551d       0x66 CMakeFiles/hw5.dir/Users/ichen/Pico/pico-sdk/src/common/pico_util/pheap.c.obj
 .rodata.ph_add_child_node.str1.4
                0x1000551d       0x2e CMakeFiles/hw5.dir/Users/ichen/Pico/pico-sdk/src/common/pico_util/pheap.c.obj
 .rodata.ph_remove_any_head.str1.4
                0x1000551d       0xa0 CMakeFiles/hw5.dir/Users/ichen/Pico/pico-sdk/src/common/pico_util/pheap.c.obj
 .rodata.ph_remove_and_free_node.str1.4
                0x1000551d       0x26 CMakeFiles/hw5.dir/Users/ichen/Pico/pico-sdk/src/common/pico_util/pheap.c.obj
 *fill*         0x1000551d        0x3 
 .rodata.__func__.0
                0x10005520       0x18 CMakeFiles/hw5.dir/Users/ichen/Pico/pico-sdk/src/common/pico_util/pheap.c.obj
 .rodata.__func__.1
                0x10005538       0x13 CMakeFiles/hw5.dir/Users/ichen/Pico/pico-sdk/src/common/pico_util/pheap.c.obj
 *fill*         0x1000554b        0x1 
 .rodata.__func__.2
                0x1000554c       0x12 CMakeFiles/hw5.dir/Users/ichen/Pico/pico-sdk/src/common/pico_util/pheap.c.obj
 *fill*         0x1000555e        0x2 
 .rodata.__func__.3
                0x10005560        0xc CMakeFiles/hw5.dir/Users/ichen/Pico/pico-sdk/src/common/pico_util/pheap.c.obj
 .rodata.clock_configure.str1.4
                0x1000556c       0x57 CMakeFiles/hw5.dir/Users/ichen/Pico/pico-sdk/src/rp2_common/hardware_clocks/clocks.c.obj
 .rodata.__func__.1
                0x1000556c       0x10 CMakeFiles/hw5.dir/Users/ichen/Pico/pico-sdk/src/rp2_common/hardware_clocks/clocks.c.obj
 .rodata.pll_init.str1.4
                0x1000557c      0x124 CMakeFiles/hw5.dir/Users/ichen/Pico/pico-sdk/src/rp2_common/hardware_pll/pll.c.obj
 .rodata.__func__.0
                0x1000557c        0x9 CMakeFiles/hw5.dir/Users/ichen/Pico/pico-sdk/src/rp2_common/hardware_pll/pll.c.obj
 .rodata.__assert_func.str1.4
                0x10005585       0x43 CMakeFiles/hw5.dir/Users/ichen/Pico/pico-sdk/src/rp2_common/pico_runtime/runtime.c.obj
 .rodata.runtime_init.str1.4
                0x10005585       0x61 CMakeFiles/hw5.dir/Users/ichen/Pico/pico-sdk/src/rp2_common/pico_runtime/runtime.c.obj
 .rodata.panic.str1.4
                0x10005585       0x12 CMakeFiles/hw5.dir/Users/ichen/Pico/pico-sdk/src/rp2_common/pico_runtime/runtime.c.obj
 *fill*         0x10005585        0x3 
 .rodata.__func__.2
                0x10005588        0xd CMakeFiles/hw5.dir/Users/ichen/Pico/pico-sdk/src/rp2_common/pico_runtime/runtime.c.obj
 .rodata._ftoa.str1.4
                0x10005595       0x15 CMakeFiles/hw5.dir/Users/ichen/Pico/pico-sdk/src/rp2_common/pico_printf/printf.c.obj
 *fill*         0x10005595        0x3 
 .rodata._vsnprintf
                0x10005598      0x19c CMakeFiles/hw5.dir/Users/ichen/Pico/pico-sdk/src/rp2_common/pico_printf/printf.c.obj
 *fill*         0x10005734        0x4 
 .rodata.pow10.0
                0x10005738       0x50 CMakeFiles/hw5.dir/Users/ichen/Pico/pico-sdk/src/rp2_common/pico_printf/printf.c.obj
 .rodata.__aeabi_double_init.str1.4
                0x10005788       0x9c CMakeFiles/hw5.dir/Users/ichen/Pico/pico-sdk/src/rp2_common/pico_double/double_init_rom.c.obj
 .rodata.__func__.0
                0x10005788       0x14 CMakeFiles/hw5.dir/Users/ichen/Pico/pico-sdk/src/rp2_common/pico_double/double_init_rom.c.obj
 .rodata.__aeabi_float_init.str1.4
                0x1000579c       0x7e CMakeFiles/hw5.dir/Users/ichen/Pico/pico-sdk/src/rp2_common/pico_float/float_init_rom.c.obj
 .rodata.__func__.0
                0x1000579c       0x13 CMakeFiles/hw5.dir/Users/ichen/Pico/pico-sdk/src/rp2_common/pico_float/float_init_rom.c.obj
 .rodata.str1.4
                0x100057af       0x38 CMakeFiles/hw5.dir/Users/ichen/Pico/pico-sdk/src/rp2_common/pico_standard_link/binary_info.c.obj
 *fill*         0x100057af        0x1 
 .rodata.__bi_81
                0x100057b0        0xc CMakeFiles/hw5.dir/Users/ichen/Pico/pico-sdk/src/rp2_common/pico_standard_link/binary_info.c.obj
 .rodata.__bi_75
                0x100057bc        0xc CMakeFiles/hw5.dir/Users/ichen/Pico/pico-sdk/src/rp2_common/pico_standard_link/binary_info.c.obj
 .rodata.__bi_44
                0x100057c8        0xc CMakeFiles/hw5.dir/Users/ichen/Pico/pico-sdk/src/rp2_common/pico_standard_link/binary_info.c.obj
 .rodata.update_us_since_boot.str1.4
                0x100057d4       0x61 CMakeFiles/hw5.dir/Users/ichen/Pico/pico-sdk/src/rp2_common/pico_stdio/stdio.c.obj
 .rodata.crlf_str.2
                0x100057d4        0x2 CMakeFiles/hw5.dir/Users/ichen/Pico/pico-sdk/src/rp2_common/pico_stdio/stdio.c.obj
 *fill*         0x100057d6        0x2 
 .rodata.__func__.3
                0x100057d8       0x15 CMakeFiles/hw5.dir/Users/ichen/Pico/pico-sdk/src/rp2_common/pico_stdio/stdio.c.obj
 .rodata.str1.4
                0x100057ed       0x2c CMakeFiles/hw5.dir/Users/ichen/Pico/pico-sdk/src/rp2_common/pico_stdio_uart/stdio_uart.c.obj
 *fill*         0x100057ed        0x3 
 .rodata.__bi_33.4
                0x100057f0        0xc CMakeFiles/hw5.dir/Users/ichen/Pico/pico-sdk/src/rp2_common/pico_stdio_uart/stdio_uart.c.obj
 .rodata.__bi_34.5
                0x100057fc        0x8 CMakeFiles/hw5.dir/Users/ichen/Pico/pico-sdk/src/rp2_common/pico_stdio_uart/stdio_uart.c.obj
 .rodata.i2c_set_baudrate.str1.4
                0x10005804       0x5d CMakeFiles/hw5.dir/Users/ichen/Pico/pico-sdk/src/rp2_common/hardware_i2c/i2c.c.obj
 .rodata.__func__.0
                0x10005804       0x11 CMakeFiles/hw5.dir/Users/ichen/Pico/pico-sdk/src/rp2_common/hardware_i2c/i2c.c.obj
                0x10005864                        . = ALIGN (0x4)
 *fill*         0x10005815        0x3 
 *(SORT_BY_ALIGNMENT(SORT_BY_NAME(.flashdata*)))
                0x10005818                        . = ALIGN (0x4)

.ARM.extab
 *(.ARM.extab* .gnu.linkonce.armextab.*)
                0x10005818                        __exidx_start = .

.ARM.exidx
 *(.ARM.exidx* .gnu.linkonce.armexidx.*)
                0x10005818                        __exidx_end = .
                0x10005818                        . = ALIGN (0x4)
                0x10005818                        __binary_info_start = .

.binary_info    0x10005818       0x24
 *(.binary_info.keep.*)
 .binary_info.keep.__bi_ptr81
                0x10005818        0x4 CMakeFiles/hw5.dir/Users/ichen/Pico/pico-sdk/src/rp2_common/pico_standard_link/binary_info.c.obj
 .binary_info.keep.__bi_ptr75
                0x1000581c        0x4 CMakeFiles/hw5.dir/Users/ichen/Pico/pico-sdk/src/rp2_common/pico_standard_link/binary_info.c.obj
 .binary_info.keep.__bi_ptr50
                0x10005820        0x4 CMakeFiles/hw5.dir/Users/ichen/Pico/pico-sdk/src/rp2_common/pico_standard_link/binary_info.c.obj
 .binary_info.keep.__bi_ptr44
                0x10005824        0x4 CMakeFiles/hw5.dir/Users/ichen/Pico/pico-sdk/src/rp2_common/pico_standard_link/binary_info.c.obj
 .binary_info.keep.__bi_ptr38
                0x10005828        0x4 CMakeFiles/hw5.dir/Users/ichen/Pico/pico-sdk/src/rp2_common/pico_standard_link/binary_info.c.obj
 .binary_info.keep.__bi_ptr30
                0x1000582c        0x4 CMakeFiles/hw5.dir/Users/ichen/Pico/pico-sdk/src/rp2_common/pico_standard_link/binary_info.c.obj
 .binary_info.keep.__bi_ptr22
                0x10005830        0x4 CMakeFiles/hw5.dir/Users/ichen/Pico/pico-sdk/src/rp2_common/pico_standard_link/binary_info.c.obj
 *(.binary_info.*)
 .binary_info.__bi_ptr34
                0x10005834        0x4 CMakeFiles/hw5.dir/Users/ichen/Pico/pico-sdk/src/rp2_common/pico_stdio_uart/stdio_uart.c.obj
 .binary_info.__bi_ptr33
                0x10005838        0x4 CMakeFiles/hw5.dir/Users/ichen/Pico/pico-sdk/src/rp2_common/pico_stdio_uart/stdio_uart.c.obj
                0x1000583c                        __binary_info_end = .

.rel.dyn        0x1000583c        0x0
 .rel.iplt      0x1000583c        0x0 /Applications/ArmGNUToolchain/13.2.Rel1/arm-none-eabi/bin/../lib/gcc/arm-none-eabi/13.2.1/thumb/v6-m/nofp/crtbegin.o
                0x1000583c                        . = ALIGN (0x4)

.ram_vector_table
                0x20000000       0xc0
 *(.ram_vector_table)
 .ram_vector_table
                0x20000000       0xc0 CMakeFiles/hw5.dir/Users/ichen/Pico/pico-sdk/src/rp2_common/pico_runtime/runtime.c.obj
                0x20000000                ram_vector_table

.data           0x200000c0      0x24c load address 0x1000583c
                0x200000c0                        __data_start__ = .
 *(vtable)
 *(.time_critical*)
 .time_critical.mutex_try_enter
                0x200000c0       0x46 CMakeFiles/hw5.dir/Users/ichen/Pico/pico-sdk/src/common/pico_sync/mutex.c.obj
                0x200000c0                mutex_try_enter
 *fill*         0x20000106        0x2 
 .time_critical.mutex_enter_block_until
                0x20000108       0x8c CMakeFiles/hw5.dir/Users/ichen/Pico/pico-sdk/src/common/pico_sync/mutex.c.obj
                0x20000108                mutex_enter_block_until
 .time_critical.mutex_try_enter_block_until
                0x20000194       0x34 CMakeFiles/hw5.dir/Users/ichen/Pico/pico-sdk/src/common/pico_sync/mutex.c.obj
                0x20000194                mutex_try_enter_block_until
 .time_critical.mutex_exit
                0x200001c8       0x4c CMakeFiles/hw5.dir/Users/ichen/Pico/pico-sdk/src/common/pico_sync/mutex.c.obj
                0x200001c8                mutex_exit
 *(.text*)
 .text          0x20000214        0x4 /Applications/ArmGNUToolchain/13.2.Rel1/arm-none-eabi/bin/../lib/gcc/arm-none-eabi/13.2.1/thumb/v6-m/nofp/libgcc.a(_dvmd_tls.o)
                0x20000214                __aeabi_ldiv0
                0x20000214                __aeabi_idiv0
 .text.__stub   0x20000218       0x20 linker stubs
                0x20000238                        . = ALIGN (0x4)
 *(.rodata*)
                0x20000238                        . = ALIGN (0x4)
 *(.data*)
 .data.striped_spin_lock_num
                0x20000238        0x1 CMakeFiles/hw5.dir/Users/ichen/Pico/pico-sdk/src/rp2_common/hardware_sync/sync.c.obj
 *fill*         0x20000239        0x3 
 .data          0x2000023c       0x48 CMakeFiles/hw5.dir/Users/ichen/Pico/pico-sdk/src/rp2_common/hardware_irq/irq_handler_chain.S.obj
                0x2000023c                irq_handler_chain_slots
                0x2000026c                irq_handler_chain_first_slot
                0x20000276                irq_handler_chain_remove_tail
 .data.default_alarm_pool
                0x20000284       0x18 CMakeFiles/hw5.dir/Users/ichen/Pico/pico-sdk/src/common/pico_time/time.c.obj
 .data.default_alarm_pool_heap
                0x2000029c       0x10 CMakeFiles/hw5.dir/Users/ichen/Pico/pico-sdk/src/common/pico_time/time.c.obj
 *fill*         0x200002ac        0x4 
 .data.aeabi_bits_funcs
                0x200002b0       0x10 CMakeFiles/hw5.dir/Users/ichen/Pico/pico-sdk/src/rp2_common/pico_bit_ops/bit_ops_aeabi.S.obj
                0x200002b0                aeabi_bits_funcs
                0x200002c0                aeabi_bits_funcs_end
 .data.aeabi_mem_funcs
                0x200002c0       0x10 CMakeFiles/hw5.dir/Users/ichen/Pico/pico-sdk/src/rp2_common/pico_mem_ops/mem_ops_aeabi.S.obj
                0x200002c0                aeabi_mem_funcs
                0x200002d0                aeabi_mem_funcs_end
 .data.stdio_uart
                0x200002d0       0x18 CMakeFiles/hw5.dir/Users/ichen/Pico/pico-sdk/src/rp2_common/pico_stdio_uart/stdio_uart.c.obj
                0x200002d0                stdio_uart
 .data.i2c0_inst
                0x200002e8        0x8 CMakeFiles/hw5.dir/Users/ichen/Pico/pico-sdk/src/rp2_common/hardware_i2c/i2c.c.obj
                0x200002e8                i2c0_inst
                0x200002f0                        . = ALIGN (0x4)
 *(.after_data.*)
                0x200002f0                        . = ALIGN (0x4)
                0x200002f0                        PROVIDE (__mutex_array_start = .)
 *(SORT_BY_NAME(.mutex_array.*))
 *(.mutex_array)
 .mutex_array   0x200002f0        0x8 CMakeFiles/hw5.dir/Users/ichen/Pico/pico-sdk/src/rp2_common/pico_stdio/stdio.c.obj
                0x200002f8                        PROVIDE (__mutex_array_end = .)
                0x200002f8                        . = ALIGN (0x4)
                0x200002f8                        PROVIDE (__preinit_array_start = .)
 *(SORT_BY_NAME(.preinit_array.*))
 .preinit_array.00001
                0x200002f8        0x4 CMakeFiles/hw5.dir/Users/ichen/Pico/pico-sdk/src/rp2_common/pico_mem_ops/mem_ops_aeabi.S.obj
 .preinit_array.00010
                0x200002fc        0x4 CMakeFiles/hw5.dir/Users/ichen/Pico/pico-sdk/src/rp2_common/pico_bit_ops/bit_ops_aeabi.S.obj
 .preinit_array.00020
                0x20000300        0x4 CMakeFiles/hw5.dir/Users/ichen/Pico/pico-sdk/src/rp2_common/pico_double/double_aeabi.S.obj
 .preinit_array.00020
                0x20000304        0x4 CMakeFiles/hw5.dir/Users/ichen/Pico/pico-sdk/src/rp2_common/pico_float/float_aeabi.S.obj
 *(.preinit_array)
                0x20000308                        PROVIDE (__preinit_array_end = .)
                0x20000308                        . = ALIGN (0x4)
                0x20000308                        PROVIDE (__init_array_start = .)
 *(SORT_BY_NAME(.init_array.*))
 *(.init_array)
 .init_array    0x20000308        0x4 /Applications/ArmGNUToolchain/13.2.Rel1/arm-none-eabi/bin/../lib/gcc/arm-none-eabi/13.2.1/thumb/v6-m/nofp/crtbegin.o
                0x2000030c                        PROVIDE (__init_array_end = .)
                0x2000030c                        . = ALIGN (0x4)
                [!provide]                        PROVIDE (__fini_array_start = .)
 *(SORT_BY_NAME(.fini_array.*))
 *(.fini_array)
                [!provide]                        PROVIDE (__fini_array_end = .)
 *(.jcr)
                0x2000030c                        . = ALIGN (0x4)
                0x2000030c                        __data_end__ = .
                0x1000583c                        __etext = LOADADDR (.data)

.tm_clone_table
                0x2000030c        0x0 load address 0x10005a88
 .tm_clone_table
                0x2000030c        0x0 /Applications/ArmGNUToolchain/13.2.Rel1/arm-none-eabi/bin/../lib/gcc/arm-none-eabi/13.2.1/thumb/v6-m/nofp/crtbegin.o
 .tm_clone_table
                0x2000030c        0x0 /Applications/ArmGNUToolchain/13.2.Rel1/arm-none-eabi/bin/../lib/gcc/arm-none-eabi/13.2.1/thumb/v6-m/nofp/crtend.o

.igot.plt       0x2000030c        0x0 load address 0x10005a88
 .igot.plt      0x2000030c        0x0 /Applications/ArmGNUToolchain/13.2.Rel1/arm-none-eabi/bin/../lib/gcc/arm-none-eabi/13.2.1/thumb/v6-m/nofp/crtbegin.o

.uninitialized_data
                0x2000030c        0x0 load address 0x10005a88
                0x2000030c                        . = ALIGN (0x4)
 *(.uninitialized_data*)

.scratch_x      0x20040000        0x0 load address 0x10005a88
                0x20040000                        __scratch_x_start__ = .
 *(.scratch_x.*)
                0x20040000                        . = ALIGN (0x4)
                0x20040000                        __scratch_x_end__ = .
                0x10005a88                        __scratch_x_source__ = LOADADDR (.scratch_x)

.scratch_y      0x20041000        0x0 load address 0x10005a88
                0x20041000                        __scratch_y_start__ = .
 *(.scratch_y.*)
                0x20041000                        . = ALIGN (0x4)
                0x20041000                        __scratch_y_end__ = .
                0x10005a88                        __scratch_y_source__ = LOADADDR (.scratch_y)

.bss            0x20000310      0x3d4
                0x20000310                        . = ALIGN (0x4)
                0x20000310                        __bss_start__ = .
 *(SORT_BY_ALIGNMENT(SORT_BY_NAME(.bss*)))
 .bss.default_alarm_pool_entries
                0x20000310      0x100 CMakeFiles/hw5.dir/Users/ichen/Pico/pico-sdk/src/common/pico_time/time.c.obj
 .bss.alarm_callbacks
                0x20000410       0x10 CMakeFiles/hw5.dir/Users/ichen/Pico/pico-sdk/src/rp2_common/hardware_timer/timer.c.obj
 .bss.chars_available_callback
                0x20000420        0x4 CMakeFiles/hw5.dir/Users/ichen/Pico/pico-sdk/src/rp2_common/pico_stdio_uart/stdio_uart.c.obj
 .bss.chars_available_param
                0x20000424        0x4 CMakeFiles/hw5.dir/Users/ichen/Pico/pico-sdk/src/rp2_common/pico_stdio_uart/stdio_uart.c.obj
 .bss.configured_freq
                0x20000428       0x28 CMakeFiles/hw5.dir/Users/ichen/Pico/pico-sdk/src/rp2_common/hardware_clocks/clocks.c.obj
 .bss.default_alarm_pool_entry_ids_high
                0x20000450       0x10 CMakeFiles/hw5.dir/Users/ichen/Pico/pico-sdk/src/common/pico_time/time.c.obj
 .bss.default_alarm_pool_heap_nodes
                0x20000460       0x30 CMakeFiles/hw5.dir/Users/ichen/Pico/pico-sdk/src/common/pico_time/time.c.obj
 .bss.drivers   0x20000490        0x4 CMakeFiles/hw5.dir/Users/ichen/Pico/pico-sdk/src/rp2_common/pico_stdio/stdio.c.obj
 .bss.filter    0x20000494        0x4 CMakeFiles/hw5.dir/Users/ichen/Pico/pico-sdk/src/rp2_common/pico_stdio/stdio.c.obj
 .bss.object.0  0x20000498       0x18 /Applications/ArmGNUToolchain/13.2.Rel1/arm-none-eabi/bin/../lib/gcc/arm-none-eabi/13.2.1/thumb/v6-m/nofp/crtbegin.o
 .bss.pools     0x200004b0       0x10 CMakeFiles/hw5.dir/Users/ichen/Pico/pico-sdk/src/common/pico_time/time.c.obj
 .bss.sd_table  0x200004c0      0x100 CMakeFiles/hw5.dir/Users/ichen/Pico/pico-sdk/src/rp2_common/pico_double/double_init_rom.c.obj
                0x200004c0                sd_table
 .bss.sf_clz_func
                0x200005c0        0x4 CMakeFiles/hw5.dir/Users/ichen/Pico/pico-sdk/src/rp2_common/pico_double/double_init_rom.c.obj
                0x200005c0                sf_clz_func
 .bss.sf_table  0x200005c4      0x100 CMakeFiles/hw5.dir/Users/ichen/Pico/pico-sdk/src/rp2_common/pico_float/float_init_rom.c.obj
                0x200005c4                sf_table
 .bss.sleep_notifier
                0x200006c4        0x4 CMakeFiles/hw5.dir/Users/ichen/Pico/pico-sdk/src/common/pico_time/time.c.obj
 .bss.target_hi
                0x200006c8       0x10 CMakeFiles/hw5.dir/Users/ichen/Pico/pico-sdk/src/rp2_common/hardware_timer/timer.c.obj
 .bss.uart_char_to_line_feed
                0x200006d8        0x4 CMakeFiles/hw5.dir/Users/ichen/Pico/pico-sdk/src/rp2_common/hardware_uart/uart.c.obj
                0x200006d8                uart_char_to_line_feed
 .bss.uart_instance
                0x200006dc        0x4 CMakeFiles/hw5.dir/Users/ichen/Pico/pico-sdk/src/rp2_common/pico_stdio_uart/stdio_uart.c.obj
 .bss.claimed   0x200006e0        0x1 CMakeFiles/hw5.dir/Users/ichen/Pico/pico-sdk/src/rp2_common/hardware_timer/timer.c.obj
 .bss.irq_hander_chain_free_slot_head
                0x200006e1        0x1 CMakeFiles/hw5.dir/Users/ichen/Pico/pico-sdk/src/rp2_common/hardware_irq/irq.c.obj
 .bss.timer_callbacks_pending
                0x200006e2        0x1 CMakeFiles/hw5.dir/Users/ichen/Pico/pico-sdk/src/rp2_common/hardware_timer/timer.c.obj
 *(COMMON)
                0x200006e4                        . = ALIGN (0x4)
 *fill*         0x200006e3        0x1 
                0x200006e4                        __bss_end__ = .

.heap           0x200006e4      0x800
                0x200006e4                        __end__ = .
                0x200006e4                        end = __end__
 *(.heap*)
 .heap          0x200006e4      0x800 CMakeFiles/hw5.dir/Users/ichen/Pico/pico-sdk/src/rp2_common/pico_standard_link/crt0.S.obj
                0x20000ee4                        __HeapLimit = .

.stack1_dummy
 *(.stack1*)

.stack_dummy    0x20041000      0x800
 *(.stack*)
 .stack         0x20041000      0x800 CMakeFiles/hw5.dir/Users/ichen/Pico/pico-sdk/src/rp2_common/pico_standard_link/crt0.S.obj

.flash_end      0x10005a88        0x0
                0x10005a88                        PROVIDE (__flash_binary_end = .)
                0x20040000                        __StackLimit = (ORIGIN (RAM) + LENGTH (RAM))
                0x20041000                        __StackOneTop = (ORIGIN (SCRATCH_X) + LENGTH (SCRATCH_X))
                0x20042000                        __StackTop = (ORIGIN (SCRATCH_Y) + LENGTH (SCRATCH_Y))
                0x20041000                        __StackOneBottom = (__StackOneTop - SIZEOF (.stack1_dummy))
                0x20041800                        __StackBottom = (__StackTop - SIZEOF (.stack_dummy))
                0x20042000                        PROVIDE (__stack = __StackTop)
                0x00000001                        ASSERT ((__StackLimit >= __HeapLimit), region RAM overflowed)
                0x00000001                        ASSERT (((__binary_info_header_end - __logical_binary_start) <= 0x100), Binary info must be in first 256 bytes of the binary)
LOAD CMakeFiles/hw5.dir/hw5.c.obj
LOAD CMakeFiles/hw5.dir/Users/ichen/Pico/pico-sdk/src/rp2_common/pico_stdlib/stdlib.c.obj
LOAD CMakeFiles/hw5.dir/Users/ichen/Pico/pico-sdk/src/rp2_common/hardware_gpio/gpio.c.obj
LOAD CMakeFiles/hw5.dir/Users/ichen/Pico/pico-sdk/src/rp2_common/pico_platform/platform.c.obj
LOAD CMakeFiles/hw5.dir/Users/ichen/Pico/pico-sdk/src/rp2_common/hardware_claim/claim.c.obj
LOAD CMakeFiles/hw5.dir/Users/ichen/Pico/pico-sdk/src/rp2_common/hardware_sync/sync.c.obj
LOAD CMakeFiles/hw5.dir/Users/ichen/Pico/pico-sdk/src/rp2_common/hardware_irq/irq.c.obj
LOAD CMakeFiles/hw5.dir/Users/ichen/Pico/pico-sdk/src/rp2_common/hardware_irq/irq_handler_chain.S.obj
LOAD CMakeFiles/hw5.dir/Users/ichen/Pico/pico-sdk/src/common/pico_sync/sem.c.obj
LOAD CMakeFiles/hw5.dir/Users/ichen/Pico/pico-sdk/src/common/pico_sync/lock_core.c.obj
LOAD CMakeFiles/hw5.dir/Users/ichen/Pico/pico-sdk/src/common/pico_sync/mutex.c.obj
LOAD CMakeFiles/hw5.dir/Users/ichen/Pico/pico-sdk/src/common/pico_sync/critical_section.c.obj
LOAD CMakeFiles/hw5.dir/Users/ichen/Pico/pico-sdk/src/common/pico_time/time.c.obj
LOAD CMakeFiles/hw5.dir/Users/ichen/Pico/pico-sdk/src/common/pico_time/timeout_helper.c.obj
LOAD CMakeFiles/hw5.dir/Users/ichen/Pico/pico-sdk/src/rp2_common/hardware_timer/timer.c.obj
LOAD CMakeFiles/hw5.dir/Users/ichen/Pico/pico-sdk/src/common/pico_util/datetime.c.obj
LOAD CMakeFiles/hw5.dir/Users/ichen/Pico/pico-sdk/src/common/pico_util/pheap.c.obj
LOAD CMakeFiles/hw5.dir/Users/ichen/Pico/pico-sdk/src/common/pico_util/queue.c.obj
LOAD CMakeFiles/hw5.dir/Users/ichen/Pico/pico-sdk/src/rp2_common/hardware_uart/uart.c.obj
LOAD CMakeFiles/hw5.dir/Users/ichen/Pico/pico-sdk/src/rp2_common/hardware_clocks/clocks.c.obj
LOAD CMakeFiles/hw5.dir/Users/ichen/Pico/pico-sdk/src/rp2_common/hardware_pll/pll.c.obj
LOAD CMakeFiles/hw5.dir/Users/ichen/Pico/pico-sdk/src/rp2_common/hardware_vreg/vreg.c.obj
LOAD CMakeFiles/hw5.dir/Users/ichen/Pico/pico-sdk/src/rp2_common/hardware_watchdog/watchdog.c.obj
LOAD CMakeFiles/hw5.dir/Users/ichen/Pico/pico-sdk/src/rp2_common/hardware_xosc/xosc.c.obj
LOAD CMakeFiles/hw5.dir/Users/ichen/Pico/pico-sdk/src/rp2_common/hardware_divider/divider.S.obj
LOAD CMakeFiles/hw5.dir/Users/ichen/Pico/pico-sdk/src/rp2_common/pico_runtime/runtime.c.obj
LOAD CMakeFiles/hw5.dir/Users/ichen/Pico/pico-sdk/src/rp2_common/pico_printf/printf.c.obj
LOAD CMakeFiles/hw5.dir/Users/ichen/Pico/pico-sdk/src/rp2_common/pico_bit_ops/bit_ops_aeabi.S.obj
LOAD CMakeFiles/hw5.dir/Users/ichen/Pico/pico-sdk/src/rp2_common/pico_bootrom/bootrom.c.obj
LOAD CMakeFiles/hw5.dir/Users/ichen/Pico/pico-sdk/src/rp2_common/pico_divider/divider.S.obj
LOAD CMakeFiles/hw5.dir/Users/ichen/Pico/pico-sdk/src/rp2_common/pico_double/double_aeabi.S.obj
LOAD CMakeFiles/hw5.dir/Users/ichen/Pico/pico-sdk/src/rp2_common/pico_double/double_init_rom.c.obj
LOAD CMakeFiles/hw5.dir/Users/ichen/Pico/pico-sdk/src/rp2_common/pico_double/double_math.c.obj
LOAD CMakeFiles/hw5.dir/Users/ichen/Pico/pico-sdk/src/rp2_common/pico_double/double_v1_rom_shim.S.obj
LOAD CMakeFiles/hw5.dir/Users/ichen/Pico/pico-sdk/src/rp2_common/pico_int64_ops/pico_int64_ops_aeabi.S.obj
LOAD CMakeFiles/hw5.dir/Users/ichen/Pico/pico-sdk/src/rp2_common/pico_float/float_aeabi.S.obj
LOAD CMakeFiles/hw5.dir/Users/ichen/Pico/pico-sdk/src/rp2_common/pico_float/float_init_rom.c.obj
LOAD CMakeFiles/hw5.dir/Users/ichen/Pico/pico-sdk/src/rp2_common/pico_float/float_math.c.obj
LOAD CMakeFiles/hw5.dir/Users/ichen/Pico/pico-sdk/src/rp2_common/pico_float/float_v1_rom_shim.S.obj
LOAD CMakeFiles/hw5.dir/Users/ichen/Pico/pico-sdk/src/rp2_common/pico_malloc/pico_malloc.c.obj
LOAD CMakeFiles/hw5.dir/Users/ichen/Pico/pico-sdk/src/rp2_common/pico_mem_ops/mem_ops_aeabi.S.obj
LOAD CMakeFiles/hw5.dir/Users/ichen/Pico/pico-sdk/src/rp2_common/pico_standard_link/crt0.S.obj
LOAD CMakeFiles/hw5.dir/Users/ichen/Pico/pico-sdk/src/rp2_common/pico_standard_link/new_delete.cpp.obj
LOAD CMakeFiles/hw5.dir/Users/ichen/Pico/pico-sdk/src/rp2_common/pico_standard_link/binary_info.c.obj
LOAD CMakeFiles/hw5.dir/Users/ichen/Pico/pico-sdk/src/rp2_common/pico_stdio/stdio.c.obj
LOAD CMakeFiles/hw5.dir/Users/ichen/Pico/pico-sdk/src/rp2_common/pico_stdio_uart/stdio_uart.c.obj
LOAD CMakeFiles/hw5.dir/Users/ichen/Pico/pico-sdk/src/rp2_common/hardware_spi/spi.c.obj
LOAD CMakeFiles/hw5.dir/Users/ichen/Pico/pico-sdk/src/rp2_common/hardware_i2c/i2c.c.obj
LOAD /var/folders/3k/8ryb2jqn3xj2j2f20wxkj_2h0000gn/T//cc6q1grg.o
LOAD /Applications/ArmGNUToolchain/13.2.Rel1/arm-none-eabi/bin/../lib/gcc/arm-none-eabi/13.2.1/../../../../arm-none-eabi/lib/thumb/v6-m/nofp/libstdc++.a
LOAD /Applications/ArmGNUToolchain/13.2.Rel1/arm-none-eabi/bin/../lib/gcc/arm-none-eabi/13.2.1/../../../../arm-none-eabi/lib/thumb/v6-m/nofp/libm.a
START GROUP
LOAD /Applications/ArmGNUToolchain/13.2.Rel1/arm-none-eabi/bin/../lib/gcc/arm-none-eabi/13.2.1/thumb/v6-m/nofp/libgcc.a
LOAD /Applications/ArmGNUToolchain/13.2.Rel1/arm-none-eabi/bin/../lib/gcc/arm-none-eabi/13.2.1/../../../../arm-none-eabi/lib/thumb/v6-m/nofp/libg.a
LOAD /Applications/ArmGNUToolchain/13.2.Rel1/arm-none-eabi/bin/../lib/gcc/arm-none-eabi/13.2.1/../../../../arm-none-eabi/lib/thumb/v6-m/nofp/libc.a
END GROUP
START GROUP
LOAD /Applications/ArmGNUToolchain/13.2.Rel1/arm-none-eabi/bin/../lib/gcc/arm-none-eabi/13.2.1/thumb/v6-m/nofp/libgcc.a
LOAD /Applications/ArmGNUToolchain/13.2.Rel1/arm-none-eabi/bin/../lib/gcc/arm-none-eabi/13.2.1/../../../../arm-none-eabi/lib/thumb/v6-m/nofp/libc.a
LOAD /Applications/ArmGNUToolchain/13.2.Rel1/arm-none-eabi/bin/../lib/gcc/arm-none-eabi/13.2.1/../../../../arm-none-eabi/lib/thumb/v6-m/nofp/libnosys.a
END GROUP
LOAD /Applications/ArmGNUToolchain/13.2.Rel1/arm-none-eabi/bin/../lib/gcc/arm-none-eabi/13.2.1/thumb/v6-m/nofp/crtend.o
LOAD /Applications/ArmGNUToolchain/13.2.Rel1/arm-none-eabi/bin/../lib/gcc/arm-none-eabi/13.2.1/thumb/v6-m/nofp/crtn.o
OUTPUT(hw5.elf elf32-littlearm)
LOAD linker stubs

.ARM.attributes
                0x00000000       0x28
 .ARM.attributes
                0x00000000       0x1e /Applications/ArmGNUToolchain/13.2.Rel1/arm-none-eabi/bin/../lib/gcc/arm-none-eabi/13.2.1/thumb/v6-m/nofp/crti.o
 .ARM.attributes
                0x0000001e       0x2c /Applications/ArmGNUToolchain/13.2.Rel1/arm-none-eabi/bin/../lib/gcc/arm-none-eabi/13.2.1/thumb/v6-m/nofp/crtbegin.o
 .ARM.attributes
                0x0000004a       0x2c CMakeFiles/hw5.dir/hw5.c.obj
 .ARM.attributes
                0x00000076       0x2c CMakeFiles/hw5.dir/Users/ichen/Pico/pico-sdk/src/rp2_common/hardware_gpio/gpio.c.obj
 .ARM.attributes
                0x000000a2       0x2c CMakeFiles/hw5.dir/Users/ichen/Pico/pico-sdk/src/rp2_common/pico_platform/platform.c.obj
 .ARM.attributes
                0x000000ce       0x2c CMakeFiles/hw5.dir/Users/ichen/Pico/pico-sdk/src/rp2_common/hardware_claim/claim.c.obj
 .ARM.attributes
                0x000000fa       0x2c CMakeFiles/hw5.dir/Users/ichen/Pico/pico-sdk/src/rp2_common/hardware_sync/sync.c.obj
 .ARM.attributes
                0x00000126       0x2c CMakeFiles/hw5.dir/Users/ichen/Pico/pico-sdk/src/rp2_common/hardware_irq/irq.c.obj
 .ARM.attributes
                0x00000152       0x22 CMakeFiles/hw5.dir/Users/ichen/Pico/pico-sdk/src/rp2_common/hardware_irq/irq_handler_chain.S.obj
 .ARM.attributes
                0x00000174       0x2c CMakeFiles/hw5.dir/Users/ichen/Pico/pico-sdk/src/common/pico_sync/lock_core.c.obj
 .ARM.attributes
                0x000001a0       0x2c CMakeFiles/hw5.dir/Users/ichen/Pico/pico-sdk/src/common/pico_sync/mutex.c.obj
 .ARM.attributes
                0x000001cc       0x2c CMakeFiles/hw5.dir/Users/ichen/Pico/pico-sdk/src/common/pico_time/time.c.obj
 .ARM.attributes
                0x000001f8       0x2c CMakeFiles/hw5.dir/Users/ichen/Pico/pico-sdk/src/rp2_common/hardware_timer/timer.c.obj
 .ARM.attributes
                0x00000224       0x2c CMakeFiles/hw5.dir/Users/ichen/Pico/pico-sdk/src/common/pico_util/pheap.c.obj
 .ARM.attributes
                0x00000250       0x2c CMakeFiles/hw5.dir/Users/ichen/Pico/pico-sdk/src/rp2_common/hardware_uart/uart.c.obj
 .ARM.attributes
                0x0000027c       0x2c CMakeFiles/hw5.dir/Users/ichen/Pico/pico-sdk/src/rp2_common/hardware_clocks/clocks.c.obj
 .ARM.attributes
                0x000002a8       0x2c CMakeFiles/hw5.dir/Users/ichen/Pico/pico-sdk/src/rp2_common/hardware_pll/pll.c.obj
 .ARM.attributes
                0x000002d4       0x2c CMakeFiles/hw5.dir/Users/ichen/Pico/pico-sdk/src/rp2_common/hardware_watchdog/watchdog.c.obj
 .ARM.attributes
                0x00000300       0x2c CMakeFiles/hw5.dir/Users/ichen/Pico/pico-sdk/src/rp2_common/hardware_xosc/xosc.c.obj
 .ARM.attributes
                0x0000032c       0x2c CMakeFiles/hw5.dir/Users/ichen/Pico/pico-sdk/src/rp2_common/pico_runtime/runtime.c.obj
 .ARM.attributes
                0x00000358       0x2c CMakeFiles/hw5.dir/Users/ichen/Pico/pico-sdk/src/rp2_common/pico_printf/printf.c.obj
 .ARM.attributes
                0x00000384       0x22 CMakeFiles/hw5.dir/Users/ichen/Pico/pico-sdk/src/rp2_common/pico_bit_ops/bit_ops_aeabi.S.obj
 .ARM.attributes
                0x000003a6       0x2c CMakeFiles/hw5.dir/Users/ichen/Pico/pico-sdk/src/rp2_common/pico_bootrom/bootrom.c.obj
 .ARM.attributes
                0x000003d2       0x22 CMakeFiles/hw5.dir/Users/ichen/Pico/pico-sdk/src/rp2_common/pico_divider/divider.S.obj
 .ARM.attributes
                0x000003f4       0x22 CMakeFiles/hw5.dir/Users/ichen/Pico/pico-sdk/src/rp2_common/pico_double/double_aeabi.S.obj
 .ARM.attributes
                0x00000416       0x2c CMakeFiles/hw5.dir/Users/ichen/Pico/pico-sdk/src/rp2_common/pico_double/double_init_rom.c.obj
 .ARM.attributes
                0x00000442       0x22 CMakeFiles/hw5.dir/Users/ichen/Pico/pico-sdk/src/rp2_common/pico_double/double_v1_rom_shim.S.obj
 .ARM.attributes
                0x00000464       0x22 CMakeFiles/hw5.dir/Users/ichen/Pico/pico-sdk/src/rp2_common/pico_int64_ops/pico_int64_ops_aeabi.S.obj
 .ARM.attributes
                0x00000486       0x22 CMakeFiles/hw5.dir/Users/ichen/Pico/pico-sdk/src/rp2_common/pico_float/float_aeabi.S.obj
 .ARM.attributes
                0x000004a8       0x2c CMakeFiles/hw5.dir/Users/ichen/Pico/pico-sdk/src/rp2_common/pico_float/float_init_rom.c.obj
 .ARM.attributes
                0x000004d4       0x22 CMakeFiles/hw5.dir/Users/ichen/Pico/pico-sdk/src/rp2_common/pico_float/float_v1_rom_shim.S.obj
 .ARM.attributes
                0x000004f6       0x22 CMakeFiles/hw5.dir/Users/ichen/Pico/pico-sdk/src/rp2_common/pico_mem_ops/mem_ops_aeabi.S.obj
 .ARM.attributes
                0x00000518       0x22 CMakeFiles/hw5.dir/Users/ichen/Pico/pico-sdk/src/rp2_common/pico_standard_link/crt0.S.obj
 .ARM.attributes
                0x0000053a       0x2c CMakeFiles/hw5.dir/Users/ichen/Pico/pico-sdk/src/rp2_common/pico_standard_link/binary_info.c.obj
 .ARM.attributes
                0x00000566       0x2c CMakeFiles/hw5.dir/Users/ichen/Pico/pico-sdk/src/rp2_common/pico_stdio/stdio.c.obj
 .ARM.attributes
                0x00000592       0x2c CMakeFiles/hw5.dir/Users/ichen/Pico/pico-sdk/src/rp2_common/pico_stdio_uart/stdio_uart.c.obj
 .ARM.attributes
                0x000005be       0x2c CMakeFiles/hw5.dir/Users/ichen/Pico/pico-sdk/src/rp2_common/hardware_i2c/i2c.c.obj
 .ARM.attributes
                0x000005ea       0x22 /var/folders/3k/8ryb2jqn3xj2j2f20wxkj_2h0000gn/T//cc6q1grg.o
 .ARM.attributes
                0x0000060c       0x1e /Applications/ArmGNUToolchain/13.2.Rel1/arm-none-eabi/bin/../lib/gcc/arm-none-eabi/13.2.1/thumb/v6-m/nofp/libgcc.a(_dvmd_tls.o)
 .ARM.attributes
                0x0000062a       0x2c /Applications/ArmGNUToolchain/13.2.Rel1/arm-none-eabi/bin/../lib/gcc/arm-none-eabi/13.2.1/../../../../arm-none-eabi/lib/thumb/v6-m/nofp/libg.a(libc_a-strlen-stub.o)
 .ARM.attributes
                0x00000656       0x2c /Applications/ArmGNUToolchain/13.2.Rel1/arm-none-eabi/bin/../lib/gcc/arm-none-eabi/13.2.1/thumb/v6-m/nofp/crtend.o

.comment        0x00000000       0x44
 .comment       0x00000000       0x44 CMakeFiles/hw5.dir/hw5.c.obj
                                 0x45 (size before relaxing)
 .comment       0x00000044       0x45 CMakeFiles/hw5.dir/Users/ichen/Pico/pico-sdk/src/rp2_common/hardware_gpio/gpio.c.obj
 .comment       0x00000044       0x45 CMakeFiles/hw5.dir/Users/ichen/Pico/pico-sdk/src/rp2_common/pico_platform/platform.c.obj
 .comment       0x00000044       0x45 CMakeFiles/hw5.dir/Users/ichen/Pico/pico-sdk/src/rp2_common/hardware_claim/claim.c.obj
 .comment       0x00000044       0x45 CMakeFiles/hw5.dir/Users/ichen/Pico/pico-sdk/src/rp2_common/hardware_sync/sync.c.obj
 .comment       0x00000044       0x45 CMakeFiles/hw5.dir/Users/ichen/Pico/pico-sdk/src/rp2_common/hardware_irq/irq.c.obj
 .comment       0x00000044       0x45 CMakeFiles/hw5.dir/Users/ichen/Pico/pico-sdk/src/common/pico_sync/lock_core.c.obj
 .comment       0x00000044       0x45 CMakeFiles/hw5.dir/Users/ichen/Pico/pico-sdk/src/common/pico_sync/mutex.c.obj
 .comment       0x00000044       0x45 CMakeFiles/hw5.dir/Users/ichen/Pico/pico-sdk/src/common/pico_time/time.c.obj
 .comment       0x00000044       0x45 CMakeFiles/hw5.dir/Users/ichen/Pico/pico-sdk/src/rp2_common/hardware_timer/timer.c.obj
 .comment       0x00000044       0x45 CMakeFiles/hw5.dir/Users/ichen/Pico/pico-sdk/src/common/pico_util/pheap.c.obj
 .comment       0x00000044       0x45 CMakeFiles/hw5.dir/Users/ichen/Pico/pico-sdk/src/rp2_common/hardware_uart/uart.c.obj
 .comment       0x00000044       0x45 CMakeFiles/hw5.dir/Users/ichen/Pico/pico-sdk/src/rp2_common/hardware_clocks/clocks.c.obj
 .comment       0x00000044       0x45 CMakeFiles/hw5.dir/Users/ichen/Pico/pico-sdk/src/rp2_common/hardware_pll/pll.c.obj
 .comment       0x00000044       0x45 CMakeFiles/hw5.dir/Users/ichen/Pico/pico-sdk/src/rp2_common/hardware_watchdog/watchdog.c.obj
 .comment       0x00000044       0x45 CMakeFiles/hw5.dir/Users/ichen/Pico/pico-sdk/src/rp2_common/hardware_xosc/xosc.c.obj
 .comment       0x00000044       0x45 CMakeFiles/hw5.dir/Users/ichen/Pico/pico-sdk/src/rp2_common/pico_runtime/runtime.c.obj
 .comment       0x00000044       0x45 CMakeFiles/hw5.dir/Users/ichen/Pico/pico-sdk/src/rp2_common/pico_printf/printf.c.obj
 .comment       0x00000044       0x45 CMakeFiles/hw5.dir/Users/ichen/Pico/pico-sdk/src/rp2_common/pico_bootrom/bootrom.c.obj
 .comment       0x00000044       0x45 CMakeFiles/hw5.dir/Users/ichen/Pico/pico-sdk/src/rp2_common/pico_double/double_init_rom.c.obj
 .comment       0x00000044       0x45 CMakeFiles/hw5.dir/Users/ichen/Pico/pico-sdk/src/rp2_common/pico_float/float_init_rom.c.obj
 .comment       0x00000044       0x45 CMakeFiles/hw5.dir/Users/ichen/Pico/pico-sdk/src/rp2_common/pico_standard_link/binary_info.c.obj
 .comment       0x00000044       0x45 CMakeFiles/hw5.dir/Users/ichen/Pico/pico-sdk/src/rp2_common/pico_stdio/stdio.c.obj
 .comment       0x00000044       0x45 CMakeFiles/hw5.dir/Users/ichen/Pico/pico-sdk/src/rp2_common/pico_stdio_uart/stdio_uart.c.obj
 .comment       0x00000044       0x45 CMakeFiles/hw5.dir/Users/ichen/Pico/pico-sdk/src/rp2_common/hardware_i2c/i2c.c.obj

.debug_info     0x00000000    0x16174
 .debug_info    0x00000000      0xb70 CMakeFiles/hw5.dir/hw5.c.obj
 .debug_info    0x00000b70     0x184b CMakeFiles/hw5.dir/Users/ichen/Pico/pico-sdk/src/rp2_common/hardware_gpio/gpio.c.obj
 .debug_info    0x000023bb      0x1fb CMakeFiles/hw5.dir/Users/ichen/Pico/pico-sdk/src/rp2_common/pico_platform/platform.c.obj
 .debug_info    0x000025b6      0x69a CMakeFiles/hw5.dir/Users/ichen/Pico/pico-sdk/src/rp2_common/hardware_claim/claim.c.obj
 .debug_info    0x00002c50      0x5fa CMakeFiles/hw5.dir/Users/ichen/Pico/pico-sdk/src/rp2_common/hardware_sync/sync.c.obj
 .debug_info    0x0000324a     0x1c43 CMakeFiles/hw5.dir/Users/ichen/Pico/pico-sdk/src/rp2_common/hardware_irq/irq.c.obj
 .debug_info    0x00004e8d      0x1a3 CMakeFiles/hw5.dir/Users/ichen/Pico/pico-sdk/src/common/pico_sync/lock_core.c.obj
 .debug_info    0x00005030     0x1d29 CMakeFiles/hw5.dir/Users/ichen/Pico/pico-sdk/src/common/pico_sync/mutex.c.obj
 .debug_info    0x00006d59     0x33f9 CMakeFiles/hw5.dir/Users/ichen/Pico/pico-sdk/src/common/pico_time/time.c.obj
 .debug_info    0x0000a152     0x145b CMakeFiles/hw5.dir/Users/ichen/Pico/pico-sdk/src/rp2_common/hardware_timer/timer.c.obj
 .debug_info    0x0000b5ad      0xe82 CMakeFiles/hw5.dir/Users/ichen/Pico/pico-sdk/src/common/pico_util/pheap.c.obj
 .debug_info    0x0000c42f      0xd98 CMakeFiles/hw5.dir/Users/ichen/Pico/pico-sdk/src/rp2_common/hardware_uart/uart.c.obj
 .debug_info    0x0000d1c7      0xfe7 CMakeFiles/hw5.dir/Users/ichen/Pico/pico-sdk/src/rp2_common/hardware_clocks/clocks.c.obj
 .debug_info    0x0000e1ae      0x505 CMakeFiles/hw5.dir/Users/ichen/Pico/pico-sdk/src/rp2_common/hardware_pll/pll.c.obj
 .debug_info    0x0000e6b3      0x4d8 CMakeFiles/hw5.dir/Users/ichen/Pico/pico-sdk/src/rp2_common/hardware_watchdog/watchdog.c.obj
 .debug_info    0x0000eb8b      0x1c7 CMakeFiles/hw5.dir/Users/ichen/Pico/pico-sdk/src/rp2_common/hardware_xosc/xosc.c.obj
 .debug_info    0x0000ed52      0xf23 CMakeFiles/hw5.dir/Users/ichen/Pico/pico-sdk/src/rp2_common/pico_runtime/runtime.c.obj
 .debug_info    0x0000fc75     0x19db CMakeFiles/hw5.dir/Users/ichen/Pico/pico-sdk/src/rp2_common/pico_printf/printf.c.obj
 .debug_info    0x00011650       0x23 CMakeFiles/hw5.dir/Users/ichen/Pico/pico-sdk/src/rp2_common/pico_bit_ops/bit_ops_aeabi.S.obj
 .debug_info    0x00011673      0x331 CMakeFiles/hw5.dir/Users/ichen/Pico/pico-sdk/src/rp2_common/pico_bootrom/bootrom.c.obj
 .debug_info    0x000119a4       0x23 CMakeFiles/hw5.dir/Users/ichen/Pico/pico-sdk/src/rp2_common/pico_divider/divider.S.obj
 .debug_info    0x000119c7       0x23 CMakeFiles/hw5.dir/Users/ichen/Pico/pico-sdk/src/rp2_common/pico_double/double_aeabi.S.obj
 .debug_info    0x000119ea      0x33b CMakeFiles/hw5.dir/Users/ichen/Pico/pico-sdk/src/rp2_common/pico_double/double_init_rom.c.obj
 .debug_info    0x00011d25       0x23 CMakeFiles/hw5.dir/Users/ichen/Pico/pico-sdk/src/rp2_common/pico_double/double_v1_rom_shim.S.obj
 .debug_info    0x00011d48       0x24 CMakeFiles/hw5.dir/Users/ichen/Pico/pico-sdk/src/rp2_common/pico_int64_ops/pico_int64_ops_aeabi.S.obj
 .debug_info    0x00011d6c       0x23 CMakeFiles/hw5.dir/Users/ichen/Pico/pico-sdk/src/rp2_common/pico_float/float_aeabi.S.obj
 .debug_info    0x00011d8f      0x34f CMakeFiles/hw5.dir/Users/ichen/Pico/pico-sdk/src/rp2_common/pico_float/float_init_rom.c.obj
 .debug_info    0x000120de       0x23 CMakeFiles/hw5.dir/Users/ichen/Pico/pico-sdk/src/rp2_common/pico_float/float_v1_rom_shim.S.obj
 .debug_info    0x00012101       0x23 CMakeFiles/hw5.dir/Users/ichen/Pico/pico-sdk/src/rp2_common/pico_mem_ops/mem_ops_aeabi.S.obj
 .debug_info    0x00012124       0x23 CMakeFiles/hw5.dir/Users/ichen/Pico/pico-sdk/src/rp2_common/pico_standard_link/crt0.S.obj
 .debug_info    0x00012147      0x2b8 CMakeFiles/hw5.dir/Users/ichen/Pico/pico-sdk/src/rp2_common/pico_standard_link/binary_info.c.obj
 .debug_info    0x000123ff     0x1743 CMakeFiles/hw5.dir/Users/ichen/Pico/pico-sdk/src/rp2_common/pico_stdio/stdio.c.obj
 .debug_info    0x00013b42     0x1035 CMakeFiles/hw5.dir/Users/ichen/Pico/pico-sdk/src/rp2_common/pico_stdio_uart/stdio_uart.c.obj
 .debug_info    0x00014b77     0x15fd CMakeFiles/hw5.dir/Users/ichen/Pico/pico-sdk/src/rp2_common/hardware_i2c/i2c.c.obj

.debug_abbrev   0x00000000     0x4b6c
 .debug_abbrev  0x00000000      0x2da CMakeFiles/hw5.dir/hw5.c.obj
 .debug_abbrev  0x000002da      0x3a6 CMakeFiles/hw5.dir/Users/ichen/Pico/pico-sdk/src/rp2_common/hardware_gpio/gpio.c.obj
 .debug_abbrev  0x00000680       0xf8 CMakeFiles/hw5.dir/Users/ichen/Pico/pico-sdk/src/rp2_common/pico_platform/platform.c.obj
 .debug_abbrev  0x00000778      0x2ce CMakeFiles/hw5.dir/Users/ichen/Pico/pico-sdk/src/rp2_common/hardware_claim/claim.c.obj
 .debug_abbrev  0x00000a46      0x249 CMakeFiles/hw5.dir/Users/ichen/Pico/pico-sdk/src/rp2_common/hardware_sync/sync.c.obj
 .debug_abbrev  0x00000c8f      0x500 CMakeFiles/hw5.dir/Users/ichen/Pico/pico-sdk/src/rp2_common/hardware_irq/irq.c.obj
 .debug_abbrev  0x0000118f      0x116 CMakeFiles/hw5.dir/Users/ichen/Pico/pico-sdk/src/common/pico_sync/lock_core.c.obj
 .debug_abbrev  0x000012a5      0x3f1 CMakeFiles/hw5.dir/Users/ichen/Pico/pico-sdk/src/common/pico_sync/mutex.c.obj
 .debug_abbrev  0x00001696      0x5c3 CMakeFiles/hw5.dir/Users/ichen/Pico/pico-sdk/src/common/pico_time/time.c.obj
 .debug_abbrev  0x00001c59      0x3d5 CMakeFiles/hw5.dir/Users/ichen/Pico/pico-sdk/src/rp2_common/hardware_timer/timer.c.obj
 .debug_abbrev  0x0000202e      0x290 CMakeFiles/hw5.dir/Users/ichen/Pico/pico-sdk/src/common/pico_util/pheap.c.obj
 .debug_abbrev  0x000022be      0x349 CMakeFiles/hw5.dir/Users/ichen/Pico/pico-sdk/src/rp2_common/hardware_uart/uart.c.obj
 .debug_abbrev  0x00002607      0x434 CMakeFiles/hw5.dir/Users/ichen/Pico/pico-sdk/src/rp2_common/hardware_clocks/clocks.c.obj
 .debug_abbrev  0x00002a3b      0x1e7 CMakeFiles/hw5.dir/Users/ichen/Pico/pico-sdk/src/rp2_common/hardware_pll/pll.c.obj
 .debug_abbrev  0x00002c22      0x1a8 CMakeFiles/hw5.dir/Users/ichen/Pico/pico-sdk/src/rp2_common/hardware_watchdog/watchdog.c.obj
 .debug_abbrev  0x00002dca      0x10c CMakeFiles/hw5.dir/Users/ichen/Pico/pico-sdk/src/rp2_common/hardware_xosc/xosc.c.obj
 .debug_abbrev  0x00002ed6      0x530 CMakeFiles/hw5.dir/Users/ichen/Pico/pico-sdk/src/rp2_common/pico_runtime/runtime.c.obj
 .debug_abbrev  0x00003406      0x371 CMakeFiles/hw5.dir/Users/ichen/Pico/pico-sdk/src/rp2_common/pico_printf/printf.c.obj
 .debug_abbrev  0x00003777       0x12 CMakeFiles/hw5.dir/Users/ichen/Pico/pico-sdk/src/rp2_common/pico_bit_ops/bit_ops_aeabi.S.obj
 .debug_abbrev  0x00003789      0x167 CMakeFiles/hw5.dir/Users/ichen/Pico/pico-sdk/src/rp2_common/pico_bootrom/bootrom.c.obj
 .debug_abbrev  0x000038f0       0x12 CMakeFiles/hw5.dir/Users/ichen/Pico/pico-sdk/src/rp2_common/pico_divider/divider.S.obj
 .debug_abbrev  0x00003902       0x12 CMakeFiles/hw5.dir/Users/ichen/Pico/pico-sdk/src/rp2_common/pico_double/double_aeabi.S.obj
 .debug_abbrev  0x00003914      0x1c3 CMakeFiles/hw5.dir/Users/ichen/Pico/pico-sdk/src/rp2_common/pico_double/double_init_rom.c.obj
 .debug_abbrev  0x00003ad7       0x12 CMakeFiles/hw5.dir/Users/ichen/Pico/pico-sdk/src/rp2_common/pico_double/double_v1_rom_shim.S.obj
 .debug_abbrev  0x00003ae9       0x14 CMakeFiles/hw5.dir/Users/ichen/Pico/pico-sdk/src/rp2_common/pico_int64_ops/pico_int64_ops_aeabi.S.obj
 .debug_abbrev  0x00003afd       0x12 CMakeFiles/hw5.dir/Users/ichen/Pico/pico-sdk/src/rp2_common/pico_float/float_aeabi.S.obj
 .debug_abbrev  0x00003b0f      0x1c6 CMakeFiles/hw5.dir/Users/ichen/Pico/pico-sdk/src/rp2_common/pico_float/float_init_rom.c.obj
 .debug_abbrev  0x00003cd5       0x12 CMakeFiles/hw5.dir/Users/ichen/Pico/pico-sdk/src/rp2_common/pico_float/float_v1_rom_shim.S.obj
 .debug_abbrev  0x00003ce7       0x12 CMakeFiles/hw5.dir/Users/ichen/Pico/pico-sdk/src/rp2_common/pico_mem_ops/mem_ops_aeabi.S.obj
 .debug_abbrev  0x00003cf9       0x12 CMakeFiles/hw5.dir/Users/ichen/Pico/pico-sdk/src/rp2_common/pico_standard_link/crt0.S.obj
 .debug_abbrev  0x00003d0b       0xb8 CMakeFiles/hw5.dir/Users/ichen/Pico/pico-sdk/src/rp2_common/pico_standard_link/binary_info.c.obj
 .debug_abbrev  0x00003dc3      0x47a CMakeFiles/hw5.dir/Users/ichen/Pico/pico-sdk/src/rp2_common/pico_stdio/stdio.c.obj
 .debug_abbrev  0x0000423d      0x499 CMakeFiles/hw5.dir/Users/ichen/Pico/pico-sdk/src/rp2_common/pico_stdio_uart/stdio_uart.c.obj
 .debug_abbrev  0x000046d6      0x496 CMakeFiles/hw5.dir/Users/ichen/Pico/pico-sdk/src/rp2_common/hardware_i2c/i2c.c.obj

.debug_loclists
                0x00000000     0x93a0
 .debug_loclists
                0x00000000       0xd9 CMakeFiles/hw5.dir/hw5.c.obj
 .debug_loclists
                0x000000d9      0xb61 CMakeFiles/hw5.dir/Users/ichen/Pico/pico-sdk/src/rp2_common/hardware_gpio/gpio.c.obj
 .debug_loclists
                0x00000c3a       0xad CMakeFiles/hw5.dir/Users/ichen/Pico/pico-sdk/src/rp2_common/pico_platform/platform.c.obj
 .debug_loclists
                0x00000ce7      0x2af CMakeFiles/hw5.dir/Users/ichen/Pico/pico-sdk/src/rp2_common/hardware_claim/claim.c.obj
 .debug_loclists
                0x00000f96      0x182 CMakeFiles/hw5.dir/Users/ichen/Pico/pico-sdk/src/rp2_common/hardware_sync/sync.c.obj
 .debug_loclists
                0x00001118      0xdb7 CMakeFiles/hw5.dir/Users/ichen/Pico/pico-sdk/src/rp2_common/hardware_irq/irq.c.obj
 .debug_loclists
                0x00001ecf       0x50 CMakeFiles/hw5.dir/Users/ichen/Pico/pico-sdk/src/common/pico_sync/lock_core.c.obj
 .debug_loclists
                0x00001f1f      0xa5b CMakeFiles/hw5.dir/Users/ichen/Pico/pico-sdk/src/common/pico_sync/mutex.c.obj
 .debug_loclists
                0x0000297a     0x146a CMakeFiles/hw5.dir/Users/ichen/Pico/pico-sdk/src/common/pico_time/time.c.obj
 .debug_loclists
                0x00003de4      0x698 CMakeFiles/hw5.dir/Users/ichen/Pico/pico-sdk/src/rp2_common/hardware_timer/timer.c.obj
 .debug_loclists
                0x0000447c      0x7aa CMakeFiles/hw5.dir/Users/ichen/Pico/pico-sdk/src/common/pico_util/pheap.c.obj
 .debug_loclists
                0x00004c26      0x568 CMakeFiles/hw5.dir/Users/ichen/Pico/pico-sdk/src/rp2_common/hardware_uart/uart.c.obj
 .debug_loclists
                0x0000518e      0x5c2 CMakeFiles/hw5.dir/Users/ichen/Pico/pico-sdk/src/rp2_common/hardware_clocks/clocks.c.obj
 .debug_loclists
                0x00005750      0x214 CMakeFiles/hw5.dir/Users/ichen/Pico/pico-sdk/src/rp2_common/hardware_pll/pll.c.obj
 .debug_loclists
                0x00005964      0x1fd CMakeFiles/hw5.dir/Users/ichen/Pico/pico-sdk/src/rp2_common/hardware_watchdog/watchdog.c.obj
 .debug_loclists
                0x00005b61       0x48 CMakeFiles/hw5.dir/Users/ichen/Pico/pico-sdk/src/rp2_common/hardware_xosc/xosc.c.obj
 .debug_loclists
                0x00005ba9      0x3d9 CMakeFiles/hw5.dir/Users/ichen/Pico/pico-sdk/src/rp2_common/pico_runtime/runtime.c.obj
 .debug_loclists
                0x00005f82     0x16f9 CMakeFiles/hw5.dir/Users/ichen/Pico/pico-sdk/src/rp2_common/pico_printf/printf.c.obj
 .debug_loclists
                0x0000767b      0x14d CMakeFiles/hw5.dir/Users/ichen/Pico/pico-sdk/src/rp2_common/pico_bootrom/bootrom.c.obj
 .debug_loclists
                0x000077c8       0x41 CMakeFiles/hw5.dir/Users/ichen/Pico/pico-sdk/src/rp2_common/pico_double/double_init_rom.c.obj
 .debug_loclists
                0x00007809       0x4f CMakeFiles/hw5.dir/Users/ichen/Pico/pico-sdk/src/rp2_common/pico_float/float_init_rom.c.obj
 .debug_loclists
                0x00007858      0x8c3 CMakeFiles/hw5.dir/Users/ichen/Pico/pico-sdk/src/rp2_common/pico_stdio/stdio.c.obj
 .debug_loclists
                0x0000811b      0x54f CMakeFiles/hw5.dir/Users/ichen/Pico/pico-sdk/src/rp2_common/pico_stdio_uart/stdio_uart.c.obj
 .debug_loclists
                0x0000866a      0xd36 CMakeFiles/hw5.dir/Users/ichen/Pico/pico-sdk/src/rp2_common/hardware_i2c/i2c.c.obj

.debug_aranges  0x00000000     0x1018
 .debug_aranges
                0x00000000       0x38 CMakeFiles/hw5.dir/hw5.c.obj
 .debug_aranges
                0x00000038      0x100 CMakeFiles/hw5.dir/Users/ichen/Pico/pico-sdk/src/rp2_common/hardware_gpio/gpio.c.obj
 .debug_aranges
                0x00000138       0x28 CMakeFiles/hw5.dir/Users/ichen/Pico/pico-sdk/src/rp2_common/pico_platform/platform.c.obj
 .debug_aranges
                0x00000160       0x48 CMakeFiles/hw5.dir/Users/ichen/Pico/pico-sdk/src/rp2_common/hardware_claim/claim.c.obj
 .debug_aranges
                0x000001a8       0x58 CMakeFiles/hw5.dir/Users/ichen/Pico/pico-sdk/src/rp2_common/hardware_sync/sync.c.obj
 .debug_aranges
                0x00000200       0xd0 CMakeFiles/hw5.dir/Users/ichen/Pico/pico-sdk/src/rp2_common/hardware_irq/irq.c.obj
 .debug_aranges