Archive member included to satisfy reference by file (symbol)

/Applications/ArmGNUToolchain/13.2.Rel1/arm-none-eabi/bin/../lib/gcc/arm-none-eabi/13.2.1/thumb/v6-m/nofp/libgcc.a(_dvmd_tls.o)
                              CMakeFiles/hw4.dir/Users/ichen/Pico/pico-sdk/src/rp2_common/pico_divider/divider.S.obj (__aeabi_idiv0)
/Applications/ArmGNUToolchain/13.2.Rel1/arm-none-eabi/bin/../lib/gcc/arm-none-eabi/13.2.1/../../../../arm-none-eabi/lib/thumb/v6-m/nofp/libg.a(libc_a-calloc.o)
                              CMakeFiles/hw4.dir/Users/ichen/Pico/pico-sdk/src/rp2_common/pico_malloc/pico_malloc.c.obj (calloc)
/Applications/ArmGNUToolchain/13.2.Rel1/arm-none-eabi/bin/../lib/gcc/arm-none-eabi/13.2.1/../../../../arm-none-eabi/lib/thumb/v6-m/nofp/libg.a(libc_a-callocr.o)
                              /Applications/ArmGNUToolchain/13.2.Rel1/arm-none-eabi/bin/../lib/gcc/arm-none-eabi/13.2.1/../../../../arm-none-eabi/lib/thumb/v6-m/nofp/libg.a(libc_a-calloc.o) (_calloc_r)
/Applications/ArmGNUToolchain/13.2.Rel1/arm-none-eabi/bin/../lib/gcc/arm-none-eabi/13.2.1/../../../../arm-none-eabi/lib/thumb/v6-m/nofp/libg.a(libc_a-malloc.o)
                              CMakeFiles/hw4.dir/Users/ichen/Pico/pico-sdk/src/rp2_common/pico_malloc/pico_malloc.c.obj (malloc)
/Applications/ArmGNUToolchain/13.2.Rel1/arm-none-eabi/bin/../lib/gcc/arm-none-eabi/13.2.1/../../../../arm-none-eabi/lib/thumb/v6-m/nofp/libg.a(libc_a-mallocr.o)
                              /Applications/ArmGNUToolchain/13.2.Rel1/arm-none-eabi/bin/../lib/gcc/arm-none-eabi/13.2.1/../../../../arm-none-eabi/lib/thumb/v6-m/nofp/libg.a(libc_a-callocr.o) (_malloc_r)
/Applications/ArmGNUToolchain/13.2.Rel1/arm-none-eabi/bin/../lib/gcc/arm-none-eabi/13.2.1/../../../../arm-none-eabi/lib/thumb/v6-m/nofp/libg.a(libc_a-mlock.o)
                              /Applications/ArmGNUToolchain/13.2.Rel1/arm-none-eabi/bin/../lib/gcc/arm-none-eabi/13.2.1/../../../../arm-none-eabi/lib/thumb/v6-m/nofp/libg.a(libc_a-mallocr.o) (__malloc_lock)
/Applications/ArmGNUToolchain/13.2.Rel1/arm-none-eabi/bin/../lib/gcc/arm-none-eabi/13.2.1/../../../../arm-none-eabi/lib/thumb/v6-m/nofp/libg.a(libc_a-realloc.o)
                              CMakeFiles/hw4.dir/Users/ichen/Pico/pico-sdk/src/rp2_common/pico_malloc/pico_malloc.c.obj (realloc)
/Applications/ArmGNUToolchain/13.2.Rel1/arm-none-eabi/bin/../lib/gcc/arm-none-eabi/13.2.1/../../../../arm-none-eabi/lib/thumb/v6-m/nofp/libg.a(libc_a-reallocr.o)
                              /Applications/ArmGNUToolchain/13.2.Rel1/arm-none-eabi/bin/../lib/gcc/arm-none-eabi/13.2.1/../../../../arm-none-eabi/lib/thumb/v6-m/nofp/libg.a(libc_a-realloc.o) (_realloc_r)
/Applications/ArmGNUToolchain/13.2.Rel1/arm-none-eabi/bin/../lib/gcc/arm-none-eabi/13.2.1/../../../../arm-none-eabi/lib/thumb/v6-m/nofp/libg.a(libc_a-memmove.o)
                              /Applications/ArmGNUToolchain/13.2.Rel1/arm-none-eabi/bin/../lib/gcc/arm-none-eabi/13.2.1/../../../../arm-none-eabi/lib/thumb/v6-m/nofp/libg.a(libc_a-reallocr.o) (memmove)
/Applications/ArmGNUToolchain/13.2.Rel1/arm-none-eabi/bin/../lib/gcc/arm-none-eabi/13.2.1/../../../../arm-none-eabi/lib/thumb/v6-m/nofp/libg.a(libc_a-impure.o)
                              /Applications/ArmGNUToolchain/13.2.Rel1/arm-none-eabi/bin/../lib/gcc/arm-none-eabi/13.2.1/../../../../arm-none-eabi/lib/thumb/v6-m/nofp/libg.a(libc_a-calloc.o) (_impure_ptr)
/Applications/ArmGNUToolchain/13.2.Rel1/arm-none-eabi/bin/../lib/gcc/arm-none-eabi/13.2.1/../../../../arm-none-eabi/lib/thumb/v6-m/nofp/libg.a(libc_a-sbrkr.o)
                              /Applications/ArmGNUToolchain/13.2.Rel1/arm-none-eabi/bin/../lib/gcc/arm-none-eabi/13.2.1/../../../../arm-none-eabi/lib/thumb/v6-m/nofp/libg.a(libc_a-mallocr.o) (_sbrk_r)
/Applications/ArmGNUToolchain/13.2.Rel1/arm-none-eabi/bin/../lib/gcc/arm-none-eabi/13.2.1/../../../../arm-none-eabi/lib/thumb/v6-m/nofp/libg.a(libc_a-errno.o)
                              /Applications/ArmGNUToolchain/13.2.Rel1/arm-none-eabi/bin/../lib/gcc/arm-none-eabi/13.2.1/../../../../arm-none-eabi/lib/thumb/v6-m/nofp/libg.a(libc_a-callocr.o) (__errno)
/Applications/ArmGNUToolchain/13.2.Rel1/arm-none-eabi/bin/../lib/gcc/arm-none-eabi/13.2.1/../../../../arm-none-eabi/lib/thumb/v6-m/nofp/libg.a(libc_a-sysconf.o)
                              /Applications/ArmGNUToolchain/13.2.Rel1/arm-none-eabi/bin/../lib/gcc/arm-none-eabi/13.2.1/../../../../arm-none-eabi/lib/thumb/v6-m/nofp/libg.a(libc_a-mallocr.o) (sysconf)
/Applications/ArmGNUToolchain/13.2.Rel1/arm-none-eabi/bin/../lib/gcc/arm-none-eabi/13.2.1/../../../../arm-none-eabi/lib/thumb/v6-m/nofp/libg.a(libc_a-init.o)
                              /Applications/ArmGNUToolchain/13.2.Rel1/arm-none-eabi/bin/../lib/gcc/arm-none-eabi/13.2.1/../../../../arm-none-eabi/lib/thumb/v6-m/nofp/crt0.o (__libc_init_array)
/Applications/ArmGNUToolchain/13.2.Rel1/arm-none-eabi/bin/../lib/gcc/arm-none-eabi/13.2.1/../../../../arm-none-eabi/lib/thumb/v6-m/nofp/libg.a(libc_a-lock.o)
[...]
Memory Configuration

Name             Origin             Length             Attributes
FLASH            0x10000000         0x00200000         xr
RAM              0x20000000         0x00040000         xrw
SCRATCH_X        0x20040000         0x00001000         xrw
SCRATCH_Y        0x20041000         0x00001000         xrw
*default*        0x00000000         0xffffffff

Linker script and memory map

LOAD /Applications/ArmGNUToolchain/13.2.Rel1/arm-none-eabi/bin/../lib/gcc/arm-none-eabi/13.2.1/thumb/v6-m/nofp/crti.o
LOAD /Applications/ArmGNUToolchain/13.2.Rel1/arm-none-eabi/bin/../lib/gcc/arm-none-eabi/13.2.1/thumb/v6-m/nofp/crtbegin.o
LOAD /Applications/ArmGNUToolchain/13.2.Rel1/arm-none-eabi/bin/../lib/gcc/arm-none-eabi/13.2.1/../../../../arm-none-eabi/lib/thumb/v6-m/nofp/crt0.o

.flash_begin    0x10000000        0x0
                0x10000000                        __flash_binary_start = .

.boot2          0x10000000      0x100
                0x10000000                        __boot2_start__ = .
 *(.boot2)
 .boot2         0x10000000      0x100 /var/folders/3k/8ryb2jqn3xj2j2f20wxkj_2h0000gn/T//ccltnCRk.o
                0x10000100                        __boot2_end__ = .
                0x00000001                        ASSERT (((__boot2_end__ - __boot2_start__) == 0x100), ERROR: Pico second stage bootloader must be 256 bytes in size)

.text           0x10000100     0x4f38
                0x10000100                        __logical_binary_start = .
 *(.vectors)
 .vectors       0x10000100       0xd4 CMakeFiles/hw4.dir/Users/ichen/Pico/pico-sdk/src/rp2_common/pico_standard_link/crt0.S.obj
                0x10000100                __VECTOR_TABLE
                0x10000100                __vectors
                0x100001c0                __default_isrs_start
                0x100001c0                isr_invalid
                0x100001c2                isr_nmi
                0x100001c4                isr_hardfault
                0x100001c6                isr_svcall
                0x100001c8                isr_pendsv
                0x100001ca                isr_systick
                0x100001cc                isr_irq28
                0x100001cc                isr_irq19
                0x100001cc                isr_irq0
                0x100001cc                isr_irq6
                0x100001cc                isr_irq22
                0x100001cc                isr_irq17
                0x100001cc                isr_irq14
                0x100001cc                isr_irq2
                0x100001cc                isr_irq10
                0x100001cc                isr_irq8
                0x100001cc                isr_irq24
                0x100001cc                isr_irq1
                0x100001cc                isr_irq7
                0x100001cc                isr_irq21
                0x100001cc                isr_irq20
                0x100001cc                isr_irq15
                0x100001cc                isr_irq25
                0x100001cc                isr_irq4
                0x100001cc                isr_irq16
                0x100001cc                isr_irq29
                0x100001cc                isr_irq26
                0x100001cc                __default_isrs_end
                0x100001cc                isr_irq3
                0x100001cc                isr_irq9
                0x100001cc                __unhandled_user_irq
                0x100001cc                isr_irq13
                0x100001cc                isr_irq27
                0x100001cc                isr_irq31
                0x100001cc                isr_irq5
                0x100001cc                isr_irq11
                0x100001cc                isr_irq23
                0x100001cc                isr_irq18
                0x100001cc                isr_irq30
                0x100001cc                isr_irq12
                0x100001d2                unhandled_user_irq_num_in_r0
 *(.binary_info_header)
 .binary_info_header
                0x100001d4       0x14 CMakeFiles/hw4.dir/Users/ichen/Pico/pico-sdk/src/rp2_common/pico_standard_link/crt0.S.obj
                0x100001e8                        __binary_info_header_end = .
 *(.reset)
 .reset         0x100001e8       0xa0 CMakeFiles/hw4.dir/Users/ichen/Pico/pico-sdk/src/rp2_common/pico_standard_link/crt0.S.obj
                0x100001e8                _entry_point
 .reset         0x10000288       0x30 CMakeFiles/hw4.dir/Users/ichen/Pico/pico-sdk/src/rp2_common/pico_standard_link/binary_info.c.obj
 *(.init)
 .init          0x100002b8        0x4 /Applications/ArmGNUToolchain/13.2.Rel1/arm-none-eabi/bin/../lib/gcc/arm-none-eabi/13.2.1/thumb/v6-m/nofp/crti.o
                0x100002b8                _init
 *(EXCLUDE_FILE(*libm.a: *libc.a:*lib_a-mem*.o *libgcc.a:) .text*)
 .text.register_tm_clones
                0x100002bc       0x28 /Applications/ArmGNUToolchain/13.2.Rel1/arm-none-eabi/bin/../lib/gcc/arm-none-eabi/13.2.1/thumb/v6-m/nofp/crtbegin.o
 .text.frame_dummy
                0x100002e4       0x24 /Applications/ArmGNUToolchain/13.2.Rel1/arm-none-eabi/bin/../lib/gcc/arm-none-eabi/13.2.1/thumb/v6-m/nofp/crtbegin.o
 .text.sendSPI  0x10000308       0x58 CMakeFiles/hw4.dir/hw4.c.obj
 .text.main     0x10000360      0x128 CMakeFiles/hw4.dir/hw4.c.obj
                0x10000360                main
 .text.gpio_set_function
                0x10000488       0x30 CMakeFiles/hw4.dir/Users/ichen/Pico/pico-sdk/src/rp2_common/hardware_gpio/gpio.c.obj
                0x10000488                gpio_set_function
 .text.gpio_init
                0x100004b8       0x16 CMakeFiles/hw4.dir/Users/ichen/Pico/pico-sdk/src/rp2_common/hardware_gpio/gpio.c.obj
                0x100004b8                gpio_init
 *fill*         0x100004ce        0x2 
 .text.running_on_fpga
                0x100004d0       0x14 CMakeFiles/hw4.dir/Users/ichen/Pico/pico-sdk/src/rp2_common/pico_platform/platform.c.obj
                0x100004d0                running_on_fpga
 .text.hw_claim_lock
                0x100004e4       0x18 CMakeFiles/hw4.dir/Users/ichen/Pico/pico-sdk/src/rp2_common/hardware_claim/claim.c.obj
                0x100004e4                hw_claim_lock
 .text.hw_claim_unlock
                0x100004fc       0x14 CMakeFiles/hw4.dir/Users/ichen/Pico/pico-sdk/src/rp2_common/hardware_claim/claim.c.obj
                0x100004fc                hw_claim_unlock
 .text.hw_claim_or_assert
                0x10000510       0x32 CMakeFiles/hw4.dir/Users/ichen/Pico/pico-sdk/src/rp2_common/hardware_claim/claim.c.obj
                0x10000510                hw_claim_or_assert
 *fill*         0x10000542        0x2 
 .text.spin_locks_reset
                0x10000544       0x20 CMakeFiles/hw4.dir/Users/ichen/Pico/pico-sdk/src/rp2_common/hardware_sync/sync.c.obj
                0x10000544                spin_locks_reset
 .text.next_striped_spin_lock_num
                0x10000564       0x1c CMakeFiles/hw4.dir/Users/ichen/Pico/pico-sdk/src/rp2_common/hardware_sync/sync.c.obj
                0x10000564                next_striped_spin_lock_num
 .text.set_raw_irq_handler_and_unlock
                0x10000580       0x28 CMakeFiles/hw4.dir/Users/ichen/Pico/pico-sdk/src/rp2_common/hardware_irq/irq.c.obj
 .text.resolve_branch
                0x100005a8       0x30 CMakeFiles/hw4.dir/Users/ichen/Pico/pico-sdk/src/rp2_common/hardware_irq/irq.c.obj
 .text.make_branch
                0x100005d8       0x48 CMakeFiles/hw4.dir/Users/ichen/Pico/pico-sdk/src/rp2_common/hardware_irq/irq.c.obj
 .text.insert_branch_and_link
                0x10000620       0x40 CMakeFiles/hw4.dir/Users/ichen/Pico/pico-sdk/src/rp2_common/hardware_irq/irq.c.obj
 .text.irq_is_enabled
                0x10000660       0x18 CMakeFiles/hw4.dir/Users/ichen/Pico/pico-sdk/src/rp2_common/hardware_irq/irq.c.obj
                0x10000660                irq_is_enabled
 .text.irq_set_mask_enabled
                0x10000678       0x20 CMakeFiles/hw4.dir/Users/ichen/Pico/pico-sdk/src/rp2_common/hardware_irq/irq.c.obj
                0x10000678                irq_set_mask_enabled
 .text.irq_set_enabled
                0x10000698        0xe CMakeFiles/hw4.dir/Users/ichen/Pico/pico-sdk/src/rp2_common/hardware_irq/irq.c.obj
                0x10000698                irq_set_enabled
 *fill*         0x100006a6        0x2 
 .text.irq_get_vtable_handler
                0x100006a8       0x10 CMakeFiles/hw4.dir/Users/ichen/Pico/pico-sdk/src/rp2_common/hardware_irq/irq.c.obj
                0x100006a8                irq_get_vtable_handler
 .text.irq_set_exclusive_handler
                0x100006b8       0x54 CMakeFiles/hw4.dir/Users/ichen/Pico/pico-sdk/src/rp2_common/hardware_irq/irq.c.obj
                0x100006b8                irq_set_exclusive_handler
 .text.irq_remove_handler
                0x1000070c      0x188 CMakeFiles/hw4.dir/Users/ichen/Pico/pico-sdk/src/rp2_common/hardware_irq/irq.c.obj
                0x1000070c                irq_remove_handler
 .text.irq_add_tail_to_free_list
                0x10000894       0xf0 CMakeFiles/hw4.dir/Users/ichen/Pico/pico-sdk/src/rp2_common/hardware_irq/irq.c.obj
                0x10000894                irq_add_tail_to_free_list
 .text.irq_init_priorities
                0x10000984       0x1c CMakeFiles/hw4.dir/Users/ichen/Pico/pico-sdk/src/rp2_common/hardware_irq/irq.c.obj
                0x10000984                irq_init_priorities
 .text.lock_init
                0x100009a0       0x10 CMakeFiles/hw4.dir/Users/ichen/Pico/pico-sdk/src/common/pico_sync/lock_core.c.obj
                0x100009a0                lock_init
 .text.mutex_init
                0x100009b0       0x1a CMakeFiles/hw4.dir/Users/ichen/Pico/pico-sdk/src/common/pico_sync/mutex.c.obj
                0x100009b0                mutex_init
 .text.recursive_mutex_init
                0x100009ca       0x1e CMakeFiles/hw4.dir/Users/ichen/Pico/pico-sdk/src/common/pico_sync/mutex.c.obj
                0x100009ca                recursive_mutex_init
 .text.time_reached
                0x100009e8       0x28 CMakeFiles/hw4.dir/Users/ichen/Pico/pico-sdk/src/common/pico_time/time.c.obj
 .text.get_entry
                0x10000a10       0x38 CMakeFiles/hw4.dir/Users/ichen/Pico/pico-sdk/src/common/pico_time/time.c.obj
 .text.timer_pool_entry_comparator
                0x10000a48       0x2e CMakeFiles/hw4.dir/Users/ichen/Pico/pico-sdk/src/common/pico_time/time.c.obj
                0x10000a48                timer_pool_entry_comparator
 *fill*         0x10000a76        0x2 
 .text.update_us_since_boot
                0x10000a78       0x24 CMakeFiles/hw4.dir/Users/ichen/Pico/pico-sdk/src/common/pico_time/time.c.obj
 .text.delayed_by_us
                0x10000a9c       0x34 CMakeFiles/hw4.dir/Users/ichen/Pico/pico-sdk/src/common/pico_time/time.c.obj
 .text.ph_get_node
                0x10000ad0       0x30 CMakeFiles/hw4.dir/Users/ichen/Pico/pico-sdk/src/common/pico_time/time.c.obj
 .text.ph_contains_node
                0x10000b00       0x1e CMakeFiles/hw4.dir/Users/ichen/Pico/pico-sdk/src/common/pico_time/time.c.obj
 .text.ph_new_node
                0x10000b1e       0x28 CMakeFiles/hw4.dir/Users/ichen/Pico/pico-sdk/src/common/pico_time/time.c.obj
 *fill*         0x10000b46        0x2 
 .text.ph_add_child_node
                0x10000b48       0x6c CMakeFiles/hw4.dir/Users/ichen/Pico/pico-sdk/src/common/pico_time/time.c.obj
 .text.ph_merge_nodes
                0x10000bb4       0x3e CMakeFiles/hw4.dir/Users/ichen/Pico/pico-sdk/src/common/pico_time/time.c.obj
 *fill*         0x10000bf2        0x2 
 .text.ph_insert_node
                0x10000bf4       0x3c CMakeFiles/hw4.dir/Users/ichen/Pico/pico-sdk/src/common/pico_time/time.c.obj
 .text.ph_free_node
                0x10000c30       0x5c CMakeFiles/hw4.dir/Users/ichen/Pico/pico-sdk/src/common/pico_time/time.c.obj
 .text.get_entry_id_high
                0x10000c8c       0x30 CMakeFiles/hw4.dir/Users/ichen/Pico/pico-sdk/src/common/pico_time/time.c.obj
 .text.alarm_pool_post_alloc_init
                0x10000cbc       0x40 CMakeFiles/hw4.dir/Users/ichen/Pico/pico-sdk/src/common/pico_time/time.c.obj
 .text.sleep_until_callback
                0x10000cfc       0x30 CMakeFiles/hw4.dir/Users/ichen/Pico/pico-sdk/src/common/pico_time/time.c.obj
 .text.get_absolute_time
                0x10000d2c       0x22 CMakeFiles/hw4.dir/Users/ichen/Pico/pico-sdk/src/common/pico_time/time.c.obj
 .text.make_timeout_time_us
                0x10000d4e       0x24 CMakeFiles/hw4.dir/Users/ichen/Pico/pico-sdk/src/common/pico_time/time.c.obj
 *fill*         0x10000d72        0x2 
 .text.add_alarm_under_lock
                0x10000d74       0x94 CMakeFiles/hw4.dir/Users/ichen/Pico/pico-sdk/src/common/pico_time/time.c.obj
 .text.alarm_pool_alarm_callback
                0x10000e08      0x210 CMakeFiles/hw4.dir/Users/ichen/Pico/pico-sdk/src/common/pico_time/time.c.obj
 .text.alarm_pool_init_default
                0x10001018       0x40 CMakeFiles/hw4.dir/Users/ichen/Pico/pico-sdk/src/common/pico_time/time.c.obj
                0x10001018                alarm_pool_init_default
 .text.alarm_pool_get_default
                0x10001058       0x2c CMakeFiles/hw4.dir/Users/ichen/Pico/pico-sdk/src/common/pico_time/time.c.obj
                0x10001058                alarm_pool_get_default
 .text.alarm_pool_add_alarm_at
                0x10001084      0x10e CMakeFiles/hw4.dir/Users/ichen/Pico/pico-sdk/src/common/pico_time/time.c.obj
                0x10001084                alarm_pool_add_alarm_at
 .text.add_alarm_at
                0x10001192       0x2e CMakeFiles/hw4.dir/Users/ichen/Pico/pico-sdk/src/common/pico_time/time.c.obj
 .text.alarm_pool_cancel_alarm
                0x100011c0       0xa8 CMakeFiles/hw4.dir/Users/ichen/Pico/pico-sdk/src/common/pico_time/time.c.obj
                0x100011c0                alarm_pool_cancel_alarm
 .text.cancel_alarm
                0x10001268       0x10 CMakeFiles/hw4.dir/Users/ichen/Pico/pico-sdk/src/common/pico_time/time.c.obj
 .text.sleep_until
                0x10001278       0xb0 CMakeFiles/hw4.dir/Users/ichen/Pico/pico-sdk/src/common/pico_time/time.c.obj
                0x10001278                sleep_until
 .text.sleep_us
                0x10001328       0x1a CMakeFiles/hw4.dir/Users/ichen/Pico/pico-sdk/src/common/pico_time/time.c.obj
                0x10001328                sleep_us
 .text.sleep_ms
                0x10001342       0x14 CMakeFiles/hw4.dir/Users/ichen/Pico/pico-sdk/src/common/pico_time/time.c.obj
                0x10001342                sleep_ms
 *fill*         0x10001356        0x2 
 .text.best_effort_wfe_or_timeout
                0x10001358       0x44 CMakeFiles/hw4.dir/Users/ichen/Pico/pico-sdk/src/common/pico_time/time.c.obj
                0x10001358                best_effort_wfe_or_timeout
 .text.update_us_since_boot
                0x1000139c       0x24 CMakeFiles/hw4.dir/Users/ichen/Pico/pico-sdk/src/rp2_common/hardware_timer/timer.c.obj
 .text.hardware_alarm_irq_handler
                0x100013c0       0x8c CMakeFiles/hw4.dir/Users/ichen/Pico/pico-sdk/src/rp2_common/hardware_timer/timer.c.obj
 .text.hardware_alarm_claim
                0x1000144c       0x18 CMakeFiles/hw4.dir/Users/ichen/Pico/pico-sdk/src/rp2_common/hardware_timer/timer.c.obj
                0x1000144c                hardware_alarm_claim
 .text.time_us_64
                0x10001464       0x18 CMakeFiles/hw4.dir/Users/ichen/Pico/pico-sdk/src/rp2_common/hardware_timer/timer.c.obj
                0x10001464                time_us_64
 .text.busy_wait_until
                0x1000147c       0x28 CMakeFiles/hw4.dir/Users/ichen/Pico/pico-sdk/src/rp2_common/hardware_timer/timer.c.obj
                0x1000147c                busy_wait_until
 .text.busy_wait_us
                0x100014a4       0x3a CMakeFiles/hw4.dir/Users/ichen/Pico/pico-sdk/src/rp2_common/hardware_timer/timer.c.obj
                0x100014a4                busy_wait_us
 *fill*         0x100014de        0x2 
 .text.hardware_alarm_set_callback
                0x100014e0       0x90 CMakeFiles/hw4.dir/Users/ichen/Pico/pico-sdk/src/rp2_common/hardware_timer/timer.c.obj
                0x100014e0                hardware_alarm_set_callback
 .text.hardware_alarm_set_target
                0x10001570       0xe8 CMakeFiles/hw4.dir/Users/ichen/Pico/pico-sdk/src/rp2_common/hardware_timer/timer.c.obj
                0x10001570                hardware_alarm_set_target
 .text.hardware_alarm_cancel
                0x10001658       0x40 CMakeFiles/hw4.dir/Users/ichen/Pico/pico-sdk/src/rp2_common/hardware_timer/timer.c.obj
                0x10001658                hardware_alarm_cancel
 .text.ph_get_node
                0x10001698       0x30 CMakeFiles/hw4.dir/Users/ichen/Pico/pico-sdk/src/common/pico_util/pheap.c.obj
 .text.ph_add_child_node
                0x100016c8       0x6c CMakeFiles/hw4.dir/Users/ichen/Pico/pico-sdk/src/common/pico_util/pheap.c.obj
 .text.ph_merge_nodes
                0x10001734       0x3e CMakeFiles/hw4.dir/Users/ichen/Pico/pico-sdk/src/common/pico_util/pheap.c.obj
 .text.ph_clear
                0x10001772       0x34 CMakeFiles/hw4.dir/Users/ichen/Pico/pico-sdk/src/common/pico_util/pheap.c.obj
                0x10001772                ph_clear
 .text.ph_post_alloc_init
                0x100017a6        0xe CMakeFiles/hw4.dir/Users/ichen/Pico/pico-sdk/src/common/pico_util/pheap.c.obj
                0x100017a6                ph_post_alloc_init
 .text.ph_merge_two_pass
                0x100017b4       0x5c CMakeFiles/hw4.dir/Users/ichen/Pico/pico-sdk/src/common/pico_util/pheap.c.obj
                0x100017b4                ph_merge_two_pass
 .text.ph_remove_any_head
                0x10001810       0xc0 CMakeFiles/hw4.dir/Users/ichen/Pico/pico-sdk/src/common/pico_util/pheap.c.obj
 .text.ph_remove_head
                0x100018d0       0x14 CMakeFiles/hw4.dir/Users/ichen/Pico/pico-sdk/src/common/pico_util/pheap.c.obj
                0x100018d0                ph_remove_head
 .text.ph_remove_and_free_node
                0x100018e4       0xa0 CMakeFiles/hw4.dir/Users/ichen/Pico/pico-sdk/src/common/pico_util/pheap.c.obj
                0x100018e4                ph_remove_and_free_node
 .text.uart_disable_before_lcr_write
                0x10001984       0x48 CMakeFiles/hw4.dir/Users/ichen/Pico/pico-sdk/src/rp2_common/hardware_uart/uart.c.obj
 .text.uart_write_lcr_bits_masked
                0x100019cc       0x22 CMakeFiles/hw4.dir/Users/ichen/Pico/pico-sdk/src/rp2_common/hardware_uart/uart.c.obj
 *fill*         0x100019ee        0x2 
 .text.uart_set_baudrate
                0x100019f0       0x5c CMakeFiles/hw4.dir/Users/ichen/Pico/pico-sdk/src/rp2_common/hardware_uart/uart.c.obj
                0x100019f0                uart_set_baudrate
 .text.uart_set_format
                0x10001a4c       0x2c CMakeFiles/hw4.dir/Users/ichen/Pico/pico-sdk/src/rp2_common/hardware_uart/uart.c.obj
                0x10001a4c                uart_set_format
 .text.uart_set_translate_crlf
                0x10001a78       0x28 CMakeFiles/hw4.dir/Users/ichen/Pico/pico-sdk/src/rp2_common/hardware_uart/uart.c.obj
                0x10001a78                uart_set_translate_crlf
 .text.uart_init
                0x10001aa0       0x80 CMakeFiles/hw4.dir/Users/ichen/Pico/pico-sdk/src/rp2_common/hardware_uart/uart.c.obj
                0x10001aa0                uart_init
 .text.clock_configure
                0x10001b20      0x108 CMakeFiles/hw4.dir/Users/ichen/Pico/pico-sdk/src/rp2_common/hardware_clocks/clocks.c.obj
                0x10001b20                clock_configure
 .text.clocks_init
                0x10001c28      0x100 CMakeFiles/hw4.dir/Users/ichen/Pico/pico-sdk/src/rp2_common/hardware_clocks/clocks.c.obj
                0x10001c28                clocks_init
 .text.clock_get_hz
                0x10001d28        0xc CMakeFiles/hw4.dir/Users/ichen/Pico/pico-sdk/src/rp2_common/hardware_clocks/clocks.c.obj
                0x10001d28                clock_get_hz
 .text.pll_init
                0x10001d34      0x120 CMakeFiles/hw4.dir/Users/ichen/Pico/pico-sdk/src/rp2_common/hardware_pll/pll.c.obj
                0x10001d34                pll_init
 .text.watchdog_start_tick
                0x10001e54       0x10 CMakeFiles/hw4.dir/Users/ichen/Pico/pico-sdk/src/rp2_common/hardware_watchdog/watchdog.c.obj
                0x10001e54                watchdog_start_tick
 .text.xosc_init
                0x10001e64       0x28 CMakeFiles/hw4.dir/Users/ichen/Pico/pico-sdk/src/rp2_common/hardware_xosc/xosc.c.obj
                0x10001e64                xosc_init
 .text._exit    0x10001e8c        0x4 CMakeFiles/hw4.dir/Users/ichen/Pico/pico-sdk/src/rp2_common/pico_runtime/runtime.c.obj
                0x10001e8c                _exit
 .text.exit     0x10001e90        0x6 CMakeFiles/hw4.dir/Users/ichen/Pico/pico-sdk/src/rp2_common/pico_runtime/runtime.c.obj
                0x10001e90                exit
 *fill*         0x10001e96        0x2 
 .text.__assert_func
                0x10001e98       0x38 CMakeFiles/hw4.dir/Users/ichen/Pico/pico-sdk/src/rp2_common/pico_runtime/runtime.c.obj
                0x10001e98                __assert_func
 .text.runtime_init
                0x10001ed0       0xf8 CMakeFiles/hw4.dir/Users/ichen/Pico/pico-sdk/src/rp2_common/pico_runtime/runtime.c.obj
                0x10001ed0                runtime_init
 .text.panic    0x10001fc8       0x30 CMakeFiles/hw4.dir/Users/ichen/Pico/pico-sdk/src/rp2_common/pico_runtime/runtime.c.obj
                0x10001fc8                panic
 .text._out_null
                0x10001ff8        0x2 CMakeFiles/hw4.dir/Users/ichen/Pico/pico-sdk/src/rp2_common/pico_printf/printf.c.obj
 .text._out_fct
                0x10001ffa        0xe CMakeFiles/hw4.dir/Users/ichen/Pico/pico-sdk/src/rp2_common/pico_printf/printf.c.obj
 .text._atoi    0x10002008       0x24 CMakeFiles/hw4.dir/Users/ichen/Pico/pico-sdk/src/rp2_common/pico_printf/printf.c.obj
 .text._out_rev
                0x1000202c       0xae CMakeFiles/hw4.dir/Users/ichen/Pico/pico-sdk/src/rp2_common/pico_printf/printf.c.obj
 .text._ntoa_format
                0x100020da      0x110 CMakeFiles/hw4.dir/Users/ichen/Pico/pico-sdk/src/rp2_common/pico_printf/printf.c.obj
 .text._ntoa_long
                0x100021ea       0xbc CMakeFiles/hw4.dir/Users/ichen/Pico/pico-sdk/src/rp2_common/pico_printf/printf.c.obj
 .text._ntoa_long_long
                0x100022a6      0x10e CMakeFiles/hw4.dir/Users/ichen/Pico/pico-sdk/src/rp2_common/pico_printf/printf.c.obj
 .text._etoa    0x100023b4      0x420 CMakeFiles/hw4.dir/Users/ichen/Pico/pico-sdk/src/rp2_common/pico_printf/printf.c.obj
 .text._ftoa    0x100027d4      0x354 CMakeFiles/hw4.dir/Users/ichen/Pico/pico-sdk/src/rp2_common/pico_printf/printf.c.obj
 .text._vsnprintf
                0x10002b28      0x668 CMakeFiles/hw4.dir/Users/ichen/Pico/pico-sdk/src/rp2_common/pico_printf/printf.c.obj
 .text.vfctprintf
                0x10003190       0x20 CMakeFiles/hw4.dir/Users/ichen/Pico/pico-sdk/src/rp2_common/pico_printf/printf.c.obj
                0x10003190                vfctprintf
 .text          0x100031b0       0x10 CMakeFiles/hw4.dir/Users/ichen/Pico/pico-sdk/src/rp2_common/pico_bit_ops/bit_ops_aeabi.S.obj
 .text.rom_func_lookup
                0x100031c0       0x10 CMakeFiles/hw4.dir/Users/ichen/Pico/pico-sdk/src/rp2_common/pico_bootrom/bootrom.c.obj
                0x100031c0                rom_func_lookup
 .text.rom_data_lookup
                0x100031d0       0x10 CMakeFiles/hw4.dir/Users/ichen/Pico/pico-sdk/src/rp2_common/pico_bootrom/bootrom.c.obj
                0x100031d0                rom_data_lookup
 .text.rom_funcs_lookup
                0x100031e0       0x36 CMakeFiles/hw4.dir/Users/ichen/Pico/pico-sdk/src/rp2_common/pico_bootrom/bootrom.c.obj
                0x100031e0                rom_funcs_lookup
 *fill*         0x10003216        0x2 
 .text.__wrap___aeabi_idiv
                0x10003218       0x50 CMakeFiles/hw4.dir/Users/ichen/Pico/pico-sdk/src/rp2_common/pico_divider/divider.S.obj
                0x10003218                __wrap___aeabi_idivmod
                0x10003218                divmod_s32s32
                0x10003218                div_s32s32
                0x10003218                __wrap___aeabi_idiv
                0x10003220                divmod_s32s32_unsafe
                0x1000324c                divmod_s32s32_savestate
 .text.__wrap___aeabi_uidiv
                0x10003268       0x4c CMakeFiles/hw4.dir/Users/ichen/Pico/pico-sdk/src/rp2_common/pico_divider/divider.S.obj
                0x10003268                __wrap___aeabi_uidiv
                0x10003268                __wrap___aeabi_uidivmod
                0x10003268                div_u32u32
                0x10003268                divmod_u32u32
                0x10003270                divmod_u32u32_unsafe
                0x10003298                divmod_u32u32_savestate
 .text.__wrap___aeabi_ldiv
                0x100032b4      0x424 CMakeFiles/hw4.dir/Users/ichen/Pico/pico-sdk/src/rp2_common/pico_divider/divider.S.obj
                0x100032b4                __wrap___aeabi_ldivmod
                0x100032b4                div_s64s64
                0x100032b4                divmod_s64s64
                0x100032e4                divmod_u64u64
                0x100032e4                div_u64u64
                0x100032e4                __wrap___aeabi_uldivmod
                0x100032f4                divmod_u64u64_savestate
                0x10003314                divmod_s64s64_unsafe
                0x1000339c                divmod_u64u64_unsafe
 .text.push_r8_r11
                0x100036d8        0xc CMakeFiles/hw4.dir/Users/ichen/Pico/pico-sdk/src/rp2_common/pico_double/double_aeabi.S.obj
                0x100036d8                push_r8_r11
 .text.pop_r8_r11
                0x100036e4        0xc CMakeFiles/hw4.dir/Users/ichen/Pico/pico-sdk/src/rp2_common/pico_double/double_aeabi.S.obj
                0x100036e4                pop_r8_r11
 .text.__wrap___aeabi_darithmetic
                0x100036f0       0x80 CMakeFiles/hw4.dir/Users/ichen/Pico/pico-sdk/src/rp2_common/pico_double/double_aeabi.S.obj
                0x100036f0                __wrap___aeabi_drsub
                0x100036f6                __wrap___aeabi_dsub
                0x10003708                __wrap___aeabi_dadd
                0x1000371a                __wrap___aeabi_ddiv
                0x10003756                __wrap___aeabi_dmul
 .text.__wrap___aeabi_cdcmple
                0x10003770       0x6c CMakeFiles/hw4.dir/Users/ichen/Pico/pico-sdk/src/rp2_common/pico_double/double_aeabi.S.obj
                0x10003770                __wrap___aeabi_cdrcmple
                0x10003780                __wrap___aeabi_cdcmple
                0x10003780                __wrap___aeabi_cdcmpeq
 .text.__wrap___aeabi_dcmplt
                0x100037dc        0xc CMakeFiles/hw4.dir/Users/ichen/Pico/pico-sdk/src/rp2_common/pico_double/double_aeabi.S.obj
                0x100037dc                __wrap___aeabi_dcmplt
 .text.__wrap___aeabi_dcmple
                0x100037e8       0x10 CMakeFiles/hw4.dir/Users/ichen/Pico/pico-sdk/src/rp2_common/pico_double/double_aeabi.S.obj
                0x100037e8                __wrap___aeabi_dcmple
 .text.__wrap___aeabi_dcmpge
                0x100037f8       0x10 CMakeFiles/hw4.dir/Users/ichen/Pico/pico-sdk/src/rp2_common/pico_double/double_aeabi.S.obj
                0x100037f8                __wrap___aeabi_dcmpge
 .text.__wrap___aeabi_dcmpgt
                0x10003808        0xa CMakeFiles/hw4.dir/Users/ichen/Pico/pico-sdk/src/rp2_common/pico_double/double_aeabi.S.obj
                0x10003808                __wrap___aeabi_dcmpgt
 .text.__wrap___aeabi_dcmpun
                0x10003812       0x1c CMakeFiles/hw4.dir/Users/ichen/Pico/pico-sdk/src/rp2_common/pico_double/double_aeabi.S.obj
                0x10003812                __wrap___aeabi_dcmpun
 *fill*         0x1000382e        0x2 
 .text.__wrap___aeabi_i2d
                0x10003830       0x38 CMakeFiles/hw4.dir/Users/ichen/Pico/pico-sdk/src/rp2_common/pico_double/double_aeabi.S.obj
                0x10003830                __wrap___aeabi_ui2d
                0x10003838                __wrap___aeabi_i2d
 .text.__wrap___aeabi_d2iz
                0x10003868       0x48 CMakeFiles/hw4.dir/Users/ichen/Pico/pico-sdk/src/rp2_common/pico_double/double_aeabi.S.obj
                0x10003868                __wrap___aeabi_d2iz
                0x10003868                double2int_z
 .text.__wrap___aeabi_d2uiz
                0x100038b0       0x18 CMakeFiles/hw4.dir/Users/ichen/Pico/pico-sdk/src/rp2_common/pico_double/double_aeabi.S.obj
                0x100038b0                double2uint
                0x100038b0                __wrap___aeabi_d2uiz
 .text.fix642double
                0x100038c8       0x18 CMakeFiles/hw4.dir/Users/ichen/Pico/pico-sdk/src/rp2_common/pico_double/double_aeabi.S.obj
                0x100038c8                fix642double
 .text.__wrap___aeabi_d2f
                0x100038e0       0x18 CMakeFiles/hw4.dir/Users/ichen/Pico/pico-sdk/src/rp2_common/pico_double/double_aeabi.S.obj
                0x100038e0                __wrap___aeabi_d2f
 .text.__wrap_sincostan_remainder
                0x100038f8       0x14 CMakeFiles/hw4.dir/Users/ichen/Pico/pico-sdk/src/rp2_common/pico_double/double_aeabi.S.obj
                0x100038f8                sincostan_remainder
 .text.__wrap_sin
                0x1000390c       0x2c CMakeFiles/hw4.dir/Users/ichen/Pico/pico-sdk/src/rp2_common/pico_double/double_aeabi.S.obj
                0x1000390c                __wrap_sin
 .text.__aeabi_double_init
                0x10003938       0xcc CMakeFiles/hw4.dir/Users/ichen/Pico/pico-sdk/src/rp2_common/pico_double/double_init_rom.c.obj
                0x10003938                __aeabi_double_init
 .text.drem_0   0x10003a04      0x122 CMakeFiles/hw4.dir/Users/ichen/Pico/pico-sdk/src/rp2_common/pico_double/double_math.c.obj
 *fill*         0x10003b26        0x2 
 .text.__wrap_remquo
                0x10003b28      0x164 CMakeFiles/hw4.dir/Users/ichen/Pico/pico-sdk/src/rp2_common/pico_double/double_math.c.obj
                0x10003b28                __wrap_remquo
 .text.__wrap_remainder
                0x10003c8c       0x10 CMakeFiles/hw4.dir/Users/ichen/Pico/pico-sdk/src/rp2_common/pico_double/double_math.c.obj
                0x10003c8c                __wrap_remainder
 .text.double_table_shim_on_use_helper
                0x10003c9c       0x34 CMakeFiles/hw4.dir/Users/ichen/Pico/pico-sdk/src/rp2_common/pico_double/double_v1_rom_shim.S.obj
                0x10003c9c                double_table_shim_on_use_helper
 .text.__wrap___aeabi_dsub
                0x10003cd0       0x10 CMakeFiles/hw4.dir/Users/ichen/Pico/pico-sdk/src/rp2_common/pico_double/double_v1_rom_shim.S.obj
                0x10003cd0                drsub_shim
                0x10003cd6                dsub_shim
 .text.dadd_shim
                0x10003ce0      0x15c CMakeFiles/hw4.dir/Users/ichen/Pico/pico-sdk/src/rp2_common/pico_double/double_v1_rom_shim.S.obj
                0x10003ce0                dadd_shim
 .text.dmul_shim
                0x10003e3c      0x15c CMakeFiles/hw4.dir/Users/ichen/Pico/pico-sdk/src/rp2_common/pico_double/double_v1_rom_shim.S.obj
                0x10003e3c                dmul_shim
 .text.ddiv_shim
                0x10003f98      0x1b0 CMakeFiles/hw4.dir/Users/ichen/Pico/pico-sdk/src/rp2_common/pico_double/double_v1_rom_shim.S.obj
                0x10003f98                ddiv_shim
 .text.dcordic_vec_step
                0x10004148        0xe CMakeFiles/hw4.dir/Users/ichen/Pico/pico-sdk/src/rp2_common/pico_double/double_v1_rom_shim.S.obj
                0x10004148                dcordic_vec_step
 .text.dcordic_rot_step
                0x10004156       0x76 CMakeFiles/hw4.dir/Users/ichen/Pico/pico-sdk/src/rp2_common/pico_double/double_v1_rom_shim.S.obj
                0x10004156                dcordic_rot_step
 .text.double2uint_shim
                0x100041cc        0xe CMakeFiles/hw4.dir/Users/ichen/Pico/pico-sdk/src/rp2_common/pico_double/double_v1_rom_shim.S.obj
                0x100041cc                double2uint_shim
                0x100041ce                double2ufix_shim
 .text.double2int64_shim
                0x100041da       0x1a CMakeFiles/hw4.dir/Users/ichen/Pico/pico-sdk/src/rp2_common/pico_double/double_v1_rom_shim.S.obj
                0x100041da                double2int64_shim
                0x100041dc                double2fix64_shim
 .text.double2uint64_shim
                0x100041f4       0x70 CMakeFiles/hw4.dir/Users/ichen/Pico/pico-sdk/src/rp2_common/pico_double/double_v1_rom_shim.S.obj
                0x100041f4                double2uint64_shim
                0x100041f6                double2ufix64_shim
                0x10004216                d2fix_a
 .text.double2float_shim
                0x10004264       0x5c CMakeFiles/hw4.dir/Users/ichen/Pico/pico-sdk/src/rp2_common/pico_double/double_v1_rom_shim.S.obj
                0x10004264                double2float_shim
 .text.x2double_shims
                0x100042c0       0x90 CMakeFiles/hw4.dir/Users/ichen/Pico/pico-sdk/src/rp2_common/pico_double/double_v1_rom_shim.S.obj
                0x100042c0                uint2double_shim
                0x100042c2                ufix2double_shim
                0x100042c8                int2double_shim
                0x100042ca                fix2double_shim
                0x100042d0                uint642double_shim
                0x100042d2                ufix642double_shim
                0x100042d8                int642double_shim
                0x100042da                fix642double_shim
 .text.dunpacks
                0x10004350       0x3c CMakeFiles/hw4.dir/Users/ichen/Pico/pico-sdk/src/rp2_common/pico_double/double_v1_rom_shim.S.obj
                0x10004350                dunpacks
 .text.dreduce  0x1000438c       0x82 CMakeFiles/hw4.dir/Users/ichen/Pico/pico-sdk/src/rp2_common/pico_double/double_v1_rom_shim.S.obj
                0x1000438c                dreduce
 .text.dsin_shim
                0x1000440e       0x14 CMakeFiles/hw4.dir/Users/ichen/Pico/pico-sdk/src/rp2_common/pico_double/double_v1_rom_shim.S.obj
                0x1000440e                dsin_shim
 *fill*         0x10004422        0x2 
 .text.dtrig_guts
                0x10004424      0x2ec CMakeFiles/hw4.dir/Users/ichen/Pico/pico-sdk/src/rp2_common/pico_double/double_v1_rom_shim.S.obj
                0x100044fc                datan2_shim
 .text.__aeabi_lmul
                0x10004710       0x32 CMakeFiles/hw4.dir/Users/ichen/Pico/pico-sdk/src/rp2_common/pico_int64_ops/pico_int64_ops_aeabi.S.obj
                0x10004710                __wrap___aeabi_lmul
 *fill*         0x10004742        0x2 
 .text.__wrap___aeabi_farithmetic
                0x10004744       0x58 CMakeFiles/hw4.dir/Users/ichen/Pico/pico-sdk/src/rp2_common/pico_float/float_aeabi.S.obj
                0x10004744                __wrap___aeabi_frsub
                0x1000474a                __wrap___aeabi_fsub
                0x10004754                __wrap___aeabi_fadd
                0x1000475e                __wrap___aeabi_fdiv
                0x1000478a                __wrap___aeabi_fmul
 .text.__wrap___aeabi_f2uiz
                0x1000479c       0x10 CMakeFiles/hw4.dir/Users/ichen/Pico/pico-sdk/src/rp2_common/pico_float/float_aeabi.S.obj
                0x1000479c                __wrap___aeabi_f2uiz
 .text.__aeabi_float_init
                0x100047ac       0xfc CMakeFiles/hw4.dir/Users/ichen/Pico/pico-sdk/src/rp2_common/pico_float/float_init_rom.c.obj
                0x100047ac                __aeabi_float_init
 .text.float_table_shim_on_use_helper
                0x100048a8       0x34 CMakeFiles/hw4.dir/Users/ichen/Pico/pico-sdk/src/rp2_common/pico_float/float_v1_rom_shim.S.obj
                0x100048a8                float_table_shim_on_use_helper
 .text          0x100048dc       0x10 CMakeFiles/hw4.dir/Users/ichen/Pico/pico-sdk/src/rp2_common/pico_mem_ops/mem_ops_aeabi.S.obj
                0x100048dc                __aeabi_mem_init
 .text.memcpy   0x100048ec        0xc CMakeFiles/hw4.dir/Users/ichen/Pico/pico-sdk/src/rp2_common/pico_mem_ops/mem_ops_aeabi.S.obj
                0x100048ec                __wrap___aeabi_memcpy
                0x100048ec                __wrap_memcpy
 .text.stdio_out_chars_no_crlf
                0x100048f8        0xe CMakeFiles/hw4.dir/Users/ichen/Pico/pico-sdk/src/rp2_common/pico_stdio/stdio.c.obj
 *fill*         0x10004906        0x2 
 .text.stdio_out_chars_crlf
                0x10004908       0x80 CMakeFiles/hw4.dir/Users/ichen/Pico/pico-sdk/src/rp2_common/pico_stdio/stdio.c.obj
 .text.stdio_stack_buffer_flush
                0x10004988       0x44 CMakeFiles/hw4.dir/Users/ichen/Pico/pico-sdk/src/rp2_common/pico_stdio/stdio.c.obj
 .text.stdio_buffered_printer
                0x100049cc       0x20 CMakeFiles/hw4.dir/Users/ichen/Pico/pico-sdk/src/rp2_common/pico_stdio/stdio.c.obj
 .text.update_us_since_boot
                0x100049ec       0x24 CMakeFiles/hw4.dir/Users/ichen/Pico/pico-sdk/src/rp2_common/pico_stdio/stdio.c.obj
 .text.get_absolute_time
                0x10004a10       0x22 CMakeFiles/hw4.dir/Users/ichen/Pico/pico-sdk/src/rp2_common/pico_stdio/stdio.c.obj
 *fill*         0x10004a32        0x2 
 .text.delayed_by_ms
                0x10004a34       0x44 CMakeFiles/hw4.dir/Users/ichen/Pico/pico-sdk/src/rp2_common/pico_stdio/stdio.c.obj
 .text.make_timeout_time_ms
                0x10004a78       0x20 CMakeFiles/hw4.dir/Users/ichen/Pico/pico-sdk/src/rp2_common/pico_stdio/stdio.c.obj
 .text.stdout_serialize_begin
                0x10004a98       0x20 CMakeFiles/hw4.dir/Users/ichen/Pico/pico-sdk/src/rp2_common/pico_stdio/stdio.c.obj
                0x10004a98                stdout_serialize_begin
 .text.stdout_serialize_end
                0x10004ab8       0x10 CMakeFiles/hw4.dir/Users/ichen/Pico/pico-sdk/src/rp2_common/pico_stdio/stdio.c.obj
                0x10004ab8                stdout_serialize_end
 .text.stdio_put_string
                0x10004ac8       0x98 CMakeFiles/hw4.dir/Users/ichen/Pico/pico-sdk/src/rp2_common/pico_stdio/stdio.c.obj
 .text.stdio_set_driver_enabled
                0x10004b60       0x2c CMakeFiles/hw4.dir/Users/ichen/Pico/pico-sdk/src/rp2_common/pico_stdio/stdio.c.obj
                0x10004b60                stdio_set_driver_enabled
 .text.stdio_flush
                0x10004b8c       0x20 CMakeFiles/hw4.dir/Users/ichen/Pico/pico-sdk/src/rp2_common/pico_stdio/stdio.c.obj
                0x10004b8c                stdio_flush
 .text.__wrap_puts
                0x10004bac       0x1e CMakeFiles/hw4.dir/Users/ichen/Pico/pico-sdk/src/rp2_common/pico_stdio/stdio.c.obj
                0x10004bac                __wrap_puts
 *fill*         0x10004bca        0x2 
 .text.__wrap_vprintf
                0x10004bcc       0x40 CMakeFiles/hw4.dir/Users/ichen/Pico/pico-sdk/src/rp2_common/pico_stdio/stdio.c.obj
                0x10004bcc                __wrap_vprintf
 .text.__wrap_printf
                0x10004c0c       0x18 CMakeFiles/hw4.dir/Users/ichen/Pico/pico-sdk/src/rp2_common/pico_stdio/stdio.c.obj
                0x10004c0c                __wrap_printf
 .text.stdio_init_all
                0x10004c24        0xa CMakeFiles/hw4.dir/Users/ichen/Pico/pico-sdk/src/rp2_common/pico_stdio/stdio.c.obj
                0x10004c24                stdio_init_all
 *fill*         0x10004c2e        0x2 
 .text.uart_putc
                0x10004c30       0x60 CMakeFiles/hw4.dir/Users/ichen/Pico/pico-sdk/src/rp2_common/pico_stdio_uart/stdio_uart.c.obj
 .text.uart_getc
                0x10004c90       0x24 CMakeFiles/hw4.dir/Users/ichen/Pico/pico-sdk/src/rp2_common/pico_stdio_uart/stdio_uart.c.obj
 .text.stdio_uart_out_chars
                0x10004cb4       0x20 CMakeFiles/hw4.dir/Users/ichen/Pico/pico-sdk/src/rp2_common/pico_stdio_uart/stdio_uart.c.obj
 .text.stdio_uart_in_chars
                0x10004cd4       0x5c CMakeFiles/hw4.dir/Users/ichen/Pico/pico-sdk/src/rp2_common/pico_stdio_uart/stdio_uart.c.obj
                0x10004cd4                stdio_uart_in_chars
 .text.on_uart_rx
                0x10004d30       0x28 CMakeFiles/hw4.dir/Users/ichen/Pico/pico-sdk/src/rp2_common/pico_stdio_uart/stdio_uart.c.obj
 .text.stdio_uart_set_chars_available_callback
                0x10004d58       0x8c CMakeFiles/hw4.dir/Users/ichen/Pico/pico-sdk/src/rp2_common/pico_stdio_uart/stdio_uart.c.obj
 .text.stdio_uart_init_full
                0x10004de4       0x44 CMakeFiles/hw4.dir/Users/ichen/Pico/pico-sdk/src/rp2_common/pico_stdio_uart/stdio_uart.c.obj
                0x10004de4                stdio_uart_init_full
 .text.stdio_uart_init
                0x10004e28       0x28 CMakeFiles/hw4.dir/Users/ichen/Pico/pico-sdk/src/rp2_common/pico_stdio_uart/stdio_uart.c.obj
                0x10004e28                stdio_uart_init
 .text.spi_set_baudrate
                0x10004e50       0xc2 CMakeFiles/hw4.dir/Users/ichen/Pico/pico-sdk/src/rp2_common/hardware_spi/spi.c.obj
                0x10004e50                spi_set_baudrate
 *fill*         0x10004f12        0x2 
 .text.spi_init
                0x10004f14       0x74 CMakeFiles/hw4.dir/Users/ichen/Pico/pico-sdk/src/rp2_common/hardware_spi/spi.c.obj
                0x10004f14                spi_init
 .text.strlen   0x10004f88       0x5c /Applications/ArmGNUToolchain/13.2.Rel1/arm-none-eabi/bin/../lib/gcc/arm-none-eabi/13.2.1/../../../../arm-none-eabi/lib/thumb/v6-m/nofp/libg.a(libc_a-strlen-stub.o)
                0x10004f88                strlen
 *(.fini)
 .fini          0x10004fe4        0x4 /Applications/ArmGNUToolchain/13.2.Rel1/arm-none-eabi/bin/../lib/gcc/arm-none-eabi/13.2.1/thumb/v6-m/nofp/crti.o
                0x10004fe4                _fini
 .fini.__stub   0x10004fe8       0x50 linker stubs
 *crtbegin.o(.ctors)
 *crtbegin?.o(.ctors)
 *(EXCLUDE_FILE(*crtend.o *crtend?.o) .ctors)
 *(SORT_BY_NAME(.ctors.*))
 *(.ctors)
 *crtbegin.o(.dtors)
 *crtbegin?.o(.dtors)
 *(EXCLUDE_FILE(*crtend.o *crtend?.o) .dtors)
 *(SORT_BY_NAME(.dtors.*))
 *(.dtors)
 *(.eh_frame*)
 .eh_frame      0x10005038        0x0 /Applications/ArmGNUToolchain/13.2.Rel1/arm-none-eabi/bin/../lib/gcc/arm-none-eabi/13.2.1/thumb/v6-m/nofp/crtbegin.o
                0x10005038                        . = ALIGN (0x4)

.glue_7         0x10005038        0x0
 .glue_7        0x10005038        0x0 linker stubs

.glue_7t        0x10005038        0x0
 .glue_7t       0x10005038        0x0 linker stubs

.vfp11_veneer   0x10005038        0x0
 .vfp11_veneer  0x10005038        0x0 linker stubs

.v4_bx          0x10005038        0x0
 .v4_bx         0x10005038        0x0 linker stubs

.iplt           0x10005038        0x0
 .iplt          0x10005038        0x0 /Applications/ArmGNUToolchain/13.2.Rel1/arm-none-eabi/bin/../lib/gcc/arm-none-eabi/13.2.1/thumb/v6-m/nofp/crtbegin.o

.rodata         0x10005038      0xe24
 *(EXCLUDE_FILE(*libm.a: *libc.a:*lib_a-mem*.o *libgcc.a:) .rodata*)
 .rodata.resolve_branch.str1.4
                0x10005038      0x98c CMakeFiles/hw4.dir/Users/ichen/Pico/pico-sdk/src/rp2_common/hardware_irq/irq.c.obj
                                 0x55 (size before relaxing)
 .rodata.make_branch.str1.4
                0x100059c4       0x30 CMakeFiles/hw4.dir/Users/ichen/Pico/pico-sdk/src/rp2_common/hardware_irq/irq.c.obj
 .rodata.insert_branch_and_link.str1.4
                0x100059c4       0x10 CMakeFiles/hw4.dir/Users/ichen/Pico/pico-sdk/src/rp2_common/hardware_irq/irq.c.obj
 .rodata.irq_set_exclusive_handler.str1.4
                0x100059c4       0x36 CMakeFiles/hw4.dir/Users/ichen/Pico/pico-sdk/src/rp2_common/hardware_irq/irq.c.obj
 .rodata.irq_remove_handler.str1.4
                0x100059c4       0x3a CMakeFiles/hw4.dir/Users/ichen/Pico/pico-sdk/src/rp2_common/hardware_irq/irq.c.obj
 .rodata.irq_add_tail_to_free_list.str1.4
                0x100059c4       0x3a CMakeFiles/hw4.dir/Users/ichen/Pico/pico-sdk/src/rp2_common/hardware_irq/irq.c.obj
 .rodata.__func__.0
                0x100059c4       0x1a CMakeFiles/hw4.dir/Users/ichen/Pico/pico-sdk/src/rp2_common/hardware_irq/irq.c.obj
 *fill*         0x100059de        0x2 
 .rodata.__func__.1
                0x100059e0       0x17 CMakeFiles/hw4.dir/Users/ichen/Pico/pico-sdk/src/rp2_common/hardware_irq/irq.c.obj
 *fill*         0x100059f7        0x1 
 .rodata.__func__.2
                0x100059f8       0x13 CMakeFiles/hw4.dir/Users/ichen/Pico/pico-sdk/src/rp2_common/hardware_irq/irq.c.obj
 *fill*         0x10005a0b        0x1 
 .rodata.__func__.3
                0x10005a0c        0xc CMakeFiles/hw4.dir/Users/ichen/Pico/pico-sdk/src/rp2_common/hardware_irq/irq.c.obj
 .rodata.__func__.4
                0x10005a18        0xf CMakeFiles/hw4.dir/Users/ichen/Pico/pico-sdk/src/rp2_common/hardware_irq/irq.c.obj
 *fill*         0x10005a27        0x1 
 .rodata.__func__.6
                0x10005a28       0x1a CMakeFiles/hw4.dir/Users/ichen/Pico/pico-sdk/src/rp2_common/hardware_irq/irq.c.obj
 .rodata.str1.4
                0x10005a42       0x89 CMakeFiles/hw4.dir/Users/ichen/Pico/pico-sdk/src/common/pico_sync/mutex.c.obj
 *fill*         0x10005a42        0x2 
 .rodata.__func__.1
                0x10005a44        0xb CMakeFiles/hw4.dir/Users/ichen/Pico/pico-sdk/src/common/pico_sync/mutex.c.obj
 *fill*         0x10005a4f        0x1 
 .rodata.__func__.3
                0x10005a50       0x18 CMakeFiles/hw4.dir/Users/ichen/Pico/pico-sdk/src/common/pico_sync/mutex.c.obj
 .rodata.get_entry.str1.4
                0x10005a68       0x5b CMakeFiles/hw4.dir/Users/ichen/Pico/pico-sdk/src/common/pico_time/time.c.obj
 .rodata.update_us_since_boot.str1.4
                0x10005a68       0x61 CMakeFiles/hw4.dir/Users/ichen/Pico/pico-sdk/src/common/pico_time/time.c.obj
 .rodata.ph_get_node.str1.4
                0x10005a68       0x66 CMakeFiles/hw4.dir/Users/ichen/Pico/pico-sdk/src/common/pico_time/time.c.obj
 .rodata.ph_add_child_node.str1.4
                0x10005a68       0x2e CMakeFiles/hw4.dir/Users/ichen/Pico/pico-sdk/src/common/pico_time/time.c.obj
 .rodata.ph_insert_node.str1.4
                0x10005a68        0x3 CMakeFiles/hw4.dir/Users/ichen/Pico/pico-sdk/src/common/pico_time/time.c.obj
 .rodata.ph_free_node.str1.4
                0x10005a68       0x38 CMakeFiles/hw4.dir/Users/ichen/Pico/pico-sdk/src/common/pico_time/time.c.obj
 .rodata.add_alarm_under_lock.str1.4
                0x10005a68       0x28 CMakeFiles/hw4.dir/Users/ichen/Pico/pico-sdk/src/common/pico_time/time.c.obj
 .rodata.alarm_pool_alarm_callback.str1.4
                0x10005a68       0x60 CMakeFiles/hw4.dir/Users/ichen/Pico/pico-sdk/src/common/pico_time/time.c.obj
 .rodata.alarm_pool_get_default.str1.4
                0x10005a68       0x21 CMakeFiles/hw4.dir/Users/ichen/Pico/pico-sdk/src/common/pico_time/time.c.obj
 .rodata.alarm_pool_cancel_alarm.str1.4
                0x10005a68       0x27 CMakeFiles/hw4.dir/Users/ichen/Pico/pico-sdk/src/common/pico_time/time.c.obj
 .rodata.sleep_until.str1.4
                0x10005a68       0x4d CMakeFiles/hw4.dir/Users/ichen/Pico/pico-sdk/src/common/pico_time/time.c.obj
 .rodata.__func__.1
                0x10005a68       0x18 CMakeFiles/hw4.dir/Users/ichen/Pico/pico-sdk/src/common/pico_time/time.c.obj
 .rodata.__func__.3
                0x10005a80       0x17 CMakeFiles/hw4.dir/Users/ichen/Pico/pico-sdk/src/common/pico_time/time.c.obj
 *fill*         0x10005a97        0x1 
 .rodata.__func__.4
                0x10005a98       0x12 CMakeFiles/hw4.dir/Users/ichen/Pico/pico-sdk/src/common/pico_time/time.c.obj
 *fill*         0x10005aaa        0x2 
 .rodata.__func__.5
                0x10005aac        0xd CMakeFiles/hw4.dir/Users/ichen/Pico/pico-sdk/src/common/pico_time/time.c.obj
 *fill*         0x10005ab9        0x3 
 .rodata.__func__.6
                0x10005abc       0x12 CMakeFiles/hw4.dir/Users/ichen/Pico/pico-sdk/src/common/pico_time/time.c.obj
 *fill*         0x10005ace        0x2 
 .rodata.__func__.7
                0x10005ad0        0xf CMakeFiles/hw4.dir/Users/ichen/Pico/pico-sdk/src/common/pico_time/time.c.obj
 *fill*         0x10005adf        0x1 
 .rodata.__func__.8
                0x10005ae0        0xc CMakeFiles/hw4.dir/Users/ichen/Pico/pico-sdk/src/common/pico_time/time.c.obj
 .rodata.__func__.9
                0x10005aec       0x15 CMakeFiles/hw4.dir/Users/ichen/Pico/pico-sdk/src/common/pico_time/time.c.obj
 *fill*         0x10005b01        0x3 
 .rodata.__func__.10
                0x10005b04       0x15 CMakeFiles/hw4.dir/Users/ichen/Pico/pico-sdk/src/common/pico_time/time.c.obj
 *fill*         0x10005b19        0x3 
 .rodata.__func__.11
                0x10005b1c       0x1a CMakeFiles/hw4.dir/Users/ichen/Pico/pico-sdk/src/common/pico_time/time.c.obj
 *fill*         0x10005b36        0x2 
 .rodata.__func__.12
                0x10005b38        0xa CMakeFiles/hw4.dir/Users/ichen/Pico/pico-sdk/src/common/pico_time/time.c.obj
 .rodata.update_us_since_boot.str1.4
                0x10005b42       0x61 CMakeFiles/hw4.dir/Users/ichen/Pico/pico-sdk/src/rp2_common/hardware_timer/timer.c.obj
 .rodata.hardware_alarm_claim.str1.4
                0x10005b42       0x22 CMakeFiles/hw4.dir/Users/ichen/Pico/pico-sdk/src/rp2_common/hardware_timer/timer.c.obj
 .rodata.hardware_alarm_set_target.str1.4
                0x10005b42       0x65 CMakeFiles/hw4.dir/Users/ichen/Pico/pico-sdk/src/rp2_common/hardware_timer/timer.c.obj
 *fill*         0x10005b42        0x2 
 .rodata.__func__.0
                0x10005b44       0x1a CMakeFiles/hw4.dir/Users/ichen/Pico/pico-sdk/src/rp2_common/hardware_timer/timer.c.obj
 *fill*         0x10005b5e        0x2 
 .rodata.__func__.1
                0x10005b60       0x15 CMakeFiles/hw4.dir/Users/ichen/Pico/pico-sdk/src/rp2_common/hardware_timer/timer.c.obj
 .rodata.ph_get_node.str1.4
                0x10005b75       0x66 CMakeFiles/hw4.dir/Users/ichen/Pico/pico-sdk/src/common/pico_util/pheap.c.obj
 .rodata.ph_add_child_node.str1.4
                0x10005b75       0x2e CMakeFiles/hw4.dir/Users/ichen/Pico/pico-sdk/src/common/pico_util/pheap.c.obj
 .rodata.ph_remove_any_head.str1.4
                0x10005b75       0xa0 CMakeFiles/hw4.dir/Users/ichen/Pico/pico-sdk/src/common/pico_util/pheap.c.obj
 .rodata.ph_remove_and_free_node.str1.4
                0x10005b75       0x26 CMakeFiles/hw4.dir/Users/ichen/Pico/pico-sdk/src/common/pico_util/pheap.c.obj
 *fill*         0x10005b75        0x3 
 .rodata.__func__.0
                0x10005b78       0x18 CMakeFiles/hw4.dir/Users/ichen/Pico/pico-sdk/src/common/pico_util/pheap.c.obj
 .rodata.__func__.1
                0x10005b90       0x13 CMakeFiles/hw4.dir/Users/ichen/Pico/pico-sdk/src/common/pico_util/pheap.c.obj
 *fill*         0x10005ba3        0x1 
 .rodata.__func__.2
                0x10005ba4       0x12 CMakeFiles/hw4.dir/Users/ichen/Pico/pico-sdk/src/common/pico_util/pheap.c.obj
 *fill*         0x10005bb6        0x2 
 .rodata.__func__.3
                0x10005bb8        0xc CMakeFiles/hw4.dir/Users/ichen/Pico/pico-sdk/src/common/pico_util/pheap.c.obj
 .rodata.clock_configure.str1.4
                0x10005bc4       0x57 CMakeFiles/hw4.dir/Users/ichen/Pico/pico-sdk/src/rp2_common/hardware_clocks/clocks.c.obj
 .rodata.__func__.1
                0x10005bc4       0x10 CMakeFiles/hw4.dir/Users/ichen/Pico/pico-sdk/src/rp2_common/hardware_clocks/clocks.c.obj
 .rodata.pll_init.str1.4
                0x10005bd4      0x124 CMakeFiles/hw4.dir/Users/ichen/Pico/pico-sdk/src/rp2_common/hardware_pll/pll.c.obj
 .rodata.__func__.0
                0x10005bd4        0x9 CMakeFiles/hw4.dir/Users/ichen/Pico/pico-sdk/src/rp2_common/hardware_pll/pll.c.obj
 .rodata.__assert_func.str1.4
                0x10005bdd       0x43 CMakeFiles/hw4.dir/Users/ichen/Pico/pico-sdk/src/rp2_common/pico_runtime/runtime.c.obj
 .rodata.runtime_init.str1.4
                0x10005bdd       0x61 CMakeFiles/hw4.dir/Users/ichen/Pico/pico-sdk/src/rp2_common/pico_runtime/runtime.c.obj
 .rodata.panic.str1.4
                0x10005bdd       0x12 CMakeFiles/hw4.dir/Users/ichen/Pico/pico-sdk/src/rp2_common/pico_runtime/runtime.c.obj
 *fill*         0x10005bdd        0x3 
 .rodata.__func__.2
                0x10005be0        0xd CMakeFiles/hw4.dir/Users/ichen/Pico/pico-sdk/src/rp2_common/pico_runtime/runtime.c.obj
 .rodata._ftoa.str1.4
                0x10005bed       0x15 CMakeFiles/hw4.dir/Users/ichen/Pico/pico-sdk/src/rp2_common/pico_printf/printf.c.obj
 *fill*         0x10005bed        0x3 
 .rodata._vsnprintf
                0x10005bf0      0x19c CMakeFiles/hw4.dir/Users/ichen/Pico/pico-sdk/src/rp2_common/pico_printf/printf.c.obj
 *fill*         0x10005d8c        0x4 
 .rodata.pow10.0
                0x10005d90       0x50 CMakeFiles/hw4.dir/Users/ichen/Pico/pico-sdk/src/rp2_common/pico_printf/printf.c.obj
 .rodata.__aeabi_double_init.str1.4
                0x10005de0       0x9c CMakeFiles/hw4.dir/Users/ichen/Pico/pico-sdk/src/rp2_common/pico_double/double_init_rom.c.obj
 .rodata.__func__.0
                0x10005de0       0x14 CMakeFiles/hw4.dir/Users/ichen/Pico/pico-sdk/src/rp2_common/pico_double/double_init_rom.c.obj
 .rodata.__aeabi_float_init.str1.4
                0x10005df4       0x7e CMakeFiles/hw4.dir/Users/ichen/Pico/pico-sdk/src/rp2_common/pico_float/float_init_rom.c.obj
 .rodata.__func__.0
                0x10005df4       0x13 CMakeFiles/hw4.dir/Users/ichen/Pico/pico-sdk/src/rp2_common/pico_float/float_init_rom.c.obj
 .rodata.str1.4
                0x10005e07       0x38 CMakeFiles/hw4.dir/Users/ichen/Pico/pico-sdk/src/rp2_common/pico_standard_link/binary_info.c.obj
 *fill*         0x10005e07        0x1 
 .rodata.__bi_81
                0x10005e08        0xc CMakeFiles/hw4.dir/Users/ichen/Pico/pico-sdk/src/rp2_common/pico_standard_link/binary_info.c.obj
 .rodata.__bi_75
                0x10005e14        0xc CMakeFiles/hw4.dir/Users/ichen/Pico/pico-sdk/src/rp2_common/pico_standard_link/binary_info.c.obj
 .rodata.__bi_44
                0x10005e20        0xc CMakeFiles/hw4.dir/Users/ichen/Pico/pico-sdk/src/rp2_common/pico_standard_link/binary_info.c.obj
 .rodata.update_us_since_boot.str1.4
                0x10005e2c       0x61 CMakeFiles/hw4.dir/Users/ichen/Pico/pico-sdk/src/rp2_common/pico_stdio/stdio.c.obj
 .rodata.crlf_str.2
                0x10005e2c        0x2 CMakeFiles/hw4.dir/Users/ichen/Pico/pico-sdk/src/rp2_common/pico_stdio/stdio.c.obj
 *fill*         0x10005e2e        0x2 
 .rodata.__func__.3
                0x10005e30       0x15 CMakeFiles/hw4.dir/Users/ichen/Pico/pico-sdk/src/rp2_common/pico_stdio/stdio.c.obj
 .rodata.str1.4
                0x10005e45       0x2c CMakeFiles/hw4.dir/Users/ichen/Pico/pico-sdk/src/rp2_common/pico_stdio_uart/stdio_uart.c.obj
 *fill*         0x10005e45        0x3 
 .rodata.__bi_33.4
                0x10005e48        0xc CMakeFiles/hw4.dir/Users/ichen/Pico/pico-sdk/src/rp2_common/pico_stdio_uart/stdio_uart.c.obj
 .rodata.__bi_34.5
                0x10005e54        0x8 CMakeFiles/hw4.dir/Users/ichen/Pico/pico-sdk/src/rp2_common/pico_stdio_uart/stdio_uart.c.obj
                0x10005e5c                        . = ALIGN (0x4)
 *(SORT_BY_ALIGNMENT(SORT_BY_NAME(.flashdata*)))
                0x10005e5c                        . = ALIGN (0x4)

.ARM.extab
 *(.ARM.extab* .gnu.linkonce.armextab.*)
                0x10005e5c                        __exidx_start = .

.ARM.exidx
 *(.ARM.exidx* .gnu.linkonce.armexidx.*)
                0x10005e5c                        __exidx_end = .
                0x10005e5c                        . = ALIGN (0x4)
                0x10005e5c                        __binary_info_start = .

.binary_info    0x10005e5c       0x24
 *(.binary_info.keep.*)
 .binary_info.keep.__bi_ptr81
                0x10005e5c        0x4 CMakeFiles/hw4.dir/Users/ichen/Pico/pico-sdk/src/rp2_common/pico_standard_link/binary_info.c.obj
 .binary_info.keep.__bi_ptr75
                0x10005e60        0x4 CMakeFiles/hw4.dir/Users/ichen/Pico/pico-sdk/src/rp2_common/pico_standard_link/binary_info.c.obj
 .binary_info.keep.__bi_ptr50
                0x10005e64        0x4 CMakeFiles/hw4.dir/Users/ichen/Pico/pico-sdk/src/rp2_common/pico_standard_link/binary_info.c.obj
 .binary_info.keep.__bi_ptr44
                0x10005e68        0x4 CMakeFiles/hw4.dir/Users/ichen/Pico/pico-sdk/src/rp2_common/pico_standard_link/binary_info.c.obj
 .binary_info.keep.__bi_ptr38
                0x10005e6c        0x4 CMakeFiles/hw4.dir/Users/ichen/Pico/pico-sdk/src/rp2_common/pico_standard_link/binary_info.c.obj
 .binary_info.keep.__bi_ptr30
                0x10005e70        0x4 CMakeFiles/hw4.dir/Users/ichen/Pico/pico-sdk/src/rp2_common/pico_standard_link/binary_info.c.obj
 .binary_info.keep.__bi_ptr22
                0x10005e74        0x4 CMakeFiles/hw4.dir/Users/ichen/Pico/pico-sdk/src/rp2_common/pico_standard_link/binary_info.c.obj
 *(.binary_info.*)
 .binary_info.__bi_ptr34
                0x10005e78        0x4 CMakeFiles/hw4.dir/Users/ichen/Pico/pico-sdk/src/rp2_common/pico_stdio_uart/stdio_uart.c.obj
 .binary_info.__bi_ptr33
                0x10005e7c        0x4 CMakeFiles/hw4.dir/Users/ichen/Pico/pico-sdk/src/rp2_common/pico_stdio_uart/stdio_uart.c.obj
                0x10005e80                        __binary_info_end = .

.rel.dyn        0x10005e80        0x0
 .rel.iplt      0x10005e80        0x0 /Applications/ArmGNUToolchain/13.2.Rel1/arm-none-eabi/bin/../lib/gcc/arm-none-eabi/13.2.1/thumb/v6-m/nofp/crtbegin.o
                0x10005e80                        . = ALIGN (0x4)

.ram_vector_table
                0x20000000       0xc0
 *(.ram_vector_table)
 .ram_vector_table
                0x20000000       0xc0 CMakeFiles/hw4.dir/Users/ichen/Pico/pico-sdk/src/rp2_common/pico_runtime/runtime.c.obj
                0x20000000                ram_vector_table

.data           0x200000c0      0x284 load address 0x10005e80
                0x200000c0                        __data_start__ = .
 *(vtable)
 *(.time_critical*)
 .time_critical.mutex_try_enter
                0x200000c0       0x46 CMakeFiles/hw4.dir/Users/ichen/Pico/pico-sdk/src/common/pico_sync/mutex.c.obj
                0x200000c0                mutex_try_enter
 *fill*         0x20000106        0x2 
 .time_critical.mutex_enter_block_until
                0x20000108       0x8c CMakeFiles/hw4.dir/Users/ichen/Pico/pico-sdk/src/common/pico_sync/mutex.c.obj
                0x20000108                mutex_enter_block_until
 .time_critical.mutex_try_enter_block_until
                0x20000194       0x34 CMakeFiles/hw4.dir/Users/ichen/Pico/pico-sdk/src/common/pico_sync/mutex.c.obj
                0x20000194                mutex_try_enter_block_until
 .time_critical.mutex_exit
                0x200001c8       0x4c CMakeFiles/hw4.dir/Users/ichen/Pico/pico-sdk/src/common/pico_sync/mutex.c.obj
                0x200001c8                mutex_exit
 .time_critical.spi_write_blocking
                0x20000214       0x3a CMakeFiles/hw4.dir/Users/ichen/Pico/pico-sdk/src/rp2_common/hardware_spi/spi.c.obj
                0x20000214                spi_write_blocking
 *(.text*)
 *fill*         0x2000024e        0x2 
 .text          0x20000250        0x4 /Applications/ArmGNUToolchain/13.2.Rel1/arm-none-eabi/bin/../lib/gcc/arm-none-eabi/13.2.1/thumb/v6-m/nofp/libgcc.a(_dvmd_tls.o)
                0x20000250                __aeabi_ldiv0
                0x20000250                __aeabi_idiv0
 *fill*         0x20000254        0x4 
 .text.__stub   0x20000258       0x20 linker stubs
                0x20000278                        . = ALIGN (0x4)
 *(.rodata*)
                0x20000278                        . = ALIGN (0x4)
 *(.data*)
 .data.striped_spin_lock_num
                0x20000278        0x1 CMakeFiles/hw4.dir/Users/ichen/Pico/pico-sdk/src/rp2_common/hardware_sync/sync.c.obj
 *fill*         0x20000279        0x3 
 .data          0x2000027c       0x48 CMakeFiles/hw4.dir/Users/ichen/Pico/pico-sdk/src/rp2_common/hardware_irq/irq_handler_chain.S.obj
                0x2000027c                irq_handler_chain_slots
                0x200002ac                irq_handler_chain_first_slot
                0x200002b6                irq_handler_chain_remove_tail
 .data.default_alarm_pool
                0x200002c4       0x18 CMakeFiles/hw4.dir/Users/ichen/Pico/pico-sdk/src/common/pico_time/time.c.obj
 .data.default_alarm_pool_heap
                0x200002dc       0x10 CMakeFiles/hw4.dir/Users/ichen/Pico/pico-sdk/src/common/pico_time/time.c.obj
 *fill*         0x200002ec        0x4 
 .data.aeabi_bits_funcs
                0x200002f0       0x10 CMakeFiles/hw4.dir/Users/ichen/Pico/pico-sdk/src/rp2_common/pico_bit_ops/bit_ops_aeabi.S.obj
                0x200002f0                aeabi_bits_funcs
                0x20000300                aeabi_bits_funcs_end
 .data.aeabi_mem_funcs
                0x20000300       0x10 CMakeFiles/hw4.dir/Users/ichen/Pico/pico-sdk/src/rp2_common/pico_mem_ops/mem_ops_aeabi.S.obj
                0x20000300                aeabi_mem_funcs
                0x20000310                aeabi_mem_funcs_end
 .data.stdio_uart
                0x20000310       0x18 CMakeFiles/hw4.dir/Users/ichen/Pico/pico-sdk/src/rp2_common/pico_stdio_uart/stdio_uart.c.obj
                0x20000310                stdio_uart
                0x20000328                        . = ALIGN (0x4)
 *(.after_data.*)
                0x20000328                        . = ALIGN (0x4)
                0x20000328                        PROVIDE (__mutex_array_start = .)
 *(SORT_BY_NAME(.mutex_array.*))
 *(.mutex_array)
 .mutex_array   0x20000328        0x8 CMakeFiles/hw4.dir/Users/ichen/Pico/pico-sdk/src/rp2_common/pico_stdio/stdio.c.obj
                0x20000330                        PROVIDE (__mutex_array_end = .)
                0x20000330                        . = ALIGN (0x4)
                0x20000330                        PROVIDE (__preinit_array_start = .)
 *(SORT_BY_NAME(.preinit_array.*))
 .preinit_array.00001
                0x20000330        0x4 CMakeFiles/hw4.dir/Users/ichen/Pico/pico-sdk/src/rp2_common/pico_mem_ops/mem_ops_aeabi.S.obj
 .preinit_array.00010
                0x20000334        0x4 CMakeFiles/hw4.dir/Users/ichen/Pico/pico-sdk/src/rp2_common/pico_bit_ops/bit_ops_aeabi.S.obj
 .preinit_array.00020
                0x20000338        0x4 CMakeFiles/hw4.dir/Users/ichen/Pico/pico-sdk/src/rp2_common/pico_double/double_aeabi.S.obj
 .preinit_array.00020
                0x2000033c        0x4 CMakeFiles/hw4.dir/Users/ichen/Pico/pico-sdk/src/rp2_common/pico_float/float_aeabi.S.obj
 *(.preinit_array)
                0x20000340                        PROVIDE (__preinit_array_end = .)
                0x20000340                        . = ALIGN (0x4)
                0x20000340                        PROVIDE (__init_array_start = .)
 *(SORT_BY_NAME(.init_array.*))
 *(.init_array)
 .init_array    0x20000340        0x4 /Applications/ArmGNUToolchain/13.2.Rel1/arm-none-eabi/bin/../lib/gcc/arm-none-eabi/13.2.1/thumb/v6-m/nofp/crtbegin.o
                0x20000344                        PROVIDE (__init_array_end = .)
                0x20000344                        . = ALIGN (0x4)
                [!provide]                        PROVIDE (__fini_array_start = .)
 *(SORT_BY_NAME(.fini_array.*))
 *(.fini_array)
                [!provide]                        PROVIDE (__fini_array_end = .)
 *(.jcr)
                0x20000344                        . = ALIGN (0x4)
                0x20000344                        __data_end__ = .
                0x10005e80                        __etext = LOADADDR (.data)

.tm_clone_table
                0x20000344        0x0 load address 0x10006104
 .tm_clone_table
                0x20000344        0x0 /Applications/ArmGNUToolchain/13.2.Rel1/arm-none-eabi/bin/../lib/gcc/arm-none-eabi/13.2.1/thumb/v6-m/nofp/crtbegin.o
 .tm_clone_table
                0x20000344        0x0 /Applications/ArmGNUToolchain/13.2.Rel1/arm-none-eabi/bin/../lib/gcc/arm-none-eabi/13.2.1/thumb/v6-m/nofp/crtend.o

.igot.plt       0x20000344        0x0 load address 0x10006104
 .igot.plt      0x20000344        0x0 /Applications/ArmGNUToolchain/13.2.Rel1/arm-none-eabi/bin/../lib/gcc/arm-none-eabi/13.2.1/thumb/v6-m/nofp/crtbegin.o

.uninitialized_data
                0x20000344        0x0 load address 0x10006104
                0x20000344                        . = ALIGN (0x4)
 *(.uninitialized_data*)

.scratch_x      0x20040000        0x0 load address 0x10006104
                0x20040000                        __scratch_x_start__ = .
 *(.scratch_x.*)
                0x20040000                        . = ALIGN (0x4)
                0x20040000                        __scratch_x_end__ = .
                0x10006104                        __scratch_x_source__ = LOADADDR (.scratch_x)

.scratch_y      0x20041000        0x0 load address 0x10006104
                0x20041000                        __scratch_y_start__ = .
 *(.scratch_y.*)
                0x20041000                        . = ALIGN (0x4)
                0x20041000                        __scratch_y_end__ = .
                0x10006104                        __scratch_y_source__ = LOADADDR (.scratch_y)

.bss            0x20000348      0x3d4
                0x20000348                        . = ALIGN (0x4)
                0x20000348                        __bss_start__ = .
 *(SORT_BY_ALIGNMENT(SORT_BY_NAME(.bss*)))
 .bss.default_alarm_pool_entries
                0x20000348      0x100 CMakeFiles/hw4.dir/Users/ichen/Pico/pico-sdk/src/common/pico_time/time.c.obj
 .bss.alarm_callbacks
                0x20000448       0x10 CMakeFiles/hw4.dir/Users/ichen/Pico/pico-sdk/src/rp2_common/hardware_timer/timer.c.obj
 .bss.chars_available_callback
                0x20000458        0x4 CMakeFiles/hw4.dir/Users/ichen/Pico/pico-sdk/src/rp2_common/pico_stdio_uart/stdio_uart.c.obj
 .bss.chars_available_param
                0x2000045c        0x4 CMakeFiles/hw4.dir/Users/ichen/Pico/pico-sdk/src/rp2_common/pico_stdio_uart/stdio_uart.c.obj
 .bss.configured_freq
                0x20000460       0x28 CMakeFiles/hw4.dir/Users/ichen/Pico/pico-sdk/src/rp2_common/hardware_clocks/clocks.c.obj
 .bss.default_alarm_pool_entry_ids_high
                0x20000488       0x10 CMakeFiles/hw4.dir/Users/ichen/Pico/pico-sdk/src/common/pico_time/time.c.obj
 .bss.default_alarm_pool_heap_nodes
                0x20000498       0x30 CMakeFiles/hw4.dir/Users/ichen/Pico/pico-sdk/src/common/pico_time/time.c.obj
 .bss.drivers   0x200004c8        0x4 CMakeFiles/hw4.dir/Users/ichen/Pico/pico-sdk/src/rp2_common/pico_stdio/stdio.c.obj
 .bss.filter    0x200004cc        0x4 CMakeFiles/hw4.dir/Users/ichen/Pico/pico-sdk/src/rp2_common/pico_stdio/stdio.c.obj
 .bss.object.0  0x200004d0       0x18 /Applications/ArmGNUToolchain/13.2.Rel1/arm-none-eabi/bin/../lib/gcc/arm-none-eabi/13.2.1/thumb/v6-m/nofp/crtbegin.o
 .bss.pools     0x200004e8       0x10 CMakeFiles/hw4.dir/Users/ichen/Pico/pico-sdk/src/common/pico_time/time.c.obj
 .bss.sd_table  0x200004f8      0x100 CMakeFiles/hw4.dir/Users/ichen/Pico/pico-sdk/src/rp2_common/pico_double/double_init_rom.c.obj
                0x200004f8                sd_table
 .bss.sf_clz_func
                0x200005f8        0x4 CMakeFiles/hw4.dir/Users/ichen/Pico/pico-sdk/src/rp2_common/pico_double/double_init_rom.c.obj
                0x200005f8                sf_clz_func
 .bss.sf_table  0x200005fc      0x100 CMakeFiles/hw4.dir/Users/ichen/Pico/pico-sdk/src/rp2_common/pico_float/float_init_rom.c.obj
                0x200005fc                sf_table
 .bss.sleep_notifier
                0x200006fc        0x4 CMakeFiles/hw4.dir/Users/ichen/Pico/pico-sdk/src/common/pico_time/time.c.obj
 .bss.target_hi
                0x20000700       0x10 CMakeFiles/hw4.dir/Users/ichen/Pico/pico-sdk/src/rp2_common/hardware_timer/timer.c.obj
 .bss.uart_char_to_line_feed
                0x20000710        0x4 CMakeFiles/hw4.dir/Users/ichen/Pico/pico-sdk/src/rp2_common/hardware_uart/uart.c.obj
                0x20000710                uart_char_to_line_feed
 .bss.uart_instance
                0x20000714        0x4 CMakeFiles/hw4.dir/Users/ichen/Pico/pico-sdk/src/rp2_common/pico_stdio_uart/stdio_uart.c.obj
 .bss.claimed   0x20000718        0x1 CMakeFiles/hw4.dir/Users/ichen/Pico/pico-sdk/src/rp2_common/hardware_timer/timer.c.obj
 .bss.irq_hander_chain_free_slot_head
                0x20000719        0x1 CMakeFiles/hw4.dir/Users/ichen/Pico/pico-sdk/src/rp2_common/hardware_irq/irq.c.obj
 .bss.timer_callbacks_pending
                0x2000071a        0x1 CMakeFiles/hw4.dir/Users/ichen/Pico/pico-sdk/src/rp2_common/hardware_timer/timer.c.obj
 *(COMMON)
                0x2000071c                        . = ALIGN (0x4)
 *fill*         0x2000071b        0x1 
                0x2000071c                        __bss_end__ = .

.heap           0x2000071c      0x800
                0x2000071c                        __end__ = .
                0x2000071c                        end = __end__
 *(.heap*)
 .heap          0x2000071c      0x800 CMakeFiles/hw4.dir/Users/ichen/Pico/pico-sdk/src/rp2_common/pico_standard_link/crt0.S.obj
                0x20000f1c                        __HeapLimit = .

.stack1_dummy
 *(.stack1*)

.stack_dummy    0x20041000      0x800
 *(.stack*)
 .stack         0x20041000      0x800 CMakeFiles/hw4.dir/Users/ichen/Pico/pico-sdk/src/rp2_common/pico_standard_link/crt0.S.obj

.flash_end      0x10006104        0x0
                0x10006104                        PROVIDE (__flash_binary_end = .)
                0x20040000                        __StackLimit = (ORIGIN (RAM) + LENGTH (RAM))
                0x20041000                        __StackOneTop = (ORIGIN (SCRATCH_X) + LENGTH (SCRATCH_X))
                0x20042000                        __StackTop = (ORIGIN (SCRATCH_Y) + LENGTH (SCRATCH_Y))
                0x20041000                        __StackOneBottom = (__StackOneTop - SIZEOF (.stack1_dummy))
                0x20041800                        __StackBottom = (__StackTop - SIZEOF (.stack_dummy))
                0x20042000                        PROVIDE (__stack = __StackTop)
                0x00000001                        ASSERT ((__StackLimit >= __HeapLimit), region RAM overflowed)
                0x00000001                        ASSERT (((__binary_info_header_end - __logical_binary_start) <= 0x100), Binary info must be in first 256 bytes of the binary)
LOAD CMakeFiles/hw4.dir/hw4.c.obj
LOAD CMakeFiles/hw4.dir/Users/ichen/Pico/pico-sdk/src/rp2_common/pico_stdlib/stdlib.c.obj
LOAD CMakeFiles/hw4.dir/Users/ichen/Pico/pico-sdk/src/rp2_common/hardware_gpio/gpio.c.obj
LOAD CMakeFiles/hw4.dir/Users/ichen/Pico/pico-sdk/src/rp2_common/pico_platform/platform.c.obj
LOAD CMakeFiles/hw4.dir/Users/ichen/Pico/pico-sdk/src/rp2_common/hardware_claim/claim.c.obj
LOAD CMakeFiles/hw4.dir/Users/ichen/Pico/pico-sdk/src/rp2_common/hardware_sync/sync.c.obj
LOAD CMakeFiles/hw4.dir/Users/ichen/Pico/pico-sdk/src/rp2_common/hardware_irq/irq.c.obj
LOAD CMakeFiles/hw4.dir/Users/ichen/Pico/pico-sdk/src/rp2_common/hardware_irq/irq_handler_chain.S.obj
LOAD CMakeFiles/hw4.dir/Users/ichen/Pico/pico-sdk/src/common/pico_sync/sem.c.obj
LOAD CMakeFiles/hw4.dir/Users/ichen/Pico/pico-sdk/src/common/pico_sync/lock_core.c.obj
LOAD CMakeFiles/hw4.dir/Users/ichen/Pico/pico-sdk/src/common/pico_sync/mutex.c.obj
LOAD CMakeFiles/hw4.dir/Users/ichen/Pico/pico-sdk/src/common/pico_sync/critical_section.c.obj
LOAD CMakeFiles/hw4.dir/Users/ichen/Pico/pico-sdk/src/common/pico_time/time.c.obj
LOAD CMakeFiles/hw4.dir/Users/ichen/Pico/pico-sdk/src/common/pico_time/timeout_helper.c.obj
LOAD CMakeFiles/hw4.dir/Users/ichen/Pico/pico-sdk/src/rp2_common/hardware_timer/timer.c.obj
LOAD CMakeFiles/hw4.dir/Users/ichen/Pico/pico-sdk/src/common/pico_util/datetime.c.obj
LOAD CMakeFiles/hw4.dir/Users/ichen/Pico/pico-sdk/src/common/pico_util/pheap.c.obj
LOAD CMakeFiles/hw4.dir/Users/ichen/Pico/pico-sdk/src/common/pico_util/queue.c.obj
LOAD CMakeFiles/hw4.dir/Users/ichen/Pico/pico-sdk/src/rp2_common/hardware_uart/uart.c.obj
LOAD CMakeFiles/hw4.dir/Users/ichen/Pico/pico-sdk/src/rp2_common/hardware_clocks/clocks.c.obj
LOAD CMakeFiles/hw4.dir/Users/ichen/Pico/pico-sdk/src/rp2_common/hardware_pll/pll.c.obj
LOAD CMakeFiles/hw4.dir/Users/ichen/Pico/pico-sdk/src/rp2_common/hardware_vreg/vreg.c.obj
LOAD CMakeFiles/hw4.dir/Users/ichen/Pico/pico-sdk/src/rp2_common/hardware_watchdog/watchdog.c.obj
LOAD CMakeFiles/hw4.dir/Users/ichen/Pico/pico-sdk/src/rp2_common/hardware_xosc/xosc.c.obj
LOAD CMakeFiles/hw4.dir/Users/ichen/Pico/pico-sdk/src/rp2_common/hardware_divider/divider.S.obj
LOAD CMakeFiles/hw4.dir/Users/ichen/Pico/pico-sdk/src/rp2_common/pico_runtime/runtime.c.obj
LOAD CMakeFiles/hw4.dir/Users/ichen/Pico/pico-sdk/src/rp2_common/pico_printf/printf.c.obj
LOAD CMakeFiles/hw4.dir/Users/ichen/Pico/pico-sdk/src/rp2_common/pico_bit_ops/bit_ops_aeabi.S.obj
LOAD CMakeFiles/hw4.dir/Users/ichen/Pico/pico-sdk/src/rp2_common/pico_bootrom/bootrom.c.obj
LOAD CMakeFiles/hw4.dir/Users/ichen/Pico/pico-sdk/src/rp2_common/pico_divider/divider.S.obj
LOAD CMakeFiles/hw4.dir/Users/ichen/Pico/pico-sdk/src/rp2_common/pico_double/double_aeabi.S.obj
LOAD CMakeFiles/hw4.dir/Users/ichen/Pico/pico-sdk/src/rp2_common/pico_double/double_init_rom.c.obj
LOAD CMakeFiles/hw4.dir/Users/ichen/Pico/pico-sdk/src/rp2_common/pico_double/double_math.c.obj
LOAD CMakeFiles/hw4.dir/Users/ichen/Pico/pico-sdk/src/rp2_common/pico_double/double_v1_rom_shim.S.obj
LOAD CMakeFiles/hw4.dir/Users/ichen/Pico/pico-sdk/src/rp2_common/pico_int64_ops/pico_int64_ops_aeabi.S.obj
LOAD CMakeFiles/hw4.dir/Users/ichen/Pico/pico-sdk/src/rp2_common/pico_float/float_aeabi.S.obj
LOAD CMakeFiles/hw4.dir/Users/ichen/Pico/pico-sdk/src/rp2_common/pico_float/float_init_rom.c.obj
LOAD CMakeFiles/hw4.dir/Users/ichen/Pico/pico-sdk/src/rp2_common/pico_float/float_math.c.obj
LOAD CMakeFiles/hw4.dir/Users/ichen/Pico/pico-sdk/src/rp2_common/pico_float/float_v1_rom_shim.S.obj
LOAD CMakeFiles/hw4.dir/Users/ichen/Pico/pico-sdk/src/rp2_common/pico_malloc/pico_malloc.c.obj
LOAD CMakeFiles/hw4.dir/Users/ichen/Pico/pico-sdk/src/rp2_common/pico_mem_ops/mem_ops_aeabi.S.obj
LOAD CMakeFiles/hw4.dir/Users/ichen/Pico/pico-sdk/src/rp2_common/pico_standard_link/crt0.S.obj
LOAD CMakeFiles/hw4.dir/Users/ichen/Pico/pico-sdk/src/rp2_common/pico_standard_link/new_delete.cpp.obj
LOAD CMakeFiles/hw4.dir/Users/ichen/Pico/pico-sdk/src/rp2_common/pico_standard_link/binary_info.c.obj
LOAD CMakeFiles/hw4.dir/Users/ichen/Pico/pico-sdk/src/rp2_common/pico_stdio/stdio.c.obj
LOAD CMakeFiles/hw4.dir/Users/ichen/Pico/pico-sdk/src/rp2_common/pico_stdio_uart/stdio_uart.c.obj
LOAD CMakeFiles/hw4.dir/Users/ichen/Pico/pico-sdk/src/rp2_common/hardware_spi/spi.c.obj
LOAD /var/folders/3k/8ryb2jqn3xj2j2f20wxkj_2h0000gn/T//ccltnCRk.o
LOAD /Applications/ArmGNUToolchain/13.2.Rel1/arm-none-eabi/bin/../lib/gcc/arm-none-eabi/13.2.1/../../../../arm-none-eabi/lib/thumb/v6-m/nofp/libstdc++.a
LOAD /Applications/ArmGNUToolchain/13.2.Rel1/arm-none-eabi/bin/../lib/gcc/arm-none-eabi/13.2.1/../../../../arm-none-eabi/lib/thumb/v6-m/nofp/libm.a
START GROUP
LOAD /Applications/ArmGNUToolchain/13.2.Rel1/arm-none-eabi/bin/../lib/gcc/arm-none-eabi/13.2.1/thumb/v6-m/nofp/libgcc.a
LOAD /Applications/ArmGNUToolchain/13.2.Rel1/arm-none-eabi/bin/../lib/gcc/arm-none-eabi/13.2.1/../../../../arm-none-eabi/lib/thumb/v6-m/nofp/libg.a
LOAD /Applications/ArmGNUToolchain/13.2.Rel1/arm-none-eabi/bin/../lib/gcc/arm-none-eabi/13.2.1/../../../../arm-none-eabi/lib/thumb/v6-m/nofp/libc.a
END GROUP
START GROUP
LOAD /Applications/ArmGNUToolchain/13.2.Rel1/arm-none-eabi/bin/../lib/gcc/arm-none-eabi/13.2.1/thumb/v6-m/nofp/libgcc.a
LOAD /Applications/ArmGNUToolchain/13.2.Rel1/arm-none-eabi/bin/../lib/gcc/arm-none-eabi/13.2.1/../../../../arm-none-eabi/lib/thumb/v6-m/nofp/libc.a
LOAD /Applications/ArmGNUToolchain/13.2.Rel1/arm-none-eabi/bin/../lib/gcc/arm-none-eabi/13.2.1/../../../../arm-none-eabi/lib/thumb/v6-m/nofp/libnosys.a
END GROUP
LOAD /Applications/ArmGNUToolchain/13.2.Rel1/arm-none-eabi/bin/../lib/gcc/arm-none-eabi/13.2.1/thumb/v6-m/nofp/crtend.o
LOAD /Applications/ArmGNUToolchain/13.2.Rel1/arm-none-eabi/bin/../lib/gcc/arm-none-eabi/13.2.1/thumb/v6-m/nofp/crtn.o
OUTPUT(hw4.elf elf32-littlearm)
LOAD linker stubs

.ARM.attributes
                0x00000000       0x28
 .ARM.attributes
                0x00000000       0x1e /Applications/ArmGNUToolchain/13.2.Rel1/arm-none-eabi/bin/../lib/gcc/arm-none-eabi/13.2.1/thumb/v6-m/nofp/crti.o
 .ARM.attributes
                0x0000001e       0x2c /Applications/ArmGNUToolchain/13.2.Rel1/arm-none-eabi/bin/../lib/gcc/arm-none-eabi/13.2.1/thumb/v6-m/nofp/crtbegin.o
 .ARM.attributes
                0x0000004a       0x2c CMakeFiles/hw4.dir/hw4.c.obj
 .ARM.attributes
                0x00000076       0x2c CMakeFiles/hw4.dir/Users/ichen/Pico/pico-sdk/src/rp2_common/hardware_gpio/gpio.c.obj
 .ARM.attributes
                0x000000a2       0x2c CMakeFiles/hw4.dir/Users/ichen/Pico/pico-sdk/src/rp2_common/pico_platform/platform.c.obj
 .ARM.attributes
                0x000000ce       0x2c CMakeFiles/hw4.dir/Users/ichen/Pico/pico-sdk/src/rp2_common/hardware_claim/claim.c.obj
 .ARM.attributes
                0x000000fa       0x2c CMakeFiles/hw4.dir/Users/ichen/Pico/pico-sdk/src/rp2_common/hardware_sync/sync.c.obj
 .ARM.attributes
                0x00000126       0x2c CMakeFiles/hw4.dir/Users/ichen/Pico/pico-sdk/src/rp2_common/hardware_irq/irq.c.obj
 .ARM.attributes
                0x00000152       0x22 CMakeFiles/hw4.dir/Users/ichen/Pico/pico-sdk/src/rp2_common/hardware_irq/irq_handler_chain.S.obj
 .ARM.attributes
                0x00000174       0x2c CMakeFiles/hw4.dir/Users/ichen/Pico/pico-sdk/src/common/pico_sync/lock_core.c.obj
 .ARM.attributes
                0x000001a0       0x2c CMakeFiles/hw4.dir/Users/ichen/Pico/pico-sdk/src/common/pico_sync/mutex.c.obj
 .ARM.attributes
                0x000001cc       0x2c CMakeFiles/hw4.dir/Users/ichen/Pico/pico-sdk/src/common/pico_time/time.c.obj
 .ARM.attributes
                0x000001f8       0x2c CMakeFiles/hw4.dir/Users/ichen/Pico/pico-sdk/src/rp2_common/hardware_timer/timer.c.obj
 .ARM.attributes
                0x00000224       0x2c CMakeFiles/hw4.dir/Users/ichen/Pico/pico-sdk/src/common/pico_util/pheap.c.obj
 .ARM.attributes
                0x00000250       0x2c CMakeFiles/hw4.dir/Users/ichen/Pico/pico-sdk/src/rp2_common/hardware_uart/uart.c.obj
 .ARM.attributes
                0x0000027c       0x2c CMakeFiles/hw4.dir/Users/ichen/Pico/pico-sdk/src/rp2_common/hardware_clocks/clocks.c.obj
 .ARM.attributes
                0x000002a8       0x2c CMakeFiles/hw4.dir/Users/ichen/Pico/pico-sdk/src/rp2_common/hardware_pll/pll.c.obj
 .ARM.attributes
                0x000002d4       0x2c CMakeFiles/hw4.dir/Users/ichen/Pico/pico-sdk/src/rp2_common/hardware_watchdog/watchdog.c.obj
 .ARM.attributes
                0x00000300       0x2c CMakeFiles/hw4.dir/Users/ichen/Pico/pico-sdk/src/rp2_common/hardware_xosc/xosc.c.obj
 .ARM.attributes
                0x0000032c       0x2c CMakeFiles/hw4.dir/Users/ichen/Pico/pico-sdk/src/rp2_common/pico_runtime/runtime.c.obj
 .ARM.attributes
                0x00000358       0x2c CMakeFiles/hw4.dir/Users/ichen/Pico/pico-sdk/src/rp2_common/pico_printf/printf.c.obj
 .ARM.attributes
                0x00000384       0x22 CMakeFiles/hw4.dir/Users/ichen/Pico/pico-sdk/src/rp2_common/pico_bit_ops/bit_ops_aeabi.S.obj
 .ARM.attributes
                0x000003a6       0x2c CMakeFiles/hw4.dir/Users/ichen/Pico/pico-sdk/src/rp2_common/pico_bootrom/bootrom.c.obj
 .ARM.attributes
                0x000003d2       0x22 CMakeFiles/hw4.dir/Users/ichen/Pico/pico-sdk/src/rp2_common/pico_divider/divider.S.obj
 .ARM.attributes
                0x000003f4       0x22 CMakeFiles/hw4.dir/Users/ichen/Pico/pico-sdk/src/rp2_common/pico_double/double_aeabi.S.obj
 .ARM.attributes
                0x00000416       0x2c CMakeFiles/hw4.dir/Users/ichen/Pico/pico-sdk/src/rp2_common/pico_double/double_init_rom.c.obj
 .ARM.attributes
                0x00000442       0x2c CMakeFiles/hw4.dir/Users/ichen/Pico/pico-sdk/src/rp2_common/pico_double/double_math.c.obj
 .ARM.attributes
                0x0000046e       0x22 CMakeFiles/hw4.dir/Users/ichen/Pico/pico-sdk/src/rp2_common/pico_double/double_v1_rom_shim.S.obj
 .ARM.attributes
                0x00000490       0x22 CMakeFiles/hw4.dir/Users/ichen/Pico/pico-sdk/src/rp2_common/pico_int64_ops/pico_int64_ops_aeabi.S.obj
 .ARM.attributes
                0x000004b2       0x22 CMakeFiles/hw4.dir/Users/ichen/Pico/pico-sdk/src/rp2_common/pico_float/float_aeabi.S.obj
 .ARM.attributes
                0x000004d4       0x2c CMakeFiles/hw4.dir/Users/ichen/Pico/pico-sdk/src/rp2_common/pico_float/float_init_rom.c.obj
 .ARM.attributes
                0x00000500       0x22 CMakeFiles/hw4.dir/Users/ichen/Pico/pico-sdk/src/rp2_common/pico_float/float_v1_rom_shim.S.obj
 .ARM.attributes
                0x00000522       0x22 CMakeFiles/hw4.dir/Users/ichen/Pico/pico-sdk/src/rp2_common/pico_mem_ops/mem_ops_aeabi.S.obj
 .ARM.attributes
                0x00000544       0x22 CMakeFiles/hw4.dir/Users/ichen/Pico/pico-sdk/src/rp2_common/pico_standard_link/crt0.S.obj
 .ARM.attributes
                0x00000566       0x2c CMakeFiles/hw4.dir/Users/ichen/Pico/pico-sdk/src/rp2_common/pico_standard_link/binary_info.c.obj
 .ARM.attributes
                0x00000592       0x2c CMakeFiles/hw4.dir/Users/ichen/Pico/pico-sdk/src/rp2_common/pico_stdio/stdio.c.obj
 .ARM.attributes
                0x000005be       0x2c CMakeFiles/hw4.dir/Users/ichen/Pico/pico-sdk/src/rp2_common/pico_stdio_uart/stdio_uart.c.obj
 .ARM.attributes
                0x000005ea       0x2c CMakeFiles/hw4.dir/Users/ichen/Pico/pico-sdk/src/rp2_common/hardware_spi/spi.c.obj
 .ARM.attributes
                0x00000616       0x22 /var/folders/3k/8ryb2jqn3xj2j2f20wxkj_2h0000gn/T//ccltnCRk.o
 .ARM.attributes
                0x00000638       0x1e /Applications/ArmGNUToolchain/13.2.Rel1/arm-none-eabi/bin/../lib/gcc/arm-none-eabi/13.2.1/thumb/v6-m/nofp/libgcc.a(_dvmd_tls.o)
 .ARM.attributes
                0x00000656       0x2c /Applications/ArmGNUToolchain/13.2.Rel1/arm-none-eabi/bin/../lib/gcc/arm-none-eabi/13.2.1/../../../../arm-none-eabi/lib/thumb/v6-m/nofp/libg.a(libc_a-strlen-stub.o)
 .ARM.attributes
                0x00000682       0x2c /Applications/ArmGNUToolchain/13.2.Rel1/arm-none-eabi/bin/../lib/gcc/arm-none-eabi/13.2.1/thumb/v6-m/nofp/crtend.o

.comment        0x00000000       0x44
 .comment       0x00000000       0x44 CMakeFiles/hw4.dir/hw4.c.obj
                                 0x45 (size before relaxing)
 .comment       0x00000044       0x45 CMakeFiles/hw4.dir/Users/ichen/Pico/pico-sdk/src/rp2_common/hardware_gpio/gpio.c.obj
 .comment       0x00000044       0x45 CMakeFiles/hw4.dir/Users/ichen/Pico/pico-sdk/src/rp2_common/pico_platform/platform.c.obj
 .comment       0x00000044       0x45 CMakeFiles/hw4.dir/Users/ichen/Pico/pico-sdk/src/rp2_common/hardware_claim/claim.c.obj
 .comment       0x00000044       0x45 CMakeFiles/hw4.dir/Users/ichen/Pico/pico-sdk/src/rp2_common/hardware_sync/sync.c.obj
 .comment       0x00000044       0x45 CMakeFiles/hw4.dir/Users/ichen/Pico/pico-sdk/src/rp2_common/hardware_irq/irq.c.obj
 .comment       0x00000044       0x45 CMakeFiles/hw4.dir/Users/ichen/Pico/pico-sdk/src/common/pico_sync/lock_core.c.obj
 .comment       0x00000044       0x45 CMakeFiles/hw4.dir/Users/ichen/Pico/pico-sdk/src/common/pico_sync/mutex.c.obj
 .comment       0x00000044       0x45 CMakeFiles/hw4.dir/Users/ichen/Pico/pico-sdk/src/common/pico_time/time.c.obj
 .comment       0x00000044       0x45 CMakeFiles/hw4.dir/Users/ichen/Pico/pico-sdk/src/rp2_common/hardware_timer/timer.c.obj
 .comment       0x00000044       0x45 CMakeFiles/hw4.dir/Users/ichen/Pico/pico-sdk/src/common/pico_util/pheap.c.obj
 .comment       0x00000044       0x45 CMakeFiles/hw4.dir/Users/ichen/Pico/pico-sdk/src/rp2_common/hardware_uart/uart.c.obj
 .comment       0x00000044       0x45 CMakeFiles/hw4.dir/Users/ichen/Pico/pico-sdk/src/rp2_common/hardware_clocks/clocks.c.obj
 .comment       0x00000044       0x45 CMakeFiles/hw4.dir/Users/ichen/Pico/pico-sdk/src/rp2_common/hardware_pll/pll.c.obj
 .comment       0x00000044       0x45 CMakeFiles/hw4.dir/Users/ichen/Pico/pico-sdk/src/rp2_common/hardware_watchdog/watchdog.c.obj
 .comment       0x00000044       0x45 CMakeFiles/hw4.dir/Users/ichen/Pico/pico-sdk/src/rp2_common/hardware_xosc/xosc.c.obj
 .comment       0x00000044       0x45 CMakeFiles/hw4.dir/Users/ichen/Pico/pico-sdk/src/rp2_common/pico_runtime/runtime.c.obj
 .comment       0x00000044       0x45 CMakeFiles/hw4.dir/Users/ichen/Pico/pico-sdk/src/rp2_common/pico_printf/printf.c.obj
 .comment       0x00000044       0x45 CMakeFiles/hw4.dir/Users/ichen/Pico/pico-sdk/src/rp2_common/pico_bootrom/bootrom.c.obj
 .comment       0x00000044       0x45 CMakeFiles/hw4.dir/Users/ichen/Pico/pico-sdk/src/rp2_common/pico_double/double_init_rom.c.obj
 .comment       0x00000044       0x45 CMakeFiles/hw4.dir/Users/ichen/Pico/pico-sdk/src/rp2_common/pico_double/double_math.c.obj
 .comment       0x00000044       0x45 CMakeFiles/hw4.dir/Users/ichen/Pico/pico-sdk/src/rp2_common/pico_float/float_init_rom.c.obj
 .comment       0x00000044       0x45 CMakeFiles/hw4.dir/Users/ichen/Pico/pico-sdk/src/rp2_common/pico_standard_link/binary_info.c.obj
 .comment       0x00000044       0x45 CMakeFiles/hw4.dir/Users/ichen/Pico/pico-sdk/src/rp2_common/pico_stdio/stdio.c.obj
 .comment       0x00000044       0x45 CMakeFiles/hw4.dir/Users/ichen/Pico/pico-sdk/src/rp2_common/pico_stdio_uart/stdio_uart.c.obj
 .comment       0x00000044       0x45 CMakeFiles/hw4.dir/Users/ichen/Pico/pico-sdk/src/rp2_common/hardware_spi/spi.c.obj

.debug_info     0x00000000    0x1986d
 .debug_info    0x00000000      0xae6 CMakeFiles/hw4.dir/hw4.c.obj
 .debug_info    0x00000ae6     0x184b CMakeFiles/hw4.dir/Users/ichen/Pico/pico-sdk/src/rp2_common/hardware_gpio/gpio.c.obj
 .debug_info    0x00002331      0x1fb CMakeFiles/hw4.dir/Users/ichen/Pico/pico-sdk/src/rp2_common/pico_platform/platform.c.obj
 .debug_info    0x0000252c      0x69a CMakeFiles/hw4.dir/Users/ichen/Pico/pico-sdk/src/rp2_common/hardware_claim/claim.c.obj
 .debug_info    0x00002bc6      0x5fa CMakeFiles/hw4.dir/Users/ichen/Pico/pico-sdk/src/rp2_common/hardware_sync/sync.c.obj
 .debug_info    0x000031c0     0x1c43 CMakeFiles/hw4.dir/Users/ichen/Pico/pico-sdk/src/rp2_common/hardware_irq/irq.c.obj
 .debug_info    0x00004e03      0x1a3 CMakeFiles/hw4.dir/Users/ichen/Pico/pico-sdk/src/common/pico_sync/lock_core.c.obj
 .debug_info    0x00004fa6     0x1d29 CMakeFiles/hw4.dir/Users/ichen/Pico/pico-sdk/src/common/pico_sync/mutex.c.obj
 .debug_info    0x00006ccf     0x33f9 CMakeFiles/hw4.dir/Users/ichen/Pico/pico-sdk/src/common/pico_time/time.c.obj
 .debug_info    0x0000a0c8     0x145b CMakeFiles/hw4.dir/Users/ichen/Pico/pico-sdk/src/rp2_common/hardware_timer/timer.c.obj
 .debug_info    0x0000b523      0xe82 CMakeFiles/hw4.dir/Users/ichen/Pico/pico-sdk/src/common/pico_util/pheap.c.obj
 .debug_info    0x0000c3a5      0xd98 CMakeFiles/hw4.dir/Users/ichen/Pico/pico-sdk/src/rp2_common/hardware_uart/uart.c.obj
 .debug_info    0x0000d13d      0xfe7 CMakeFiles/hw4.dir/Users/ichen/Pico/pico-sdk/src/rp2_common/hardware_clocks/clocks.c.obj
 .debug_info    0x0000e124      0x505 CMakeFiles/hw4.dir/Users/ichen/Pico/pico-sdk/src/rp2_common/hardware_pll/pll.c.obj
 .debug_info    0x0000e629      0x4d8 CMakeFiles/hw4.dir/Users/ichen/Pico/pico-sdk/src/rp2_common/hardware_watchdog/watchdog.c.obj
 .debug_info    0x0000eb01      0x1c7 CMakeFiles/hw4.dir/Users/ichen/Pico/pico-sdk/src/rp2_common/hardware_xosc/xosc.c.obj
 .debug_info    0x0000ecc8      0xf23 CMakeFiles/hw4.dir/Users/ichen/Pico/pico-sdk/src/rp2_common/pico_runtime/runtime.c.obj
 .debug_info    0x0000fbeb     0x19db CMakeFiles/hw4.dir/Users/ichen/Pico/pico-sdk/src/rp2_common/pico_printf/printf.c.obj
 .debug_info    0x000115c6       0x23 CMakeFiles/hw4.dir/Users/ichen/Pico/pico-sdk/src/rp2_common/pico_bit_ops/bit_ops_aeabi.S.obj
 .debug_info    0x000115e9      0x331 CMakeFiles/hw4.dir/Users/ichen/Pico/pico-sdk/src/rp2_common/pico_bootrom/bootrom.c.obj
 .debug_info    0x0001191a       0x23 CMakeFiles/hw4.dir/Users/ichen/Pico/pico-sdk/src/rp2_common/pico_divider/divider.S.obj
 .debug_info    0x0001193d       0x23 CMakeFiles/hw4.dir/Users/ichen/Pico/pico-sdk/src/rp2_common/pico_double/double_aeabi.S.obj
 .debug_info    0x00011960      0x33b CMakeFiles/hw4.dir/Users/ichen/Pico/pico-sdk/src/rp2_common/pico_double/double_init_rom.c.obj
 .debug_info    0x00011c9b     0x3bec CMakeFiles/hw4.dir/Users/ichen/Pico/pico-sdk/src/rp2_common/pico_double/double_math.c.obj
 .debug_info    0x00015887       0x23 CMakeFiles/hw4.dir/Users/ichen/Pico/pico-sdk/src/rp2_common/pico_double/double_v1_rom_shim.S.obj
 .debug_info    0x000158aa       0x24 CMakeFiles/hw4.dir/Users/ichen/Pico/pico-sdk/src/rp2_common/pico_int64_ops/pico_int64_ops_aeabi.S.obj
 .debug_info    0x000158ce       0x23 CMakeFiles/hw4.dir/Users/ichen/Pico/pico-sdk/src/rp2_common/pico_float/float_aeabi.S.obj
 .debug_info    0x000158f1      0x34f CMakeFiles/hw4.dir/Users/ichen/Pico/pico-sdk/src/rp2_common/pico_float/float_init_rom.c.obj
 .debug_info    0x00015c40       0x23 CMakeFiles/hw4.dir/Users/ichen/Pico/pico-sdk/src/rp2_common/pico_float/float_v1_rom_shim.S.obj
 .debug_info    0x00015c63       0x23 CMakeFiles/hw4.dir/Users/ichen/Pico/pico-sdk/src/rp2_common/pico_mem_ops/mem_ops_aeabi.S.obj
 .debug_info    0x00015c86       0x23 CMakeFiles/hw4.dir/Users/ichen/Pico/pico-sdk/src/rp2_common/pico_standard_link/crt0.S.obj
 .debug_info    0x00015ca9      0x2b8 CMakeFiles/hw4.dir/Users/ichen/Pico/pico-sdk/src/rp2_common/pico_standard_link/binary_info.c.obj
 .debug_info    0x00015f61     0x1743 CMakeFiles/hw4.dir/Users/ichen/Pico/pico-sdk/src/rp2_common/pico_stdio/stdio.c.obj
 .debug_info    0x000176a4     0x1035 CMakeFiles/hw4.dir/Users/ichen/Pico/pico-sdk/src/rp2_common/pico_stdio_uart/stdio_uart.c.obj
 .debug_info    0x000186d9     0x1194 CMakeFiles/hw4.dir/Users/ichen/Pico/pico-sdk/src/rp2_common/hardware_spi/spi.c.obj

.debug_abbrev   0x00000000     0x4c9c
 .debug_abbrev  0x00000000      0x30a CMakeFiles/hw4.dir/hw4.c.obj
 .debug_abbrev  0x0000030a      0x3a6 CMakeFiles/hw4.dir/Users/ichen/Pico/pico-sdk/src/rp2_common/hardware_gpio/gpio.c.obj
 .debug_abbrev  0x000006b0       0xf8 CMakeFiles/hw4.dir/Users/ichen/Pico/pico-sdk/src/rp2_common/pico_platform/platform.c.obj
 .debug_abbrev  0x000007a8      0x2ce CMakeFiles/hw4.dir/Users/ichen/Pico/pico-sdk/src/rp2_common/hardware_claim/claim.c.obj
 .debug_abbrev  0x00000a76      0x249 CMakeFiles/hw4.dir/Users/ichen/Pico/pico-sdk/src/rp2_common/hardware_sync/sync.c.obj
 .debug_abbrev  0x00000cbf      0x500 CMakeFiles/hw4.dir/Users/ichen/Pico/pico-sdk/src/rp2_common/hardware_irq/irq.c.obj
 .debug_abbrev  0x000011bf      0x116 CMakeFiles/hw4.dir/Users/ichen/Pico/pico-sdk/src/common/pico_sync/lock_core.c.obj
 .debug_abbrev  0x000012d5      0x3f1 CMakeFiles/hw4.dir/Users/ichen/Pico/pico-sdk/src/common/pico_sync/mutex.c.obj
 .debug_abbrev  0x000016c6      0x5c3 CMakeFiles/hw4.dir/Users/ichen/Pico/pico-sdk/src/common/pico_time/time.c.obj
 .debug_abbrev  0x00001c89      0x3d5 CMakeFiles/hw4.dir/Users/ichen/Pico/pico-sdk/src/rp2_common/hardware_timer/timer.c.obj
 .debug_abbrev  0x0000205e      0x290 CMakeFiles/hw4.dir/Users/ichen/Pico/pico-sdk/src/common/pico_util/pheap.c.obj
 .debug_abbrev  0x000022ee      0x349 CMakeFiles/hw4.dir/Users/ichen/Pico/pico-sdk/src/rp2_common/hardware_uart/uart.c.obj
 .debug_abbrev  0x00002637      0x434 CMakeFiles/hw4.dir/Users/ichen/Pico/pico-sdk/src/rp2_common/hardware_clocks/clocks.c.obj
 .debug_abbrev  0x00002a6b      0x1e7 CMakeFiles/hw4.dir/Users/ichen/Pico/pico-sdk/src/rp2_common/hardware_pll/pll.c.obj
 .debug_abbrev  0x00002c52      0x1a8 CMakeFiles/hw4.dir/Users/ichen/Pico/pico-sdk/src/rp2_common/hardware_watchdog/watchdog.c.obj
 .debug_abbrev  0x00002dfa      0x10c CMakeFiles/hw4.dir/Users/ichen/Pico/pico-sdk/src/rp2_common/hardware_xosc/xosc.c.obj
 .debug_abbrev  0x00002f06      0x530 CMakeFiles/hw4.dir/Users/ichen/Pico/pico-sdk/src/rp2_common/pico_runtime/runtime.c.obj
 .debug_abbrev  0x00003436      0x371 CMakeFiles/hw4.dir/Users/ichen/Pico/pico-sdk/src/rp2_common/pico_printf/printf.c.obj
 .debug_abbrev  0x000037a7       0x12 CMakeFiles/hw4.dir/Users/ichen/Pico/pico-sdk/src/rp2_common/pico_bit_ops/bit_ops_aeabi.S.obj
 .debug_abbrev  0x000037b9      0x167 CMakeFiles/hw4.dir/Users/ichen/Pico/pico-sdk/src/rp2_common/pico_bootrom/bootrom.c.obj
 .debug_abbrev  0x00003920       0x12 CMakeFiles/hw4.dir/Users/ichen/Pico/pico-sdk/src/rp2_common/pico_divider/divider.S.obj
 .debug_abbrev  0x00003932       0x12 CMakeFiles/hw4.dir/Users/ichen/Pico/pico-sdk/src/rp2_common/pico_double/double_aeabi.S.obj
 .debug_abbrev  0x00003944      0x1c3 CMakeFiles/hw4.dir/Users/ichen/Pico/pico-sdk/src/rp2_common/pico_double/double_init_rom.c.obj
 .debug_abbrev  0x00003b07      0x2b3 CMakeFiles/hw4.dir/Users/ichen/Pico/pico-sdk/src/rp2_common/pico_double/double_math.c.obj
 .debug_abbrev  0x00003dba       0x12 CMakeFiles/hw4.dir/Users/ichen/Pico/pico-sdk/src/rp2_common/pico_double/double_v1_rom_shim.S.obj
 .debug_abbrev  0x00003dcc       0x14 CMakeFiles/hw4.dir/Users/ichen/Pico/pico-sdk/src/rp2_common/pico_int64_ops/pico_int64_ops_aeabi.S.obj
 .debug_abbrev  0x00003de0       0x12 CMakeFiles/hw4.dir/Users/ichen/Pico/pico-sdk/src/rp2_common/pico_float/float_aeabi.S.obj
 .debug_abbrev  0x00003df2      0x1c6 CMakeFiles/hw4.dir/Users/ichen/Pico/pico-sdk/src/rp2_common/pico_float/float_init_rom.c.obj
 .debug_abbrev  0x00003fb8       0x12 CMakeFiles/hw4.dir/Users/ichen/Pico/pico-sdk/src/rp2_common/pico_float/float_v1_rom_shim.S.obj
 .debug_abbrev  0x00003fca       0x12 CMakeFiles/hw4.dir/Users/ichen/Pico/pico-sdk/src/rp2_common/pico_mem_ops/mem_ops_aeabi.S.obj
 .debug_abbrev  0x00003fdc       0x12 CMakeFiles/hw4.dir/Users/ichen/Pico/pico-sdk/src/rp2_common/pico_standard_link/crt0.S.obj
 .debug_abbrev  0x00003fee       0xb8 CMakeFiles/hw4.dir/Users/ichen/Pico/pico-sdk/src/rp2_common/pico_standard_link/binary_info.c.obj
 .debug_abbrev  0x000040a6      0x47a CMakeFiles/hw4.dir/Users/ichen/Pico/pico-sdk/src/rp2_common/pico_stdio/stdio.c.obj
 .debug_abbrev  0x00004520      0x499 CMakeFiles/hw4.dir/Users/ichen/Pico/pico-sdk/src/rp2_common/pico_stdio_uart/stdio_uart.c.obj
 .debug_abbrev  0x000049b9      0x2e3 CMakeFiles/hw4.dir/Users/ichen/Pico/pico-sdk/src/rp2_common/hardware_spi/spi.c.obj

.debug_loclists
                0x00000000     0xbeb8
 .debug_loclists
                0x00000000      0x19a CMakeFiles/hw4.dir/hw4.c.obj
 .debug_loclists
                0x0000019a      0xb61 CMakeFiles/hw4.dir/Users/ichen/Pico/pico-sdk/src/rp2_common/hardware_gpio/gpio.c.obj
 .debug_loclists
                0x00000cfb       0xad CMakeFiles/hw4.dir/Users/ichen/Pico/pico-sdk/src/rp2_common/pico_platform/platform.c.obj
 .debug_loclists