Archive member included to satisfy reference by file (symbol)

/Applications/ArmGNUToolchain/13.2.Rel1/arm-none-eabi/bin/../lib/gcc/arm-none-eabi/13.2.1/thumb/v6-m/nofp/libgcc.a(_dvmd_tls.o)
                              CMakeFiles/dev_hid_composite.dir/Users/ichen/Pico/pico-sdk/src/rp2_common/pico_divider/divider.S.obj (__aeabi_idiv0)
/Applications/ArmGNUToolchain/13.2.Rel1/arm-none-eabi/bin/../lib/gcc/arm-none-eabi/13.2.1/../../../../arm-none-eabi/lib/thumb/v6-m/nofp/libg.a(libc_a-calloc.o)
                              CMakeFiles/dev_hid_composite.dir/Users/ichen/Pico/pico-sdk/src/rp2_common/pico_malloc/pico_malloc.c.obj (calloc)
/Applications/ArmGNUToolchain/13.2.Rel1/arm-none-eabi/bin/../lib/gcc/arm-none-eabi/13.2.1/../../../../arm-none-eabi/lib/thumb/v6-m/nofp/libg.a(libc_a-callocr.o)
                              /Applications/ArmGNUToolchain/13.2.Rel1/arm-none-eabi/bin/../lib/gcc/arm-none-eabi/13.2.1/../../../../arm-none-eabi/lib/thumb/v6-m/nofp/libg.a(libc_a-calloc.o) (_calloc_r)
/Applications/ArmGNUToolchain/13.2.Rel1/arm-none-eabi/bin/../lib/gcc/arm-none-eabi/13.2.1/../../../../arm-none-eabi/lib/thumb/v6-m/nofp/libg.a(libc_a-malloc.o)
                              CMakeFiles/dev_hid_composite.dir/Users/ichen/Pico/pico-sdk/src/rp2_common/pico_malloc/pico_malloc.c.obj (malloc)
/Applications/ArmGNUToolchain/13.2.Rel1/arm-none-eabi/bin/../lib/gcc/arm-none-eabi/13.2.1/../../../../arm-none-eabi/lib/thumb/v6-m/nofp/libg.a(libc_a-mallocr.o)
                              /Applications/ArmGNUToolchain/13.2.Rel1/arm-none-eabi/bin/../lib/gcc/arm-none-eabi/13.2.1/../../../../arm-none-eabi/lib/thumb/v6-m/nofp/libg.a(libc_a-callocr.o) (_malloc_r)
/Applications/ArmGNUToolchain/13.2.Rel1/arm-none-eabi/bin/../lib/gcc/arm-none-eabi/13.2.1/../../../../arm-none-eabi/lib/thumb/v6-m/nofp/libg.a(libc_a-mlock.o)
                              /Applications/ArmGNUToolchain/13.2.Rel1/arm-none-eabi/bin/../lib/gcc/arm-none-eabi/13.2.1/../../../../arm-none-eabi/lib/thumb/v6-m/nofp/libg.a(libc_a-mallocr.o) (__malloc_lock)
/Applications/ArmGNUToolchain/13.2.Rel1/arm-none-eabi/bin/../lib/gcc/arm-none-eabi/13.2.1/../../../../arm-none-eabi/lib/thumb/v6-m/nofp/libg.a(libc_a-realloc.o)
                              CMakeFiles/dev_hid_composite.dir/Users/ichen/Pico/pico-sdk/src/rp2_common/pico_malloc/pico_malloc.c.obj (realloc)
/Applications/ArmGNUToolchain/13.2.Rel1/arm-none-eabi/bin/../lib/gcc/arm-none-eabi/13.2.1/../../../../arm-none-eabi/lib/thumb/v6-m/nofp/libg.a(libc_a-reallocr.o)
                              /Applications/ArmGNUToolchain/13.2.Rel1/arm-none-eabi/bin/../lib/gcc/arm-none-eabi/13.2.1/../../../../arm-none-eabi/lib/thumb/v6-m/nofp/libg.a(libc_a-realloc.o) (_realloc_r)
/Applications/ArmGNUToolchain/13.2.Rel1/arm-none-eabi/bin/../lib/gcc/arm-none-eabi/13.2.1/../../../../arm-none-eabi/lib/thumb/v6-m/nofp/libg.a(libc_a-memmove.o)
                              /Applications/ArmGNUToolchain/13.2.Rel1/arm-none-eabi/bin/../lib/gcc/arm-none-eabi/13.2.1/../../../../arm-none-eabi/lib/thumb/v6-m/nofp/libg.a(libc_a-reallocr.o) (memmove)
/Applications/ArmGNUToolchain/13.2.Rel1/arm-none-eabi/bin/../lib/gcc/arm-none-eabi/13.2.1/../../../../arm-none-eabi/lib/thumb/v6-m/nofp/libg.a(libc_a-impure.o)
                              /Applications/ArmGNUToolchain/13.2.Rel1/arm-none-eabi/bin/../lib/gcc/arm-none-eabi/13.2.1/../../../../arm-none-eabi/lib/thumb/v6-m/nofp/libg.a(libc_a-calloc.o) (_impure_ptr)
/Applications/ArmGNUToolchain/13.2.Rel1/arm-none-eabi/bin/../lib/gcc/arm-none-eabi/13.2.1/../../../../arm-none-eabi/lib/thumb/v6-m/nofp/libg.a(libc_a-sbrkr.o)
                              /Applications/ArmGNUToolchain/13.2.Rel1/arm-none-eabi/bin/../lib/gcc/arm-none-eabi/13.2.1/../../../../arm-none-eabi/lib/thumb/v6-m/nofp/libg.a(libc_a-mallocr.o) (_sbrk_r)
/Applications/ArmGNUToolchain/13.2.Rel1/arm-none-eabi/bin/../lib/gcc/arm-none-eabi/13.2.1/../../../../arm-none-eabi/lib/thumb/v6-m/nofp/libg.a(libc_a-errno.o)
                              /Applications/ArmGNUToolchain/13.2.Rel1/arm-none-eabi/bin/../lib/gcc/arm-none-eabi/13.2.1/../../../../arm-none-eabi/lib/thumb/v6-m/nofp/libg.a(libc_a-callocr.o) (__errno)
/Applications/ArmGNUToolchain/13.2.Rel1/arm-none-eabi/bin/../lib/gcc/arm-none-eabi/13.2.1/../../../../arm-none-eabi/lib/thumb/v6-m/nofp/libg.a(libc_a-sysconf.o)
                              /Applications/ArmGNUToolchain/13.2.Rel1/arm-none-eabi/bin/../lib/gcc/arm-none-eabi/13.2.1/../../../../arm-none-eabi/lib/thumb/v6-m/nofp/libg.a(libc_a-mallocr.o) (sysconf)
/Applications/ArmGNUToolchain/13.2.Rel1/arm-none-eabi/bin/../lib/gcc/arm-none-eabi/13.2.1/../../../../arm-none-eabi/lib/thumb/v6-m/nofp/libg.a(libc_a-init.o)
                              /Applications/ArmGNUToolchain/13.2.Rel1/arm-none-eabi/bin/../lib/gcc/arm-none-eabi/13.2.1/../../../../arm-none-eabi/lib/thumb/v6-m/nofp/crt0.o (__libc_init_array)
[...]
Memory Configuration

Name             Origin             Length             Attributes
FLASH            0x10000000         0x00200000         xr
RAM              0x20000000         0x00040000         xrw
SCRATCH_X        0x20040000         0x00001000         xrw
SCRATCH_Y        0x20041000         0x00001000         xrw
*default*        0x00000000         0xffffffff

Linker script and memory map

LOAD /Applications/ArmGNUToolchain/13.2.Rel1/arm-none-eabi/bin/../lib/gcc/arm-none-eabi/13.2.1/thumb/v6-m/nofp/crti.o
LOAD /Applications/ArmGNUToolchain/13.2.Rel1/arm-none-eabi/bin/../lib/gcc/arm-none-eabi/13.2.1/thumb/v6-m/nofp/crtbegin.o
LOAD /Applications/ArmGNUToolchain/13.2.Rel1/arm-none-eabi/bin/../lib/gcc/arm-none-eabi/13.2.1/../../../../arm-none-eabi/lib/thumb/v6-m/nofp/crt0.o

.flash_begin    0x10000000        0x0
                0x10000000                        __flash_binary_start = .

.boot2          0x10000000      0x100
                0x10000000                        __boot2_start__ = .
 *(.boot2)
 .boot2         0x10000000      0x100 /var/folders/3k/8ryb2jqn3xj2j2f20wxkj_2h0000gn/T//ccYChe2m.o
                0x10000100                        __boot2_end__ = .
                0x00000001                        ASSERT (((__boot2_end__ - __boot2_start__) == 0x100), ERROR: Pico second stage bootloader must be 256 bytes in size)

.text           0x10000100     0x69d8
                0x10000100                        __logical_binary_start = .
 *(.vectors)
 .vectors       0x10000100       0xd4 CMakeFiles/dev_hid_composite.dir/Users/ichen/Pico/pico-sdk/src/rp2_common/pico_standard_link/crt0.S.obj
                0x10000100                __VECTOR_TABLE
                0x10000100                __vectors
                0x100001c0                __default_isrs_start
                0x100001c0                isr_invalid
                0x100001c2                isr_nmi
                0x100001c4                isr_hardfault
                0x100001c6                isr_svcall
                0x100001c8                isr_pendsv
                0x100001ca                isr_systick
                0x100001cc                isr_irq28
                0x100001cc                isr_irq19
                0x100001cc                isr_irq0
                0x100001cc                isr_irq6
                0x100001cc                isr_irq22
                0x100001cc                isr_irq17
                0x100001cc                isr_irq14
                0x100001cc                isr_irq2
                0x100001cc                isr_irq10
                0x100001cc                isr_irq8
                0x100001cc                isr_irq24
                0x100001cc                isr_irq1
                0x100001cc                isr_irq7
                0x100001cc                isr_irq21
                0x100001cc                isr_irq20
                0x100001cc                isr_irq15
                0x100001cc                isr_irq25
                0x100001cc                isr_irq4
                0x100001cc                isr_irq16
                0x100001cc                isr_irq29
                0x100001cc                isr_irq26
                0x100001cc                __default_isrs_end
                0x100001cc                isr_irq3
                0x100001cc                isr_irq9
                0x100001cc                __unhandled_user_irq
                0x100001cc                isr_irq13
                0x100001cc                isr_irq27
                0x100001cc                isr_irq31
                0x100001cc                isr_irq5
                0x100001cc                isr_irq11
                0x100001cc                isr_irq23
                0x100001cc                isr_irq18
                0x100001cc                isr_irq30
                0x100001cc                isr_irq12
                0x100001d2                unhandled_user_irq_num_in_r0
 *(.binary_info_header)
 .binary_info_header
                0x100001d4       0x14 CMakeFiles/dev_hid_composite.dir/Users/ichen/Pico/pico-sdk/src/rp2_common/pico_standard_link/crt0.S.obj
                0x100001e8                        __binary_info_header_end = .
 *(.reset)
 .reset         0x100001e8       0xa0 CMakeFiles/dev_hid_composite.dir/Users/ichen/Pico/pico-sdk/src/rp2_common/pico_standard_link/crt0.S.obj
                0x100001e8                _entry_point
 .reset         0x10000288       0x30 CMakeFiles/dev_hid_composite.dir/Users/ichen/Pico/pico-sdk/src/rp2_common/pico_standard_link/binary_info.c.obj
 *(.init)
 .init          0x100002b8        0x4 /Applications/ArmGNUToolchain/13.2.Rel1/arm-none-eabi/bin/../lib/gcc/arm-none-eabi/13.2.1/thumb/v6-m/nofp/crti.o
                0x100002b8                _init
 *(EXCLUDE_FILE(*libm.a: *libc.a:*lib_a-mem*.o *libgcc.a:) .text*)
 .text.register_tm_clones
                0x100002bc       0x28 /Applications/ArmGNUToolchain/13.2.Rel1/arm-none-eabi/bin/../lib/gcc/arm-none-eabi/13.2.1/thumb/v6-m/nofp/crtbegin.o
 .text.frame_dummy
                0x100002e4       0x24 /Applications/ArmGNUToolchain/13.2.Rel1/arm-none-eabi/bin/../lib/gcc/arm-none-eabi/13.2.1/thumb/v6-m/nofp/crtbegin.o
 .text.to_ms_since_boot
                0x10000308       0x1c CMakeFiles/dev_hid_composite.dir/main.c.obj
 .text.update_us_since_boot
                0x10000324       0x24 CMakeFiles/dev_hid_composite.dir/main.c.obj
 .text.get_absolute_time
                0x10000348       0x22 CMakeFiles/dev_hid_composite.dir/main.c.obj
 .text.board_millis
                0x1000036a       0x16 CMakeFiles/dev_hid_composite.dir/main.c.obj
 .text.send_hid_report
                0x10000380      0x134 CMakeFiles/dev_hid_composite.dir/main.c.obj
 .text.init_mpu6050
                0x100004b4       0x50 CMakeFiles/dev_hid_composite.dir/main.c.obj
                0x100004b4                init_mpu6050
 .text.read_who_am_i
                0x10000504       0x3c CMakeFiles/dev_hid_composite.dir/main.c.obj
                0x10000504                read_who_am_i
 .text.read_sensor_data
                0x10000540       0x34 CMakeFiles/dev_hid_composite.dir/main.c.obj
                0x10000540                read_sensor_data
 .text.process_sensor_data
                0x10000574       0x1c CMakeFiles/dev_hid_composite.dir/main.c.obj
                0x10000574                process_sensor_data
 .text.convert_sensor_data
                0x10000590       0x84 CMakeFiles/dev_hid_composite.dir/main.c.obj
                0x10000590                convert_sensor_data
 .text.tud_mount_cb
                0x10000614       0x10 CMakeFiles/dev_hid_composite.dir/main.c.obj
                0x10000614                tud_mount_cb
 .text.tud_umount_cb
                0x10000624        0xc CMakeFiles/dev_hid_composite.dir/main.c.obj
                0x10000624                tud_umount_cb
 .text.tud_suspend_cb
                0x10000630       0x10 CMakeFiles/dev_hid_composite.dir/main.c.obj
                0x10000630                tud_suspend_cb
 .text.tud_resume_cb
                0x10000640       0x10 CMakeFiles/dev_hid_composite.dir/main.c.obj
                0x10000640                tud_resume_cb
 .text.hid_task
                0x10000650       0x40 CMakeFiles/dev_hid_composite.dir/main.c.obj
                0x10000650                hid_task
 .text.tud_hid_report_complete_cb
                0x10000690       0x1c CMakeFiles/dev_hid_composite.dir/main.c.obj
                0x10000690                tud_hid_report_complete_cb
 .text.tud_hid_get_report_cb
                0x100006ac        0x4 CMakeFiles/dev_hid_composite.dir/main.c.obj
                0x100006ac                tud_hid_get_report_cb
 .text.tud_hid_set_report_cb
                0x100006b0       0x3c CMakeFiles/dev_hid_composite.dir/main.c.obj
                0x100006b0                tud_hid_set_report_cb
 .text.led_blinking_task
                0x100006ec       0x44 CMakeFiles/dev_hid_composite.dir/main.c.obj
                0x100006ec                led_blinking_task
 .text.main     0x10000730      0x33c CMakeFiles/dev_hid_composite.dir/main.c.obj
                0x10000730                main
 .text.tud_descriptor_device_cb
                0x10000a6c        0x8 CMakeFiles/dev_hid_composite.dir/usb_descriptors.c.obj
                0x10000a6c                tud_descriptor_device_cb
 .text.tud_hid_descriptor_report_cb
                0x10000a74        0x8 CMakeFiles/dev_hid_composite.dir/usb_descriptors.c.obj
                0x10000a74                tud_hid_descriptor_report_cb
 .text.tud_descriptor_configuration_cb
                0x10000a7c        0x8 CMakeFiles/dev_hid_composite.dir/usb_descriptors.c.obj
                0x10000a7c                tud_descriptor_configuration_cb
 .text.tud_descriptor_string_cb
                0x10000a84       0x78 CMakeFiles/dev_hid_composite.dir/usb_descriptors.c.obj
                0x10000a84                tud_descriptor_string_cb
 .text.gpio_set_function
                0x10000afc       0x30 CMakeFiles/dev_hid_composite.dir/Users/ichen/Pico/pico-sdk/src/rp2_common/hardware_gpio/gpio.c.obj
                0x10000afc                gpio_set_function
 .text.gpio_init
                0x10000b2c       0x16 CMakeFiles/dev_hid_composite.dir/Users/ichen/Pico/pico-sdk/src/rp2_common/hardware_gpio/gpio.c.obj
                0x10000b2c                gpio_init
 *fill*         0x10000b42        0x2 
 .text.running_on_fpga
                0x10000b44       0x14 CMakeFiles/dev_hid_composite.dir/Users/ichen/Pico/pico-sdk/src/rp2_common/pico_platform/platform.c.obj
                0x10000b44                running_on_fpga
 .text.hw_claim_lock
                0x10000b58       0x18 CMakeFiles/dev_hid_composite.dir/Users/ichen/Pico/pico-sdk/src/rp2_common/hardware_claim/claim.c.obj
                0x10000b58                hw_claim_lock
 .text.hw_claim_unlock
                0x10000b70       0x14 CMakeFiles/dev_hid_composite.dir/Users/ichen/Pico/pico-sdk/src/rp2_common/hardware_claim/claim.c.obj
                0x10000b70                hw_claim_unlock
 .text.hw_claim_or_assert
                0x10000b84       0x32 CMakeFiles/dev_hid_composite.dir/Users/ichen/Pico/pico-sdk/src/rp2_common/hardware_claim/claim.c.obj
                0x10000b84                hw_claim_or_assert
 .text.hw_claim_unused_from_range
                0x10000bb6       0x50 CMakeFiles/dev_hid_composite.dir/Users/ichen/Pico/pico-sdk/src/rp2_common/hardware_claim/claim.c.obj
                0x10000bb6                hw_claim_unused_from_range
 *fill*         0x10000c06        0x2 
 .text.spin_locks_reset
                0x10000c08       0x20 CMakeFiles/dev_hid_composite.dir/Users/ichen/Pico/pico-sdk/src/rp2_common/hardware_sync/sync.c.obj
                0x10000c08                spin_locks_reset
 .text.next_striped_spin_lock_num
                0x10000c28       0x1c CMakeFiles/dev_hid_composite.dir/Users/ichen/Pico/pico-sdk/src/rp2_common/hardware_sync/sync.c.obj
                0x10000c28                next_striped_spin_lock_num
 .text.spin_lock_claim_unused
                0x10000c44       0x24 CMakeFiles/dev_hid_composite.dir/Users/ichen/Pico/pico-sdk/src/rp2_common/hardware_sync/sync.c.obj
                0x10000c44                spin_lock_claim_unused
 .text.set_raw_irq_handler_and_unlock
                0x10000c68       0x28 CMakeFiles/dev_hid_composite.dir/Users/ichen/Pico/pico-sdk/src/rp2_common/hardware_irq/irq.c.obj
 .text.resolve_branch
                0x10000c90       0x30 CMakeFiles/dev_hid_composite.dir/Users/ichen/Pico/pico-sdk/src/rp2_common/hardware_irq/irq.c.obj
 .text.make_branch
                0x10000cc0       0x48 CMakeFiles/dev_hid_composite.dir/Users/ichen/Pico/pico-sdk/src/rp2_common/hardware_irq/irq.c.obj
 .text.insert_branch_and_link
                0x10000d08       0x40 CMakeFiles/dev_hid_composite.dir/Users/ichen/Pico/pico-sdk/src/rp2_common/hardware_irq/irq.c.obj
 .text.irq_is_enabled
                0x10000d48       0x18 CMakeFiles/dev_hid_composite.dir/Users/ichen/Pico/pico-sdk/src/rp2_common/hardware_irq/irq.c.obj
                0x10000d48                irq_is_enabled
 .text.irq_set_mask_enabled
                0x10000d60       0x20 CMakeFiles/dev_hid_composite.dir/Users/ichen/Pico/pico-sdk/src/rp2_common/hardware_irq/irq.c.obj
                0x10000d60                irq_set_mask_enabled
 .text.irq_set_enabled
                0x10000d80        0xe CMakeFiles/dev_hid_composite.dir/Users/ichen/Pico/pico-sdk/src/rp2_common/hardware_irq/irq.c.obj
                0x10000d80                irq_set_enabled
 *fill*         0x10000d8e        0x2 
 .text.irq_get_vtable_handler
                0x10000d90       0x10 CMakeFiles/dev_hid_composite.dir/Users/ichen/Pico/pico-sdk/src/rp2_common/hardware_irq/irq.c.obj
                0x10000d90                irq_get_vtable_handler
 .text.irq_set_exclusive_handler
                0x10000da0       0x54 CMakeFiles/dev_hid_composite.dir/Users/ichen/Pico/pico-sdk/src/rp2_common/hardware_irq/irq.c.obj
                0x10000da0                irq_set_exclusive_handler
 .text.irq_add_shared_handler
                0x10000df4      0x210 CMakeFiles/dev_hid_composite.dir/Users/ichen/Pico/pico-sdk/src/rp2_common/hardware_irq/irq.c.obj
                0x10000df4                irq_add_shared_handler
 .text.irq_remove_handler
                0x10001004      0x188 CMakeFiles/dev_hid_composite.dir/Users/ichen/Pico/pico-sdk/src/rp2_common/hardware_irq/irq.c.obj
                0x10001004                irq_remove_handler
 .text.irq_add_tail_to_free_list
                0x1000118c       0xf0 CMakeFiles/dev_hid_composite.dir/Users/ichen/Pico/pico-sdk/src/rp2_common/hardware_irq/irq.c.obj
                0x1000118c                irq_add_tail_to_free_list
 .text.irq_init_priorities
                0x1000127c       0x1c CMakeFiles/dev_hid_composite.dir/Users/ichen/Pico/pico-sdk/src/rp2_common/hardware_irq/irq.c.obj
                0x1000127c                irq_init_priorities
 .text.lock_init
                0x10001298       0x10 CMakeFiles/dev_hid_composite.dir/Users/ichen/Pico/pico-sdk/src/common/pico_sync/lock_core.c.obj
                0x10001298                lock_init
 .text.update_us_since_boot
                0x100012a8       0x24 CMakeFiles/dev_hid_composite.dir/Users/ichen/Pico/pico-sdk/src/common/pico_sync/mutex.c.obj
 .text.delayed_by_ms
                0x100012cc       0x44 CMakeFiles/dev_hid_composite.dir/Users/ichen/Pico/pico-sdk/src/common/pico_sync/mutex.c.obj
 .text.get_absolute_time
                0x10001310       0x22 CMakeFiles/dev_hid_composite.dir/Users/ichen/Pico/pico-sdk/src/common/pico_sync/mutex.c.obj
 .text.make_timeout_time_ms
                0x10001332       0x20 CMakeFiles/dev_hid_composite.dir/Users/ichen/Pico/pico-sdk/src/common/pico_sync/mutex.c.obj
 .text.mutex_init
                0x10001352       0x1a CMakeFiles/dev_hid_composite.dir/Users/ichen/Pico/pico-sdk/src/common/pico_sync/mutex.c.obj
                0x10001352                mutex_init
 .text.recursive_mutex_init
                0x1000136c       0x1e CMakeFiles/dev_hid_composite.dir/Users/ichen/Pico/pico-sdk/src/common/pico_sync/mutex.c.obj
                0x1000136c                recursive_mutex_init
 *fill*         0x1000138a        0x2 
 .text.critical_section_init_with_lock_num
                0x1000138c       0x14 CMakeFiles/dev_hid_composite.dir/Users/ichen/Pico/pico-sdk/src/common/pico_sync/critical_section.c.obj
                0x1000138c                critical_section_init_with_lock_num
 .text.critical_section_init
                0x100013a0       0x14 CMakeFiles/dev_hid_composite.dir/Users/ichen/Pico/pico-sdk/src/common/pico_sync/critical_section.c.obj
                0x100013a0                critical_section_init
 .text.time_reached
                0x100013b4       0x28 CMakeFiles/dev_hid_composite.dir/Users/ichen/Pico/pico-sdk/src/common/pico_time/time.c.obj
 .text.get_entry
                0x100013dc       0x38 CMakeFiles/dev_hid_composite.dir/Users/ichen/Pico/pico-sdk/src/common/pico_time/time.c.obj
 .text.timer_pool_entry_comparator
                0x10001414       0x2e CMakeFiles/dev_hid_composite.dir/Users/ichen/Pico/pico-sdk/src/common/pico_time/time.c.obj
                0x10001414                timer_pool_entry_comparator
 *fill*         0x10001442        0x2 
 .text.update_us_since_boot
                0x10001444       0x24 CMakeFiles/dev_hid_composite.dir/Users/ichen/Pico/pico-sdk/src/common/pico_time/time.c.obj
 .text.delayed_by_us
                0x10001468       0x34 CMakeFiles/dev_hid_composite.dir/Users/ichen/Pico/pico-sdk/src/common/pico_time/time.c.obj
 .text.ph_get_node
                0x1000149c       0x30 CMakeFiles/dev_hid_composite.dir/Users/ichen/Pico/pico-sdk/src/common/pico_time/time.c.obj
 .text.ph_contains_node
                0x100014cc       0x1e CMakeFiles/dev_hid_composite.dir/Users/ichen/Pico/pico-sdk/src/common/pico_time/time.c.obj
 .text.ph_new_node
                0x100014ea       0x28 CMakeFiles/dev_hid_composite.dir/Users/ichen/Pico/pico-sdk/src/common/pico_time/time.c.obj
 *fill*         0x10001512        0x2 
 .text.ph_add_child_node
                0x10001514       0x6c CMakeFiles/dev_hid_composite.dir/Users/ichen/Pico/pico-sdk/src/common/pico_time/time.c.obj
 .text.ph_merge_nodes
                0x10001580       0x3e CMakeFiles/dev_hid_composite.dir/Users/ichen/Pico/pico-sdk/src/common/pico_time/time.c.obj
 *fill*         0x100015be        0x2 
 .text.ph_insert_node
                0x100015c0       0x3c CMakeFiles/dev_hid_composite.dir/Users/ichen/Pico/pico-sdk/src/common/pico_time/time.c.obj
 .text.ph_free_node
                0x100015fc       0x5c CMakeFiles/dev_hid_composite.dir/Users/ichen/Pico/pico-sdk/src/common/pico_time/time.c.obj
 .text.get_entry_id_high
                0x10001658       0x30 CMakeFiles/dev_hid_composite.dir/Users/ichen/Pico/pico-sdk/src/common/pico_time/time.c.obj
 .text.alarm_pool_post_alloc_init
                0x10001688       0x40 CMakeFiles/dev_hid_composite.dir/Users/ichen/Pico/pico-sdk/src/common/pico_time/time.c.obj
 .text.sleep_until_callback
                0x100016c8       0x30 CMakeFiles/dev_hid_composite.dir/Users/ichen/Pico/pico-sdk/src/common/pico_time/time.c.obj
 .text.get_absolute_time
                0x100016f8       0x22 CMakeFiles/dev_hid_composite.dir/Users/ichen/Pico/pico-sdk/src/common/pico_time/time.c.obj
 .text.make_timeout_time_us
                0x1000171a       0x24 CMakeFiles/dev_hid_composite.dir/Users/ichen/Pico/pico-sdk/src/common/pico_time/time.c.obj
 *fill*         0x1000173e        0x2 
 .text.add_alarm_under_lock
                0x10001740       0x94 CMakeFiles/dev_hid_composite.dir/Users/ichen/Pico/pico-sdk/src/common/pico_time/time.c.obj
 .text.alarm_pool_alarm_callback
                0x100017d4      0x210 CMakeFiles/dev_hid_composite.dir/Users/ichen/Pico/pico-sdk/src/common/pico_time/time.c.obj
 .text.alarm_pool_init_default
                0x100019e4       0x40 CMakeFiles/dev_hid_composite.dir/Users/ichen/Pico/pico-sdk/src/common/pico_time/time.c.obj
                0x100019e4                alarm_pool_init_default
 .text.alarm_pool_get_default
                0x10001a24       0x2c CMakeFiles/dev_hid_composite.dir/Users/ichen/Pico/pico-sdk/src/common/pico_time/time.c.obj
                0x10001a24                alarm_pool_get_default
 .text.alarm_pool_add_alarm_at
                0x10001a50      0x10e CMakeFiles/dev_hid_composite.dir/Users/ichen/Pico/pico-sdk/src/common/pico_time/time.c.obj
                0x10001a50                alarm_pool_add_alarm_at
 .text.add_alarm_at
                0x10001b5e       0x2e CMakeFiles/dev_hid_composite.dir/Users/ichen/Pico/pico-sdk/src/common/pico_time/time.c.obj
 .text.alarm_pool_cancel_alarm
                0x10001b8c       0xa8 CMakeFiles/dev_hid_composite.dir/Users/ichen/Pico/pico-sdk/src/common/pico_time/time.c.obj
                0x10001b8c                alarm_pool_cancel_alarm
 .text.cancel_alarm
                0x10001c34       0x10 CMakeFiles/dev_hid_composite.dir/Users/ichen/Pico/pico-sdk/src/common/pico_time/time.c.obj
 .text.sleep_until
                0x10001c44       0xb0 CMakeFiles/dev_hid_composite.dir/Users/ichen/Pico/pico-sdk/src/common/pico_time/time.c.obj
                0x10001c44                sleep_until
 .text.sleep_us
                0x10001cf4       0x1a CMakeFiles/dev_hid_composite.dir/Users/ichen/Pico/pico-sdk/src/common/pico_time/time.c.obj
                0x10001cf4                sleep_us
 .text.sleep_ms
                0x10001d0e       0x14 CMakeFiles/dev_hid_composite.dir/Users/ichen/Pico/pico-sdk/src/common/pico_time/time.c.obj
                0x10001d0e                sleep_ms
 *fill*         0x10001d22        0x2 
 .text.best_effort_wfe_or_timeout
                0x10001d24       0x44 CMakeFiles/dev_hid_composite.dir/Users/ichen/Pico/pico-sdk/src/common/pico_time/time.c.obj
                0x10001d24                best_effort_wfe_or_timeout
 .text.hardware_alarm_irq_handler
                0x10001d68       0x8c CMakeFiles/dev_hid_composite.dir/Users/ichen/Pico/pico-sdk/src/rp2_common/hardware_timer/timer.c.obj
 .text.hardware_alarm_claim
                0x10001df4       0x18 CMakeFiles/dev_hid_composite.dir/Users/ichen/Pico/pico-sdk/src/rp2_common/hardware_timer/timer.c.obj
                0x10001df4                hardware_alarm_claim
 .text.time_us_64
                0x10001e0c       0x18 CMakeFiles/dev_hid_composite.dir/Users/ichen/Pico/pico-sdk/src/rp2_common/hardware_timer/timer.c.obj
                0x10001e0c                time_us_64
 .text.busy_wait_until
                0x10001e24       0x28 CMakeFiles/dev_hid_composite.dir/Users/ichen/Pico/pico-sdk/src/rp2_common/hardware_timer/timer.c.obj
                0x10001e24                busy_wait_until
 .text.hardware_alarm_set_callback
                0x10001e4c       0x90 CMakeFiles/dev_hid_composite.dir/Users/ichen/Pico/pico-sdk/src/rp2_common/hardware_timer/timer.c.obj
                0x10001e4c                hardware_alarm_set_callback
 .text.hardware_alarm_set_target
                0x10001edc       0xe8 CMakeFiles/dev_hid_composite.dir/Users/ichen/Pico/pico-sdk/src/rp2_common/hardware_timer/timer.c.obj
                0x10001edc                hardware_alarm_set_target
 .text.hardware_alarm_cancel
                0x10001fc4       0x40 CMakeFiles/dev_hid_composite.dir/Users/ichen/Pico/pico-sdk/src/rp2_common/hardware_timer/timer.c.obj
                0x10001fc4                hardware_alarm_cancel
 .text.ph_get_node
                0x10002004       0x30 CMakeFiles/dev_hid_composite.dir/Users/ichen/Pico/pico-sdk/src/common/pico_util/pheap.c.obj
 .text.ph_add_child_node
                0x10002034       0x6c CMakeFiles/dev_hid_composite.dir/Users/ichen/Pico/pico-sdk/src/common/pico_util/pheap.c.obj
 .text.ph_merge_nodes
                0x100020a0       0x3e CMakeFiles/dev_hid_composite.dir/Users/ichen/Pico/pico-sdk/src/common/pico_util/pheap.c.obj
 .text.ph_clear
                0x100020de       0x34 CMakeFiles/dev_hid_composite.dir/Users/ichen/Pico/pico-sdk/src/common/pico_util/pheap.c.obj
                0x100020de                ph_clear
 .text.ph_post_alloc_init
                0x10002112        0xe CMakeFiles/dev_hid_composite.dir/Users/ichen/Pico/pico-sdk/src/common/pico_util/pheap.c.obj
                0x10002112                ph_post_alloc_init
 .text.ph_merge_two_pass
                0x10002120       0x5c CMakeFiles/dev_hid_composite.dir/Users/ichen/Pico/pico-sdk/src/common/pico_util/pheap.c.obj
                0x10002120                ph_merge_two_pass
 .text.ph_remove_any_head
                0x1000217c       0xc0 CMakeFiles/dev_hid_composite.dir/Users/ichen/Pico/pico-sdk/src/common/pico_util/pheap.c.obj
 .text.ph_remove_head
                0x1000223c       0x14 CMakeFiles/dev_hid_composite.dir/Users/ichen/Pico/pico-sdk/src/common/pico_util/pheap.c.obj
                0x1000223c                ph_remove_head
 .text.ph_remove_and_free_node
                0x10002250       0xa0 CMakeFiles/dev_hid_composite.dir/Users/ichen/Pico/pico-sdk/src/common/pico_util/pheap.c.obj
                0x10002250                ph_remove_and_free_node
 .text.clock_configure
                0x100022f0      0x108 CMakeFiles/dev_hid_composite.dir/Users/ichen/Pico/pico-sdk/src/rp2_common/hardware_clocks/clocks.c.obj
                0x100022f0                clock_configure
 .text.clocks_init
                0x100023f8      0x100 CMakeFiles/dev_hid_composite.dir/Users/ichen/Pico/pico-sdk/src/rp2_common/hardware_clocks/clocks.c.obj
                0x100023f8                clocks_init
 .text.clock_get_hz
                0x100024f8        0xc CMakeFiles/dev_hid_composite.dir/Users/ichen/Pico/pico-sdk/src/rp2_common/hardware_clocks/clocks.c.obj
                0x100024f8                clock_get_hz
 .text.pll_init
                0x10002504      0x120 CMakeFiles/dev_hid_composite.dir/Users/ichen/Pico/pico-sdk/src/rp2_common/hardware_pll/pll.c.obj
                0x10002504                pll_init
 .text.watchdog_start_tick
                0x10002624       0x10 CMakeFiles/dev_hid_composite.dir/Users/ichen/Pico/pico-sdk/src/rp2_common/hardware_watchdog/watchdog.c.obj
                0x10002624                watchdog_start_tick
 .text.xosc_init
                0x10002634       0x28 CMakeFiles/dev_hid_composite.dir/Users/ichen/Pico/pico-sdk/src/rp2_common/hardware_xosc/xosc.c.obj
                0x10002634                xosc_init
 .text._exit    0x1000265c        0x4 CMakeFiles/dev_hid_composite.dir/Users/ichen/Pico/pico-sdk/src/rp2_common/pico_runtime/runtime.c.obj
                0x1000265c                _exit
 .text.exit     0x10002660        0x6 CMakeFiles/dev_hid_composite.dir/Users/ichen/Pico/pico-sdk/src/rp2_common/pico_runtime/runtime.c.obj
                0x10002660                exit
 *fill*         0x10002666        0x2 
 .text.__assert_func
                0x10002668       0x38 CMakeFiles/dev_hid_composite.dir/Users/ichen/Pico/pico-sdk/src/rp2_common/pico_runtime/runtime.c.obj
                0x10002668                __assert_func
 .text.runtime_init
                0x100026a0       0xf8 CMakeFiles/dev_hid_composite.dir/Users/ichen/Pico/pico-sdk/src/rp2_common/pico_runtime/runtime.c.obj
                0x100026a0                runtime_init
 .text.panic    0x10002798       0x30 CMakeFiles/dev_hid_composite.dir/Users/ichen/Pico/pico-sdk/src/rp2_common/pico_runtime/runtime.c.obj
                0x10002798                panic
 .text._out_null
                0x100027c8        0x2 CMakeFiles/dev_hid_composite.dir/Users/ichen/Pico/pico-sdk/src/rp2_common/pico_printf/printf.c.obj
 .text._out_fct
                0x100027ca        0xe CMakeFiles/dev_hid_composite.dir/Users/ichen/Pico/pico-sdk/src/rp2_common/pico_printf/printf.c.obj
 .text._atoi    0x100027d8       0x24 CMakeFiles/dev_hid_composite.dir/Users/ichen/Pico/pico-sdk/src/rp2_common/pico_printf/printf.c.obj
 .text._out_rev
                0x100027fc       0xae CMakeFiles/dev_hid_composite.dir/Users/ichen/Pico/pico-sdk/src/rp2_common/pico_printf/printf.c.obj
 .text._ntoa_format
                0x100028aa      0x110 CMakeFiles/dev_hid_composite.dir/Users/ichen/Pico/pico-sdk/src/rp2_common/pico_printf/printf.c.obj
 .text._ntoa_long
                0x100029ba       0xbc CMakeFiles/dev_hid_composite.dir/Users/ichen/Pico/pico-sdk/src/rp2_common/pico_printf/printf.c.obj
 .text._ntoa_long_long
                0x10002a76      0x10e CMakeFiles/dev_hid_composite.dir/Users/ichen/Pico/pico-sdk/src/rp2_common/pico_printf/printf.c.obj
 .text._etoa    0x10002b84      0x420 CMakeFiles/dev_hid_composite.dir/Users/ichen/Pico/pico-sdk/src/rp2_common/pico_printf/printf.c.obj
 .text._ftoa    0x10002fa4      0x354 CMakeFiles/dev_hid_composite.dir/Users/ichen/Pico/pico-sdk/src/rp2_common/pico_printf/printf.c.obj
 .text._vsnprintf
                0x100032f8      0x668 CMakeFiles/dev_hid_composite.dir/Users/ichen/Pico/pico-sdk/src/rp2_common/pico_printf/printf.c.obj
 .text.vfctprintf
                0x10003960       0x20 CMakeFiles/dev_hid_composite.dir/Users/ichen/Pico/pico-sdk/src/rp2_common/pico_printf/printf.c.obj
                0x10003960                vfctprintf
 .text          0x10003980       0x10 CMakeFiles/dev_hid_composite.dir/Users/ichen/Pico/pico-sdk/src/rp2_common/pico_bit_ops/bit_ops_aeabi.S.obj
 .text.rom_func_lookup
                0x10003990       0x10 CMakeFiles/dev_hid_composite.dir/Users/ichen/Pico/pico-sdk/src/rp2_common/pico_bootrom/bootrom.c.obj
                0x10003990                rom_func_lookup
 .text.rom_data_lookup
                0x100039a0       0x10 CMakeFiles/dev_hid_composite.dir/Users/ichen/Pico/pico-sdk/src/rp2_common/pico_bootrom/bootrom.c.obj
                0x100039a0                rom_data_lookup
 .text.rom_funcs_lookup
                0x100039b0       0x36 CMakeFiles/dev_hid_composite.dir/Users/ichen/Pico/pico-sdk/src/rp2_common/pico_bootrom/bootrom.c.obj
                0x100039b0                rom_funcs_lookup
 *fill*         0x100039e6        0x2 
 .text.__wrap___aeabi_idiv
                0x100039e8       0x50 CMakeFiles/dev_hid_composite.dir/Users/ichen/Pico/pico-sdk/src/rp2_common/pico_divider/divider.S.obj
                0x100039e8                __wrap___aeabi_idivmod
                0x100039e8                divmod_s32s32
                0x100039e8                div_s32s32
                0x100039e8                __wrap___aeabi_idiv
                0x100039f0                divmod_s32s32_unsafe
                0x10003a1c                divmod_s32s32_savestate
 .text.__wrap___aeabi_uidiv
                0x10003a38       0x4c CMakeFiles/dev_hid_composite.dir/Users/ichen/Pico/pico-sdk/src/rp2_common/pico_divider/divider.S.obj
                0x10003a38                __wrap___aeabi_uidiv
                0x10003a38                __wrap___aeabi_uidivmod
                0x10003a38                div_u32u32
                0x10003a38                divmod_u32u32
                0x10003a40                divmod_u32u32_unsafe
                0x10003a68                divmod_u32u32_savestate
 .text.__wrap___aeabi_ldiv
                0x10003a84      0x424 CMakeFiles/dev_hid_composite.dir/Users/ichen/Pico/pico-sdk/src/rp2_common/pico_divider/divider.S.obj
                0x10003a84                __wrap___aeabi_ldivmod
                0x10003a84                div_s64s64
                0x10003a84                divmod_s64s64
                0x10003ab4                divmod_u64u64
                0x10003ab4                div_u64u64
                0x10003ab4                __wrap___aeabi_uldivmod
                0x10003ac4                divmod_u64u64_savestate
                0x10003ae4                divmod_s64s64_unsafe
                0x10003b6c                divmod_u64u64_unsafe
 .text.__wrap___aeabi_darithmetic
                0x10003ea8       0x80 CMakeFiles/dev_hid_composite.dir/Users/ichen/Pico/pico-sdk/src/rp2_common/pico_double/double_aeabi.S.obj
                0x10003ea8                __wrap___aeabi_drsub
                0x10003eae                __wrap___aeabi_dsub
                0x10003ec0                __wrap___aeabi_dadd
                0x10003ed2                __wrap___aeabi_ddiv
                0x10003f0e                __wrap___aeabi_dmul
 .text.__wrap___aeabi_cdcmple
                0x10003f28       0x6c CMakeFiles/dev_hid_composite.dir/Users/ichen/Pico/pico-sdk/src/rp2_common/pico_double/double_aeabi.S.obj
                0x10003f28                __wrap___aeabi_cdrcmple
                0x10003f38                __wrap___aeabi_cdcmple
                0x10003f38                __wrap___aeabi_cdcmpeq
 .text.__wrap___aeabi_dcmplt
                0x10003f94        0xc CMakeFiles/dev_hid_composite.dir/Users/ichen/Pico/pico-sdk/src/rp2_common/pico_double/double_aeabi.S.obj
                0x10003f94                __wrap___aeabi_dcmplt
 .text.__wrap___aeabi_dcmple
                0x10003fa0       0x10 CMakeFiles/dev_hid_composite.dir/Users/ichen/Pico/pico-sdk/src/rp2_common/pico_double/double_aeabi.S.obj
                0x10003fa0                __wrap___aeabi_dcmple
 .text.__wrap___aeabi_dcmpge
                0x10003fb0       0x10 CMakeFiles/dev_hid_composite.dir/Users/ichen/Pico/pico-sdk/src/rp2_common/pico_double/double_aeabi.S.obj
                0x10003fb0                __wrap___aeabi_dcmpge
 .text.__wrap___aeabi_dcmpgt
                0x10003fc0        0xa CMakeFiles/dev_hid_composite.dir/Users/ichen/Pico/pico-sdk/src/rp2_common/pico_double/double_aeabi.S.obj
                0x10003fc0                __wrap___aeabi_dcmpgt
 .text.__wrap___aeabi_dcmpun
                0x10003fca       0x1c CMakeFiles/dev_hid_composite.dir/Users/ichen/Pico/pico-sdk/src/rp2_common/pico_double/double_aeabi.S.obj
                0x10003fca                __wrap___aeabi_dcmpun
 *fill*         0x10003fe6        0x2 
 .text.__wrap___aeabi_i2d
                0x10003fe8       0x38 CMakeFiles/dev_hid_composite.dir/Users/ichen/Pico/pico-sdk/src/rp2_common/pico_double/double_aeabi.S.obj
                0x10003fe8                __wrap___aeabi_ui2d
                0x10003ff0                __wrap___aeabi_i2d
 .text.__wrap___aeabi_d2iz
                0x10004020       0x48 CMakeFiles/dev_hid_composite.dir/Users/ichen/Pico/pico-sdk/src/rp2_common/pico_double/double_aeabi.S.obj
                0x10004020                __wrap___aeabi_d2iz
                0x10004020                double2int_z
 .text.__wrap___aeabi_d2uiz
                0x10004068       0x18 CMakeFiles/dev_hid_composite.dir/Users/ichen/Pico/pico-sdk/src/rp2_common/pico_double/double_aeabi.S.obj
                0x10004068                double2uint
                0x10004068                __wrap___aeabi_d2uiz
 .text.__aeabi_double_init
                0x10004080       0xcc CMakeFiles/dev_hid_composite.dir/Users/ichen/Pico/pico-sdk/src/rp2_common/pico_double/double_init_rom.c.obj
                0x10004080                __aeabi_double_init
 .text.double_table_shim_on_use_helper
                0x1000414c       0x34 CMakeFiles/dev_hid_composite.dir/Users/ichen/Pico/pico-sdk/src/rp2_common/pico_double/double_v1_rom_shim.S.obj
                0x1000414c                double_table_shim_on_use_helper
 .text.__wrap___aeabi_dsub
                0x10004180       0x10 CMakeFiles/dev_hid_composite.dir/Users/ichen/Pico/pico-sdk/src/rp2_common/pico_double/double_v1_rom_shim.S.obj
                0x10004180                drsub_shim
                0x10004186                dsub_shim
 .text.dadd_shim
                0x10004190      0x15c CMakeFiles/dev_hid_composite.dir/Users/ichen/Pico/pico-sdk/src/rp2_common/pico_double/double_v1_rom_shim.S.obj
                0x10004190                dadd_shim
 .text.dmul_shim
                0x100042ec      0x15c CMakeFiles/dev_hid_composite.dir/Users/ichen/Pico/pico-sdk/src/rp2_common/pico_double/double_v1_rom_shim.S.obj
                0x100042ec                dmul_shim
 .text.ddiv_shim
                0x10004448      0x1b0 CMakeFiles/dev_hid_composite.dir/Users/ichen/Pico/pico-sdk/src/rp2_common/pico_double/double_v1_rom_shim.S.obj
                0x10004448                ddiv_shim
 .text.double2uint_shim
                0x100045f8        0xe CMakeFiles/dev_hid_composite.dir/Users/ichen/Pico/pico-sdk/src/rp2_common/pico_double/double_v1_rom_shim.S.obj
                0x100045f8                double2uint_shim
                0x100045fa                double2ufix_shim
 *fill*         0x10004606        0x2 
 .text.double2uint64_shim
                0x10004608       0x70 CMakeFiles/dev_hid_composite.dir/Users/ichen/Pico/pico-sdk/src/rp2_common/pico_double/double_v1_rom_shim.S.obj
                0x10004608                double2uint64_shim
                0x1000460a                double2ufix64_shim
                0x1000462a                d2fix_a
 .text.dunpacks
                0x10004678       0x3c CMakeFiles/dev_hid_composite.dir/Users/ichen/Pico/pico-sdk/src/rp2_common/pico_double/double_v1_rom_shim.S.obj
                0x10004678                dunpacks
 .text.__aeabi_lmul
                0x100046b4       0x32 CMakeFiles/dev_hid_composite.dir/Users/ichen/Pico/pico-sdk/src/rp2_common/pico_int64_ops/pico_int64_ops_aeabi.S.obj
                0x100046b4                __wrap___aeabi_lmul
 *fill*         0x100046e6        0x2 
 .text.__wrap___aeabi_farithmetic
                0x100046e8       0x58 CMakeFiles/dev_hid_composite.dir/Users/ichen/Pico/pico-sdk/src/rp2_common/pico_float/float_aeabi.S.obj
                0x100046e8                __wrap___aeabi_frsub
                0x100046ee                __wrap___aeabi_fsub
                0x100046f8                __wrap___aeabi_fadd
                0x10004702                __wrap___aeabi_fdiv
                0x1000472e                __wrap___aeabi_fmul
 .text.__wrap___aeabi_i2f
                0x10004740       0x44 CMakeFiles/dev_hid_composite.dir/Users/ichen/Pico/pico-sdk/src/rp2_common/pico_float/float_aeabi.S.obj
                0x10004740                __wrap___aeabi_i2f
 .text.__wrap___aeabi_f2d
                0x10004784       0x14 CMakeFiles/dev_hid_composite.dir/Users/ichen/Pico/pico-sdk/src/rp2_common/pico_float/float_aeabi.S.obj
                0x10004784                __wrap___aeabi_f2d
 .text.__aeabi_float_init
                0x10004798       0xfc CMakeFiles/dev_hid_composite.dir/Users/ichen/Pico/pico-sdk/src/rp2_common/pico_float/float_init_rom.c.obj
                0x10004798                __aeabi_float_init
 .text.float_table_shim_on_use_helper
                0x10004894       0x34 CMakeFiles/dev_hid_composite.dir/Users/ichen/Pico/pico-sdk/src/rp2_common/pico_float/float_v1_rom_shim.S.obj
                0x10004894                float_table_shim_on_use_helper
 .text.float2double_shim
                0x100048c8       0x30 CMakeFiles/dev_hid_composite.dir/Users/ichen/Pico/pico-sdk/src/rp2_common/pico_float/float_v1_rom_shim.S.obj
                0x100048c8                float2double_shim
 .text          0x100048f8       0x10 CMakeFiles/dev_hid_composite.dir/Users/ichen/Pico/pico-sdk/src/rp2_common/pico_mem_ops/mem_ops_aeabi.S.obj
                0x100048f8                __aeabi_mem_init
 .text.memset   0x10004908        0xc CMakeFiles/dev_hid_composite.dir/Users/ichen/Pico/pico-sdk/src/rp2_common/pico_mem_ops/mem_ops_aeabi.S.obj
                0x10004908                __wrap_memset
 .text.memcpy   0x10004914        0xc CMakeFiles/dev_hid_composite.dir/Users/ichen/Pico/pico-sdk/src/rp2_common/pico_mem_ops/mem_ops_aeabi.S.obj
                0x10004914                __wrap___aeabi_memcpy
                0x10004914                __wrap_memcpy
 .text.stdio_out_chars_no_crlf
                0x10004920        0xe CMakeFiles/dev_hid_composite.dir/Users/ichen/Pico/pico-sdk/src/rp2_common/pico_stdio/stdio.c.obj
 *fill*         0x1000492e        0x2 
 .text.stdio_out_chars_crlf
                0x10004930       0x80 CMakeFiles/dev_hid_composite.dir/Users/ichen/Pico/pico-sdk/src/rp2_common/pico_stdio/stdio.c.obj
 .text.stdio_stack_buffer_flush
                0x100049b0       0x44 CMakeFiles/dev_hid_composite.dir/Users/ichen/Pico/pico-sdk/src/rp2_common/pico_stdio/stdio.c.obj
 .text.stdio_buffered_printer
                0x100049f4       0x20 CMakeFiles/dev_hid_composite.dir/Users/ichen/Pico/pico-sdk/src/rp2_common/pico_stdio/stdio.c.obj
 .text.update_us_since_boot
                0x10004a14       0x24 CMakeFiles/dev_hid_composite.dir/Users/ichen/Pico/pico-sdk/src/rp2_common/pico_stdio/stdio.c.obj
 .text.get_absolute_time
                0x10004a38       0x22 CMakeFiles/dev_hid_composite.dir/Users/ichen/Pico/pico-sdk/src/rp2_common/pico_stdio/stdio.c.obj
 *fill*         0x10004a5a        0x2 
 .text.delayed_by_ms
                0x10004a5c       0x44 CMakeFiles/dev_hid_composite.dir/Users/ichen/Pico/pico-sdk/src/rp2_common/pico_stdio/stdio.c.obj
 .text.make_timeout_time_ms
                0x10004aa0       0x20 CMakeFiles/dev_hid_composite.dir/Users/ichen/Pico/pico-sdk/src/rp2_common/pico_stdio/stdio.c.obj
 .text.stdout_serialize_begin
                0x10004ac0       0x20 CMakeFiles/dev_hid_composite.dir/Users/ichen/Pico/pico-sdk/src/rp2_common/pico_stdio/stdio.c.obj
                0x10004ac0                stdout_serialize_begin
 .text.stdout_serialize_end
                0x10004ae0       0x10 CMakeFiles/dev_hid_composite.dir/Users/ichen/Pico/pico-sdk/src/rp2_common/pico_stdio/stdio.c.obj
                0x10004ae0                stdout_serialize_end
 .text.stdio_put_string
                0x10004af0       0x98 CMakeFiles/dev_hid_composite.dir/Users/ichen/Pico/pico-sdk/src/rp2_common/pico_stdio/stdio.c.obj
 .text.__wrap_putchar
                0x10004b88       0x1c CMakeFiles/dev_hid_composite.dir/Users/ichen/Pico/pico-sdk/src/rp2_common/pico_stdio/stdio.c.obj
                0x10004b88                __wrap_putchar
 .text.stdio_flush
                0x10004ba4       0x20 CMakeFiles/dev_hid_composite.dir/Users/ichen/Pico/pico-sdk/src/rp2_common/pico_stdio/stdio.c.obj
                0x10004ba4                stdio_flush
 .text.__wrap_puts
                0x10004bc4       0x1e CMakeFiles/dev_hid_composite.dir/Users/ichen/Pico/pico-sdk/src/rp2_common/pico_stdio/stdio.c.obj
                0x10004bc4                __wrap_puts
 *fill*         0x10004be2        0x2 
 .text.__wrap_vprintf
                0x10004be4       0x40 CMakeFiles/dev_hid_composite.dir/Users/ichen/Pico/pico-sdk/src/rp2_common/pico_stdio/stdio.c.obj
                0x10004be4                __wrap_vprintf
 .text.__wrap_printf
                0x10004c24       0x18 CMakeFiles/dev_hid_composite.dir/Users/ichen/Pico/pico-sdk/src/rp2_common/pico_stdio/stdio.c.obj
                0x10004c24                __wrap_printf
 .text.stdio_init_all
                0x10004c3c        0x8 CMakeFiles/dev_hid_composite.dir/Users/ichen/Pico/pico-sdk/src/rp2_common/pico_stdio/stdio.c.obj
                0x10004c3c                stdio_init_all
 .text.stdio_usb_init
                0x10004c44        0x4 CMakeFiles/dev_hid_composite.dir/Users/ichen/Pico/pico-sdk/src/rp2_common/pico_stdio_usb/stdio_usb.c.obj
                0x10004c44                stdio_usb_init
 .text._retrieve_unique_id_on_boot
                0x10004c48       0x10 CMakeFiles/dev_hid_composite.dir/Users/ichen/Pico/pico-sdk/src/rp2_common/pico_unique_id/unique_id.c.obj
 .text.pico_get_unique_board_id_string
                0x10004c58       0x5c CMakeFiles/dev_hid_composite.dir/Users/ichen/Pico/pico-sdk/src/rp2_common/pico_unique_id/unique_id.c.obj
                0x10004c58                pico_get_unique_board_id_string
 .text.flash_get_unique_id
                0x10004cb4       0x40 CMakeFiles/dev_hid_composite.dir/Users/ichen/Pico/pico-sdk/src/rp2_common/hardware_flash/flash.c.obj
                0x10004cb4                flash_get_unique_id
 .text.hw_endpoint_get_by_addr
                0x10004cf4       0x18 CMakeFiles/dev_hid_composite.dir/Users/ichen/Pico/pico-sdk/lib/tinyusb/src/portable/raspberrypi/rp2040/dcd_rp2040.c.obj
 .text._hw_endpoint_alloc
                0x10004d0c       0x70 CMakeFiles/dev_hid_composite.dir/Users/ichen/Pico/pico-sdk/lib/tinyusb/src/portable/raspberrypi/rp2040/dcd_rp2040.c.obj
 .text.hw_endpoint_init
                0x10004d7c       0x88 CMakeFiles/dev_hid_composite.dir/Users/ichen/Pico/pico-sdk/lib/tinyusb/src/portable/raspberrypi/rp2040/dcd_rp2040.c.obj
 .text.dcd_event_sof
                0x10004e04       0x2c CMakeFiles/dev_hid_composite.dir/Users/ichen/Pico/pico-sdk/lib/tinyusb/src/portable/raspberrypi/rp2040/dcd_rp2040.c.obj
 .text.hw_endpoint_xfer
                0x10004e30       0x14 CMakeFiles/dev_hid_composite.dir/Users/ichen/Pico/pico-sdk/lib/tinyusb/src/portable/raspberrypi/rp2040/dcd_rp2040.c.obj
 .text.dcd_int_enable
                0x10004e44       0x2c CMakeFiles/dev_hid_composite.dir/Users/ichen/Pico/pico-sdk/lib/tinyusb/src/portable/raspberrypi/rp2040/dcd_rp2040.c.obj
                0x10004e44                dcd_int_enable
 .text.dcd_set_address
                0x10004e70       0x2c CMakeFiles/dev_hid_composite.dir/Users/ichen/Pico/pico-sdk/lib/tinyusb/src/portable/raspberrypi/rp2040/dcd_rp2040.c.obj
                0x10004e70                dcd_set_address
 .text.dcd_remote_wakeup
                0x10004e9c       0x38 CMakeFiles/dev_hid_composite.dir/Users/ichen/Pico/pico-sdk/lib/tinyusb/src/portable/raspberrypi/rp2040/dcd_rp2040.c.obj
                0x10004e9c                dcd_remote_wakeup
 .text.dcd_connect
                0x10004ed4       0x10 CMakeFiles/dev_hid_composite.dir/Users/ichen/Pico/pico-sdk/lib/tinyusb/src/portable/raspberrypi/rp2040/dcd_rp2040.c.obj
                0x10004ed4                dcd_connect
 .text.dcd_init
                0x10004ee4       0x80 CMakeFiles/dev_hid_composite.dir/Users/ichen/Pico/pico-sdk/lib/tinyusb/src/portable/raspberrypi/rp2040/dcd_rp2040.c.obj
                0x10004ee4                dcd_init
 .text.dcd_edpt0_status_complete
                0x10004f64       0x1c CMakeFiles/dev_hid_composite.dir/Users/ichen/Pico/pico-sdk/lib/tinyusb/src/portable/raspberrypi/rp2040/dcd_rp2040.c.obj
                0x10004f64                dcd_edpt0_status_complete
 .text.dcd_edpt_open
                0x10004f80       0x40 CMakeFiles/dev_hid_composite.dir/Users/ichen/Pico/pico-sdk/lib/tinyusb/src/portable/raspberrypi/rp2040/dcd_rp2040.c.obj
                0x10004f80                dcd_edpt_open
 .text.dcd_edpt_close_all
                0x10004fc0        0x8 CMakeFiles/dev_hid_composite.dir/Users/ichen/Pico/pico-sdk/lib/tinyusb/src/portable/raspberrypi/rp2040/dcd_rp2040.c.obj
                0x10004fc0                dcd_edpt_close_all
 .text.dcd_edpt_xfer
                0x10004fc8       0x34 CMakeFiles/dev_hid_composite.dir/Users/ichen/Pico/pico-sdk/lib/tinyusb/src/portable/raspberrypi/rp2040/dcd_rp2040.c.obj
                0x10004fc8                dcd_edpt_xfer
 .text.dcd_edpt_stall
                0x10004ffc       0x2c CMakeFiles/dev_hid_composite.dir/Users/ichen/Pico/pico-sdk/lib/tinyusb/src/portable/raspberrypi/rp2040/dcd_rp2040.c.obj
                0x10004ffc                dcd_edpt_stall
 .text.dcd_edpt_clear_stall
                0x10005028       0x20 CMakeFiles/dev_hid_composite.dir/Users/ichen/Pico/pico-sdk/lib/tinyusb/src/portable/raspberrypi/rp2040/dcd_rp2040.c.obj
                0x10005028                dcd_edpt_clear_stall
 .text.rp2040_usb_init
                0x10005048       0x4c CMakeFiles/dev_hid_composite.dir/Users/ichen/Pico/pico-sdk/lib/tinyusb/src/portable/raspberrypi/rp2040/rp2040_usb.c.obj
                0x10005048                rp2040_usb_init
 .text.hw_endpoint_xfer_start
                0x10005094       0x50 CMakeFiles/dev_hid_composite.dir/Users/ichen/Pico/pico-sdk/lib/tinyusb/src/portable/raspberrypi/rp2040/rp2040_usb.c.obj
                0x10005094                hw_endpoint_xfer_start
 .text.configuration_reset
                0x100050e4       0x84 CMakeFiles/dev_hid_composite.dir/Users/ichen/Pico/pico-sdk/lib/tinyusb/src/device/usbd.c.obj
 .text.critical_section_enter_blocking
                0x10005168       0x16 CMakeFiles/dev_hid_composite.dir/Users/ichen/Pico/pico-sdk/lib/tinyusb/src/device/usbd.c.obj
 .text.usbd_reset
                0x1000517e        0xc CMakeFiles/dev_hid_composite.dir/Users/ichen/Pico/pico-sdk/lib/tinyusb/src/device/usbd.c.obj
 .text.invoke_class_control
                0x1000518a       0x1a CMakeFiles/dev_hid_composite.dir/Users/ichen/Pico/pico-sdk/lib/tinyusb/src/device/usbd.c.obj
 .text.process_set_config
                0x100051a4      0x15c CMakeFiles/dev_hid_composite.dir/Users/ichen/Pico/pico-sdk/lib/tinyusb/src/device/usbd.c.obj
 .text.process_get_descriptor
                0x10005300       0xdc CMakeFiles/dev_hid_composite.dir/Users/ichen/Pico/pico-sdk/lib/tinyusb/src/device/usbd.c.obj
 .text.tud_mounted
                0x100053dc       0x10 CMakeFiles/dev_hid_composite.dir/Users/ichen/Pico/pico-sdk/lib/tinyusb/src/device/usbd.c.obj
                0x100053dc                tud_mounted
 .text.tud_suspended
                0x100053ec       0x10 CMakeFiles/dev_hid_composite.dir/Users/ichen/Pico/pico-sdk/lib/tinyusb/src/device/usbd.c.obj
                0x100053ec                tud_suspended
 .text.tud_remote_wakeup
                0x100053fc       0x34 CMakeFiles/dev_hid_composite.dir/Users/ichen/Pico/pico-sdk/lib/tinyusb/src/device/usbd.c.obj
                0x100053fc                tud_remote_wakeup
 .text.tud_inited
                0x10005430       0x14 CMakeFiles/dev_hid_composite.dir/Users/ichen/Pico/pico-sdk/lib/tinyusb/src/device/usbd.c.obj
                0x10005430                tud_inited
 .text.tud_init
                0x10005444       0xcc CMakeFiles/dev_hid_composite.dir/Users/ichen/Pico/pico-sdk/lib/tinyusb/src/device/usbd.c.obj
                0x10005444                tud_init
 .text.usbd_edpt_open
                0x10005510       0x34 CMakeFiles/dev_hid_composite.dir/Users/ichen/Pico/pico-sdk/lib/tinyusb/src/device/usbd.c.obj
                0x10005510                usbd_edpt_open
 .text.usbd_open_edpt_pair
                0x10005544       0x62 CMakeFiles/dev_hid_composite.dir/Users/ichen/Pico/pico-sdk/lib/tinyusb/src/device/usbd.c.obj
                0x10005544                usbd_open_edpt_pair
 *fill*         0x100055a6        0x2 
 .text.usbd_edpt_claim
                0x100055a8       0x28 CMakeFiles/dev_hid_composite.dir/Users/ichen/Pico/pico-sdk/lib/tinyusb/src/device/usbd.c.obj
                0x100055a8                usbd_edpt_claim
 .text.usbd_edpt_xfer
                0x100055d0       0x78 CMakeFiles/dev_hid_composite.dir/Users/ichen/Pico/pico-sdk/lib/tinyusb/src/device/usbd.c.obj
                0x100055d0                usbd_edpt_xfer
 .text.usbd_edpt_busy
                0x10005648       0x1c CMakeFiles/dev_hid_composite.dir/Users/ichen/Pico/pico-sdk/lib/tinyusb/src/device/usbd.c.obj
                0x10005648                usbd_edpt_busy
 .text.usbd_edpt_stall
                0x10005664       0x48 CMakeFiles/dev_hid_composite.dir/Users/ichen/Pico/pico-sdk/lib/tinyusb/src/device/usbd.c.obj
                0x10005664                usbd_edpt_stall
 .text.usbd_edpt_clear_stall
                0x100056ac       0x48 CMakeFiles/dev_hid_composite.dir/Users/ichen/Pico/pico-sdk/lib/tinyusb/src/device/usbd.c.obj
                0x100056ac                usbd_edpt_clear_stall
 .text.usbd_edpt_stalled
                0x100056f4       0x1c CMakeFiles/dev_hid_composite.dir/Users/ichen/Pico/pico-sdk/lib/tinyusb/src/device/usbd.c.obj
                0x100056f4                usbd_edpt_stalled
 .text.process_control_request
                0x10005710      0x374 CMakeFiles/dev_hid_composite.dir/Users/ichen/Pico/pico-sdk/lib/tinyusb/src/device/usbd.c.obj
 .text.tud_task_ext
                0x10005a84      0x1a8 CMakeFiles/dev_hid_composite.dir/Users/ichen/Pico/pico-sdk/lib/tinyusb/src/device/usbd.c.obj
                0x10005a84                tud_task_ext
 .text._status_stage_xact
                0x10005c2c       0x1a CMakeFiles/dev_hid_composite.dir/Users/ichen/Pico/pico-sdk/lib/tinyusb/src/device/usbd_control.c.obj
 *fill*         0x10005c46        0x2 
 .text._data_stage_xact
                0x10005c48       0x58 CMakeFiles/dev_hid_composite.dir/Users/ichen/Pico/pico-sdk/lib/tinyusb/src/device/usbd_control.c.obj
 .text.tud_control_status
                0x10005ca0       0x28 CMakeFiles/dev_hid_composite.dir/Users/ichen/Pico/pico-sdk/lib/tinyusb/src/device/usbd_control.c.obj
                0x10005ca0                tud_control_status
 .text.tud_control_xfer
                0x10005cc8       0x68 CMakeFiles/dev_hid_composite.dir/Users/ichen/Pico/pico-sdk/lib/tinyusb/src/device/usbd_control.c.obj
                0x10005cc8                tud_control_xfer
 .text.usbd_control_reset
                0x10005d30       0x14 CMakeFiles/dev_hid_composite.dir/Users/ichen/Pico/pico-sdk/lib/tinyusb/src/device/usbd_control.c.obj
                0x10005d30                usbd_control_reset
 .text.usbd_control_set_complete_callback
                0x10005d44        0xc CMakeFiles/dev_hid_composite.dir/Users/ichen/Pico/pico-sdk/lib/tinyusb/src/device/usbd_control.c.obj
                0x10005d44                usbd_control_set_complete_callback
 .text.usbd_control_set_request
                0x10005d50       0x1c CMakeFiles/dev_hid_composite.dir/Users/ichen/Pico/pico-sdk/lib/tinyusb/src/device/usbd_control.c.obj
                0x10005d50                usbd_control_set_request
 .text.usbd_control_xfer_cb
                0x10005d6c       0xbc CMakeFiles/dev_hid_composite.dir/Users/ichen/Pico/pico-sdk/lib/tinyusb/src/device/usbd_control.c.obj
                0x10005d6c                usbd_control_xfer_cb
 .text.tud_hid_n_ready
                0x10005e28       0x44 CMakeFiles/dev_hid_composite.dir/Users/ichen/Pico/pico-sdk/lib/tinyusb/src/class/hid/hid_device.c.obj
                0x10005e28                tud_hid_n_ready
 .text.tud_hid_n_report
                0x10005e6c       0x84 CMakeFiles/dev_hid_composite.dir/Users/ichen/Pico/pico-sdk/lib/tinyusb/src/class/hid/hid_device.c.obj
                0x10005e6c                tud_hid_n_report
 .text.tud_hid_n_keyboard_report
                0x10005ef0       0x40 CMakeFiles/dev_hid_composite.dir/Users/ichen/Pico/pico-sdk/lib/tinyusb/src/class/hid/hid_device.c.obj
                0x10005ef0                tud_hid_n_keyboard_report
 .text.tud_hid_n_mouse_report
                0x10005f30       0x2e CMakeFiles/dev_hid_composite.dir/Users/ichen/Pico/pico-sdk/lib/tinyusb/src/class/hid/hid_device.c.obj
                0x10005f30                tud_hid_n_mouse_report
 *fill*         0x10005f5e        0x2 
 .text.hidd_reset
                0x10005f60       0x14 CMakeFiles/dev_hid_composite.dir/Users/ichen/Pico/pico-sdk/lib/tinyusb/src/class/hid/hid_device.c.obj
                0x10005f60                hidd_reset
 .text.hidd_init
                0x10005f74        0xa CMakeFiles/dev_hid_composite.dir/Users/ichen/Pico/pico-sdk/lib/tinyusb/src/class/hid/hid_device.c.obj
                0x10005f74                hidd_init
 *fill*         0x10005f7e        0x2 
 .text.hidd_open
                0x10005f80       0xb4 CMakeFiles/dev_hid_composite.dir/Users/ichen/Pico/pico-sdk/lib/tinyusb/src/class/hid/hid_device.c.obj
                0x10005f80                hidd_open
 .text.hidd_control_xfer_cb
                0x10006034      0x278 CMakeFiles/dev_hid_composite.dir/Users/ichen/Pico/pico-sdk/lib/tinyusb/src/class/hid/hid_device.c.obj
                0x10006034                hidd_control_xfer_cb
 .text.hidd_xfer_cb
                0x100062ac       0x84 CMakeFiles/dev_hid_composite.dir/Users/ichen/Pico/pico-sdk/lib/tinyusb/src/class/hid/hid_device.c.obj
                0x100062ac                hidd_xfer_cb
 .text.tusb_init
                0x10006330        0xa CMakeFiles/dev_hid_composite.dir/Users/ichen/Pico/pico-sdk/lib/tinyusb/src/tusb.c.obj
                0x10006330                tusb_init
 .text.tusb_inited
                0x1000633a        0xe CMakeFiles/dev_hid_composite.dir/Users/ichen/Pico/pico-sdk/lib/tinyusb/src/tusb.c.obj
                0x1000633a                tusb_inited
 .text.tu_edpt_claim
                0x10006348       0x50 CMakeFiles/dev_hid_composite.dir/Users/ichen/Pico/pico-sdk/lib/tinyusb/src/tusb.c.obj
                0x10006348                tu_edpt_claim
 .text.tu_edpt_validate
                0x10006398       0x78 CMakeFiles/dev_hid_composite.dir/Users/ichen/Pico/pico-sdk/lib/tinyusb/src/tusb.c.obj
                0x10006398                tu_edpt_validate
 .text.tu_edpt_bind_driver
                0x10006410       0x26 CMakeFiles/dev_hid_composite.dir/Users/ichen/Pico/pico-sdk/lib/tinyusb/src/tusb.c.obj
                0x10006410                tu_edpt_bind_driver
 .text.advance_index
                0x10006436       0x1a CMakeFiles/dev_hid_composite.dir/Users/ichen/Pico/pico-sdk/lib/tinyusb/src/common/tusb_fifo.c.obj
 .text._tu_fifo_peek
                0x10006450       0x56 CMakeFiles/dev_hid_composite.dir/Users/ichen/Pico/pico-sdk/lib/tinyusb/src/common/tusb_fifo.c.obj
 .text.tu_fifo_full
                0x100064a6       0x28 CMakeFiles/dev_hid_composite.dir/Users/ichen/Pico/pico-sdk/lib/tinyusb/src/common/tusb_fifo.c.obj
                0x100064a6                tu_fifo_full
 .text.tu_fifo_read
                0x100064ce       0x42 CMakeFiles/dev_hid_composite.dir/Users/ichen/Pico/pico-sdk/lib/tinyusb/src/common/tusb_fifo.c.obj
                0x100064ce                tu_fifo_read
 .text.tu_fifo_write
                0x10006510       0x64 CMakeFiles/dev_hid_composite.dir/Users/ichen/Pico/pico-sdk/lib/tinyusb/src/common/tusb_fifo.c.obj
                0x10006510                tu_fifo_write
 .text.tu_fifo_clear
                0x10006574       0x3e CMakeFiles/dev_hid_composite.dir/Users/ichen/Pico/pico-sdk/lib/tinyusb/src/common/tusb_fifo.c.obj
                0x10006574                tu_fifo_clear
 .text.board_init
                0x100065b2       0x14 CMakeFiles/dev_hid_composite.dir/Users/ichen/Pico/pico-sdk/lib/tinyusb/hw/bsp/rp2040/family.c.obj
                0x100065b2                board_init
 .text.board_led_write
                0x100065c6       0x1c CMakeFiles/dev_hid_composite.dir/Users/ichen/Pico/pico-sdk/lib/tinyusb/hw/bsp/rp2040/family.c.obj
                0x100065c6                board_led_write
 .text.board_button_read
                0x100065e2        0xe CMakeFiles/dev_hid_composite.dir/Users/ichen/Pico/pico-sdk/lib/tinyusb/hw/bsp/rp2040/family.c.obj
                0x100065e2                board_button_read
 .text.i2c_write_blocking_internal
                0x100065f0      0x146 CMakeFiles/dev_hid_composite.dir/Users/ichen/Pico/pico-sdk/src/rp2_common/hardware_i2c/i2c.c.obj
 .text.i2c_read_blocking_internal
                0x10006736       0xe6 CMakeFiles/dev_hid_composite.dir/Users/ichen/Pico/pico-sdk/src/rp2_common/hardware_i2c/i2c.c.obj
 .text.i2c_set_baudrate
                0x1000681c       0xf0 CMakeFiles/dev_hid_composite.dir/Users/ichen/Pico/pico-sdk/src/rp2_common/hardware_i2c/i2c.c.obj
                0x1000681c                i2c_set_baudrate
 .text.i2c_init
                0x1000690c       0x58 CMakeFiles/dev_hid_composite.dir/Users/ichen/Pico/pico-sdk/src/rp2_common/hardware_i2c/i2c.c.obj
                0x1000690c                i2c_init
 .text.i2c_write_blocking
                0x10006964       0x18 CMakeFiles/dev_hid_composite.dir/Users/ichen/Pico/pico-sdk/src/rp2_common/hardware_i2c/i2c.c.obj
                0x10006964                i2c_write_blocking
 .text.i2c_read_blocking
                0x1000697c       0x18 CMakeFiles/dev_hid_composite.dir/Users/ichen/Pico/pico-sdk/src/rp2_common/hardware_i2c/i2c.c.obj
                0x1000697c                i2c_read_blocking
 .text.strlen   0x10006994       0x5c /Applications/ArmGNUToolchain/13.2.Rel1/arm-none-eabi/bin/../lib/gcc/arm-none-eabi/13.2.1/../../../../arm-none-eabi/lib/thumb/v6-m/nofp/libg.a(libc_a-strlen-stub.o)
                0x10006994                strlen
 *(.fini)
 .fini          0x100069f0        0x4 /Applications/ArmGNUToolchain/13.2.Rel1/arm-none-eabi/bin/../lib/gcc/arm-none-eabi/13.2.1/thumb/v6-m/nofp/crti.o
                0x100069f0                _fini
 *fill*         0x100069f4        0x4 
 .fini.__stub   0x100069f8       0xe0 linker stubs
 *crtbegin.o(.ctors)
 *crtbegin?.o(.ctors)
 *(EXCLUDE_FILE(*crtend.o *crtend?.o) .ctors)
 *(SORT_BY_NAME(.ctors.*))
 *(.ctors)
 *crtbegin.o(.dtors)
 *crtbegin?.o(.dtors)
 *(EXCLUDE_FILE(*crtend.o *crtend?.o) .dtors)
 *(SORT_BY_NAME(.dtors.*))
 *(.dtors)
 *(.eh_frame*)
 .eh_frame      0x10006ad8        0x0 /Applications/ArmGNUToolchain/13.2.Rel1/arm-none-eabi/bin/../lib/gcc/arm-none-eabi/13.2.1/thumb/v6-m/nofp/crtbegin.o
                0x10006ad8                        . = ALIGN (0x4)

.glue_7         0x10006ad8        0x0
 .glue_7        0x10006ad8        0x0 linker stubs

.glue_7t        0x10006ad8        0x0
 .glue_7t       0x10006ad8        0x0 linker stubs

.vfp11_veneer   0x10006ad8        0x0
 .vfp11_veneer  0x10006ad8        0x0 linker stubs

.v4_bx          0x10006ad8        0x0
 .v4_bx         0x10006ad8        0x0 linker stubs

.iplt           0x10006ad8        0x0
 .iplt          0x10006ad8        0x0 /Applications/ArmGNUToolchain/13.2.Rel1/arm-none-eabi/bin/../lib/gcc/arm-none-eabi/13.2.1/thumb/v6-m/nofp/crtbegin.o

.rodata         0x10006ad8     0x1628
 *(EXCLUDE_FILE(*libm.a: *libc.a:*lib_a-mem*.o *libgcc.a:) .rodata*)
 .rodata.update_us_since_boot.str1.4
                0x10006ad8      0xe9d CMakeFiles/dev_hid_composite.dir/main.c.obj
                                 0x61 (size before relaxing)
 .rodata.main.str1.4
                0x10007975       0x6a CMakeFiles/dev_hid_composite.dir/main.c.obj
 *fill*         0x10007975        0x3 
 .rodata.__func__.5
                0x10007978       0x15 CMakeFiles/dev_hid_composite.dir/main.c.obj
 .rodata.str1.4
                0x1000798d       0x17 CMakeFiles/dev_hid_composite.dir/usb_descriptors.c.obj
 *fill*         0x1000798d        0x3 
 .rodata.__compound_literal.0
                0x10007990        0x2 CMakeFiles/dev_hid_composite.dir/usb_descriptors.c.obj
 *fill*         0x10007992        0x2 
 .rodata.desc_configuration
                0x10007994       0x22 CMakeFiles/dev_hid_composite.dir/usb_descriptors.c.obj
                0x10007994                desc_configuration
 *fill*         0x100079b6        0x2 
 .rodata.desc_hid_report
                0x100079b8       0xef CMakeFiles/dev_hid_composite.dir/usb_descriptors.c.obj
                0x100079b8                desc_hid_report
 *fill*         0x10007aa7        0x1 
 .rodata.desc_device
                0x10007aa8       0x12 CMakeFiles/dev_hid_composite.dir/usb_descriptors.c.obj
                0x10007aa8                desc_device
 .rodata.spin_lock_claim_unused.str1.4
                0x10007aba       0x1b CMakeFiles/dev_hid_composite.dir/Users/ichen/Pico/pico-sdk/src/rp2_common/hardware_sync/sync.c.obj
 .rodata.resolve_branch.str1.4
                0x10007aba       0x55 CMakeFiles/dev_hid_composite.dir/Users/ichen/Pico/pico-sdk/src/rp2_common/hardware_irq/irq.c.obj
 .rodata.make_branch.str1.4
                0x10007aba       0x30 CMakeFiles/dev_hid_composite.dir/Users/ichen/Pico/pico-sdk/src/rp2_common/hardware_irq/irq.c.obj
 .rodata.insert_branch_and_link.str1.4
                0x10007aba       0x10 CMakeFiles/dev_hid_composite.dir/Users/ichen/Pico/pico-sdk/src/rp2_common/hardware_irq/irq.c.obj
 .rodata.irq_set_exclusive_handler.str1.4
                0x10007aba       0x36 CMakeFiles/dev_hid_composite.dir/Users/ichen/Pico/pico-sdk/src/rp2_common/hardware_irq/irq.c.obj
 .rodata.irq_add_shared_handler.str1.4
                0x10007aba       0xc2 CMakeFiles/dev_hid_composite.dir/Users/ichen/Pico/pico-sdk/src/rp2_common/hardware_irq/irq.c.obj
 .rodata.irq_remove_handler.str1.4
                0x10007aba       0x3a CMakeFiles/dev_hid_composite.dir/Users/ichen/Pico/pico-sdk/src/rp2_common/hardware_irq/irq.c.obj
 .rodata.irq_add_tail_to_free_list.str1.4
                0x10007aba       0x3a CMakeFiles/dev_hid_composite.dir/Users/ichen/Pico/pico-sdk/src/rp2_common/hardware_irq/irq.c.obj
 *fill*         0x10007aba        0x2 
 .rodata.__func__.0
                0x10007abc       0x1a CMakeFiles/dev_hid_composite.dir/Users/ichen/Pico/pico-sdk/src/rp2_common/hardware_irq/irq.c.obj
 *fill*         0x10007ad6        0x2 
 .rodata.__func__.1
                0x10007ad8       0x17 CMakeFiles/dev_hid_composite.dir/Users/ichen/Pico/pico-sdk/src/rp2_common/hardware_irq/irq.c.obj
 *fill*         0x10007aef        0x1 
 .rodata.__func__.2
                0x10007af0       0x13 CMakeFiles/dev_hid_composite.dir/Users/ichen/Pico/pico-sdk/src/rp2_common/hardware_irq/irq.c.obj
 *fill*         0x10007b03        0x1 
 .rodata.__func__.3
                0x10007b04        0xc CMakeFiles/dev_hid_composite.dir/Users/ichen/Pico/pico-sdk/src/rp2_common/hardware_irq/irq.c.obj
 .rodata.__func__.4
                0x10007b10        0xf CMakeFiles/dev_hid_composite.dir/Users/ichen/Pico/pico-sdk/src/rp2_common/hardware_irq/irq.c.obj
 *fill*         0x10007b1f        0x1 
 .rodata.__func__.5
                0x10007b20       0x17 CMakeFiles/dev_hid_composite.dir/Users/ichen/Pico/pico-sdk/src/rp2_common/hardware_irq/irq.c.obj
 *fill*         0x10007b37        0x1 
 .rodata.__func__.6
                0x10007b38       0x1a CMakeFiles/dev_hid_composite.dir/Users/ichen/Pico/pico-sdk/src/rp2_common/hardware_irq/irq.c.obj
 .rodata.update_us_since_boot.str1.4
                0x10007b52       0x61 CMakeFiles/dev_hid_composite.dir/Users/ichen/Pico/pico-sdk/src/common/pico_sync/mutex.c.obj
 .rodata.str1.4
                0x10007b52       0x89 CMakeFiles/dev_hid_composite.dir/Users/ichen/Pico/pico-sdk/src/common/pico_sync/mutex.c.obj
 *fill*         0x10007b52        0x2 
 .rodata.__func__.1
                0x10007b54        0xb CMakeFiles/dev_hid_composite.dir/Users/ichen/Pico/pico-sdk/src/common/pico_sync/mutex.c.obj
 *fill*         0x10007b5f        0x1 
 .rodata.__func__.3
                0x10007b60       0x18 CMakeFiles/dev_hid_composite.dir/Users/ichen/Pico/pico-sdk/src/common/pico_sync/mutex.c.obj
 .rodata.__func__.4
                0x10007b78       0x15 CMakeFiles/dev_hid_composite.dir/Users/ichen/Pico/pico-sdk/src/common/pico_sync/mutex.c.obj
 .rodata.get_entry.str1.4
                0x10007b8d       0x5b CMakeFiles/dev_hid_composite.dir/Users/ichen/Pico/pico-sdk/src/common/pico_time/time.c.obj
 .rodata.update_us_since_boot.str1.4
                0x10007b8d       0x61 CMakeFiles/dev_hid_composite.dir/Users/ichen/Pico/pico-sdk/src/common/pico_time/time.c.obj
 .rodata.ph_get_node.str1.4
                0x10007b8d       0x66 CMakeFiles/dev_hid_composite.dir/Users/ichen/Pico/pico-sdk/src/common/pico_time/time.c.obj
 .rodata.ph_add_child_node.str1.4
                0x10007b8d       0x2e CMakeFiles/dev_hid_composite.dir/Users/ichen/Pico/pico-sdk/src/common/pico_time/time.c.obj
 .rodata.ph_insert_node.str1.4
                0x10007b8d        0x3 CMakeFiles/dev_hid_composite.dir/Users/ichen/Pico/pico-sdk/src/common/pico_time/time.c.obj
 .rodata.ph_free_node.str1.4
                0x10007b8d       0x38 CMakeFiles/dev_hid_composite.dir/Users/ichen/Pico/pico-sdk/src/common/pico_time/time.c.obj
 .rodata.add_alarm_under_lock.str1.4
                0x10007b8d       0x28 CMakeFiles/dev_hid_composite.dir/Users/ichen/Pico/pico-sdk/src/common/pico_time/time.c.obj
 .rodata.alarm_pool_alarm_callback.str1.4
                0x10007b8d       0x60 CMakeFiles/dev_hid_composite.dir/Users/ichen/Pico/pico-sdk/src/common/pico_time/time.c.obj
 .rodata.alarm_pool_get_default.str1.4
                0x10007b8d       0x21 CMakeFiles/dev_hid_composite.dir/Users/ichen/Pico/pico-sdk/src/common/pico_time/time.c.obj
 .rodata.alarm_pool_cancel_alarm.str1.4
                0x10007b8d       0x27 CMakeFiles/dev_hid_composite.dir/Users/ichen/Pico/pico-sdk/src/common/pico_time/time.c.obj
 .rodata.sleep_until.str1.4
                0x10007b8d       0x4d CMakeFiles/dev_hid_composite.dir/Users/ichen/Pico/pico-sdk/src/common/pico_time/time.c.obj
 *fill*         0x10007b8d        0x3 
 .rodata.__func__.1
                0x10007b90       0x18 CMakeFiles/dev_hid_composite.dir/Users/ichen/Pico/pico-sdk/src/common/pico_time/time.c.obj
 .rodata.__func__.3
                0x10007ba8       0x17 CMakeFiles/dev_hid_composite.dir/Users/ichen/Pico/pico-sdk/src/common/pico_time/time.c.obj
 *fill*         0x10007bbf        0x1 
 .rodata.__func__.4
                0x10007bc0       0x12 CMakeFiles/dev_hid_composite.dir/Users/ichen/Pico/pico-sdk/src/common/pico_time/time.c.obj
 *fill*         0x10007bd2        0x2 
 .rodata.__func__.5
                0x10007bd4        0xd CMakeFiles/dev_hid_composite.dir/Users/ichen/Pico/pico-sdk/src/common/pico_time/time.c.obj
 *fill*         0x10007be1        0x3 
 .rodata.__func__.6
                0x10007be4       0x12 CMakeFiles/dev_hid_composite.dir/Users/ichen/Pico/pico-sdk/src/common/pico_time/time.c.obj
 *fill*         0x10007bf6        0x2 
 .rodata.__func__.7
                0x10007bf8        0xf CMakeFiles/dev_hid_composite.dir/Users/ichen/Pico/pico-sdk/src/common/pico_time/time.c.obj
 *fill*         0x10007c07        0x1 
 .rodata.__func__.8
                0x10007c08        0xc CMakeFiles/dev_hid_composite.dir/Users/ichen/Pico/pico-sdk/src/common/pico_time/time.c.obj
 .rodata.__func__.9
                0x10007c14       0x15 CMakeFiles/dev_hid_composite.dir/Users/ichen/Pico/pico-sdk/src/common/pico_time/time.c.obj
 *fill*         0x10007c29        0x3 
 .rodata.__func__.10
                0x10007c2c       0x15 CMakeFiles/dev_hid_composite.dir/Users/ichen/Pico/pico-sdk/src/common/pico_time/time.c.obj
 *fill*         0x10007c41        0x3 
 .rodata.__func__.11
                0x10007c44       0x1a CMakeFiles/dev_hid_composite.dir/Users/ichen/Pico/pico-sdk/src/common/pico_time/time.c.obj
 *fill*         0x10007c5e        0x2 
 .rodata.__func__.12
                0x10007c60        0xa CMakeFiles/dev_hid_composite.dir/Users/ichen/Pico/pico-sdk/src/common/pico_time/time.c.obj
 .rodata.hardware_alarm_claim.str1.4
                0x10007c6a       0x22 CMakeFiles/dev_hid_composite.dir/Users/ichen/Pico/pico-sdk/src/rp2_common/hardware_timer/timer.c.obj
 .rodata.hardware_alarm_set_target.str1.4
                0x10007c6a       0x65 CMakeFiles/dev_hid_composite.dir/Users/ichen/Pico/pico-sdk/src/rp2_common/hardware_timer/timer.c.obj
 *fill*         0x10007c6a        0x2 
 .rodata.__func__.0
                0x10007c6c       0x1a CMakeFiles/dev_hid_composite.dir/Users/ichen/Pico/pico-sdk/src/rp2_common/hardware_timer/timer.c.obj
 .rodata.ph_get_node.str1.4
                0x10007c86       0x66 CMakeFiles/dev_hid_composite.dir/Users/ichen/Pico/pico-sdk/src/common/pico_util/pheap.c.obj
 .rodata.ph_add_child_node.str1.4
                0x10007c86       0x2e CMakeFiles/dev_hid_composite.dir/Users/ichen/Pico/pico-sdk/src/common/pico_util/pheap.c.obj
 .rodata.ph_remove_any_head.str1.4
                0x10007c86       0xa0 CMakeFiles/dev_hid_composite.dir/Users/ichen/Pico/pico-sdk/src/common/pico_util/pheap.c.obj
 .rodata.ph_remove_and_free_node.str1.4
                0x10007c86       0x26 CMakeFiles/dev_hid_composite.dir/Users/ichen/Pico/pico-sdk/src/common/pico_util/pheap.c.obj
 *fill*         0x10007c86        0x2 
 .rodata.__func__.0
                0x10007c88       0x18 CMakeFiles/dev_hid_composite.dir/Users/ichen/Pico/pico-sdk/src/common/pico_util/pheap.c.obj
 .rodata.__func__.1
                0x10007ca0       0x13 CMakeFiles/dev_hid_composite.dir/Users/ichen/Pico/pico-sdk/src/common/pico_util/pheap.c.obj
 *fill*         0x10007cb3        0x1 
 .rodata.__func__.2
                0x10007cb4       0x12 CMakeFiles/dev_hid_composite.dir/Users/ichen/Pico/pico-sdk/src/common/pico_util/pheap.c.obj
 *fill*         0x10007cc6        0x2 
 .rodata.__func__.3
                0x10007cc8        0xc CMakeFiles/dev_hid_composite.dir/Users/ichen/Pico/pico-sdk/src/common/pico_util/pheap.c.obj
 .rodata.clock_configure.str1.4
                0x10007cd4       0x57 CMakeFiles/dev_hid_composite.dir/Users/ichen/Pico/pico-sdk/src/rp2_common/hardware_clocks/clocks.c.obj
 .rodata.__func__.1
                0x10007cd4       0x10 CMakeFiles/dev_hid_composite.dir/Users/ichen/Pico/pico-sdk/src/rp2_common/hardware_clocks/clocks.c.obj
 .rodata.pll_init.str1.4
                0x10007ce4      0x124 CMakeFiles/dev_hid_composite.dir/Users/ichen/Pico/pico-sdk/src/rp2_common/hardware_pll/pll.c.obj
 .rodata.__func__.0
                0x10007ce4        0x9 CMakeFiles/dev_hid_composite.dir/Users/ichen/Pico/pico-sdk/src/rp2_common/hardware_pll/pll.c.obj
 .rodata.__assert_func.str1.4
                0x10007ced       0x43 CMakeFiles/dev_hid_composite.dir/Users/ichen/Pico/pico-sdk/src/rp2_common/pico_runtime/runtime.c.obj
 .rodata.runtime_init.str1.4
                0x10007ced       0x61 CMakeFiles/dev_hid_composite.dir/Users/ichen/Pico/pico-sdk/src/rp2_common/pico_runtime/runtime.c.obj
 .rodata.panic.str1.4
                0x10007ced       0x12 CMakeFiles/dev_hid_composite.dir/Users/ichen/Pico/pico-sdk/src/rp2_common/pico_runtime/runtime.c.obj
 *fill*         0x10007ced        0x3 
 .rodata.__func__.2
                0x10007cf0        0xd CMakeFiles/dev_hid_composite.dir/Users/ichen/Pico/pico-sdk/src/rp2_common/pico_runtime/runtime.c.obj
 .rodata._ftoa.str1.4
                0x10007cfd       0x15 CMakeFiles/dev_hid_composite.dir/Users/ichen/Pico/pico-sdk/src/rp2_common/pico_printf/printf.c.obj
 *fill*         0x10007cfd        0x3 
 .rodata._vsnprintf
                0x10007d00      0x19c CMakeFiles/dev_hid_composite.dir/Users/ichen/Pico/pico-sdk/src/rp2_common/pico_printf/printf.c.obj
 *fill*         0x10007e9c        0x4 
 .rodata.pow10.0
                0x10007ea0       0x50 CMakeFiles/dev_hid_composite.dir/Users/ichen/Pico/pico-sdk/src/rp2_common/pico_printf/printf.c.obj
 .rodata.__aeabi_double_init.str1.4
                0x10007ef0       0x9c CMakeFiles/dev_hid_composite.dir/Users/ichen/Pico/pico-sdk/src/rp2_common/pico_double/double_init_rom.c.obj
 .rodata.__func__.0
                0x10007ef0       0x14 CMakeFiles/dev_hid_composite.dir/Users/ichen/Pico/pico-sdk/src/rp2_common/pico_double/double_init_rom.c.obj
 .rodata.__aeabi_float_init.str1.4
                0x10007f04       0x7e CMakeFiles/dev_hid_composite.dir/Users/ichen/Pico/pico-sdk/src/rp2_common/pico_float/float_init_rom.c.obj
 .rodata.__func__.0
                0x10007f04       0x13 CMakeFiles/dev_hid_composite.dir/Users/ichen/Pico/pico-sdk/src/rp2_common/pico_float/float_init_rom.c.obj
 .rodata.str1.4
                0x10007f17       0x48 CMakeFiles/dev_hid_composite.dir/Users/ichen/Pico/pico-sdk/src/rp2_common/pico_standard_link/binary_info.c.obj
 *fill*         0x10007f17        0x1 
 .rodata.__bi_81
                0x10007f18        0xc CMakeFiles/dev_hid_composite.dir/Users/ichen/Pico/pico-sdk/src/rp2_common/pico_standard_link/binary_info.c.obj
 .rodata.__bi_75
                0x10007f24        0xc CMakeFiles/dev_hid_composite.dir/Users/ichen/Pico/pico-sdk/src/rp2_common/pico_standard_link/binary_info.c.obj
 .rodata.__bi_44
                0x10007f30        0xc CMakeFiles/dev_hid_composite.dir/Users/ichen/Pico/pico-sdk/src/rp2_common/pico_standard_link/binary_info.c.obj
 .rodata.update_us_since_boot.str1.4
                0x10007f3c       0x61 CMakeFiles/dev_hid_composite.dir/Users/ichen/Pico/pico-sdk/src/rp2_common/pico_stdio/stdio.c.obj
 .rodata.crlf_str.2
                0x10007f3c        0x2 CMakeFiles/dev_hid_composite.dir/Users/ichen/Pico/pico-sdk/src/rp2_common/pico_stdio/stdio.c.obj
 *fill*         0x10007f3e        0x2 
 .rodata.__func__.3
                0x10007f40       0x15 CMakeFiles/dev_hid_composite.dir/Users/ichen/Pico/pico-sdk/src/rp2_common/pico_stdio/stdio.c.obj
 .rodata.pico_get_unique_board_id_string.str1.4
                0x10007f55       0x4d CMakeFiles/dev_hid_composite.dir/Users/ichen/Pico/pico-sdk/src/rp2_common/pico_unique_id/unique_id.c.obj
 *fill*         0x10007f55        0x3 
 .rodata.__func__.0
                0x10007f58       0x20 CMakeFiles/dev_hid_composite.dir/Users/ichen/Pico/pico-sdk/src/rp2_common/pico_unique_id/unique_id.c.obj
 .rodata.str1.4
                0x10007f78      0x15a CMakeFiles/dev_hid_composite.dir/Users/ichen/Pico/pico-sdk/src/rp2_common/hardware_flash/flash.c.obj
 .rodata.__func__.0
                0x10007f78        0xd CMakeFiles/dev_hid_composite.dir/Users/ichen/Pico/pico-sdk/src/rp2_common/hardware_flash/flash.c.obj
 .rodata._hw_endpoint_alloc.str1.4
                0x10007f85       0xb5 CMakeFiles/dev_hid_composite.dir/Users/ichen/Pico/pico-sdk/lib/tinyusb/src/portable/raspberrypi/rp2040/dcd_rp2040.c.obj
 .rodata.str1.4
                0x10007f85       0x14 CMakeFiles/dev_hid_composite.dir/Users/ichen/Pico/pico-sdk/lib/tinyusb/src/portable/raspberrypi/rp2040/dcd_rp2040.c.obj
 .rodata.dcd_int_enable.str1.4
                0x10007f85        0xc CMakeFiles/dev_hid_composite.dir/Users/ichen/Pico/pico-sdk/lib/tinyusb/src/portable/raspberrypi/rp2040/dcd_rp2040.c.obj
 *fill*         0x10007f85        0x3 
 .rodata.__func__.0
                0x10007f88        0xe CMakeFiles/dev_hid_composite.dir/Users/ichen/Pico/pico-sdk/lib/tinyusb/src/portable/raspberrypi/rp2040/dcd_rp2040.c.obj
 *fill*         0x10007f96        0x2 
 .rodata.__func__.1
                0x10007f98        0xe CMakeFiles/dev_hid_composite.dir/Users/ichen/Pico/pico-sdk/lib/tinyusb/src/portable/raspberrypi/rp2040/dcd_rp2040.c.obj
 *fill*         0x10007fa6        0x2 
 .rodata.__func__.2
                0x10007fa8       0x12 CMakeFiles/dev_hid_composite.dir/Users/ichen/Pico/pico-sdk/lib/tinyusb/src/portable/raspberrypi/rp2040/dcd_rp2040.c.obj
 *fill*         0x10007fba        0x2 
 .rodata.__func__.3
                0x10007fbc       0x10 CMakeFiles/dev_hid_composite.dir/Users/ichen/Pico/pico-sdk/lib/tinyusb/src/portable/raspberrypi/rp2040/dcd_rp2040.c.obj
 .rodata.__func__.5
                0x10007fcc        0xf CMakeFiles/dev_hid_composite.dir/Users/ichen/Pico/pico-sdk/lib/tinyusb/src/portable/raspberrypi/rp2040/dcd_rp2040.c.obj
 *fill*         0x10007fdb        0x1 
 .rodata.__func__.6
                0x10007fdc       0x13 CMakeFiles/dev_hid_composite.dir/Users/ichen/Pico/pico-sdk/lib/tinyusb/src/portable/raspberrypi/rp2040/dcd_rp2040.c.obj
 *fill*         0x10007fef        0x1 
 .rodata.__func__.7
                0x10007ff0        0x9 CMakeFiles/dev_hid_composite.dir/Users/ichen/Pico/pico-sdk/lib/tinyusb/src/portable/raspberrypi/rp2040/dcd_rp2040.c.obj
 .rodata.str1.4
                0x10007ff9       0xe7 CMakeFiles/dev_hid_composite.dir/Users/ichen/Pico/pico-sdk/lib/tinyusb/src/portable/raspberrypi/rp2040/rp2040_usb.c.obj
 *fill*         0x10007ff9        0x3 
 .rodata.__func__.0
                0x10007ffc        0xf CMakeFiles/dev_hid_composite.dir/Users/ichen/Pico/pico-sdk/lib/tinyusb/src/portable/raspberrypi/rp2040/rp2040_usb.c.obj
 *fill*         0x1000800b        0x1 
 .rodata.process_get_descriptor
                0x1000800c       0x40 CMakeFiles/dev_hid_composite.dir/Users/ichen/Pico/pico-sdk/lib/tinyusb/src/device/usbd.c.obj
 .rodata.process_control_request
                0x1000804c       0x28 CMakeFiles/dev_hid_composite.dir/Users/ichen/Pico/pico-sdk/lib/tinyusb/src/device/usbd.c.obj
 .rodata.tud_task_ext
                0x10008074       0x24 CMakeFiles/dev_hid_composite.dir/Users/ichen/Pico/pico-sdk/lib/tinyusb/src/device/usbd.c.obj
 .rodata._usbd_driver
                0x10008098       0x18 CMakeFiles/dev_hid_composite.dir/Users/ichen/Pico/pico-sdk/lib/tinyusb/src/device/usbd.c.obj
 .rodata.hidd_control_xfer_cb
                0x100080b0       0x30 CMakeFiles/dev_hid_composite.dir/Users/ichen/Pico/pico-sdk/lib/tinyusb/src/class/hid/hid_device.c.obj
 .rodata.str1.4
                0x100080e0        0x4 CMakeFiles/dev_hid_composite.dir/Users/ichen/Pico/pico-sdk/lib/tinyusb/hw/bsp/rp2040/family.c.obj
 .rodata.__bi_142.0
                0x100080e0        0xc CMakeFiles/dev_hid_composite.dir/Users/ichen/Pico/pico-sdk/lib/tinyusb/hw/bsp/rp2040/family.c.obj
 .rodata.i2c_set_baudrate.str1.4
                0x100080ec       0x5d CMakeFiles/dev_hid_composite.dir/Users/ichen/Pico/pico-sdk/src/rp2_common/hardware_i2c/i2c.c.obj
 .rodata.__func__.0
                0x100080ec       0x11 CMakeFiles/dev_hid_composite.dir/Users/ichen/Pico/pico-sdk/src/rp2_common/hardware_i2c/i2c.c.obj
                0x1000814c                        . = ALIGN (0x4)
 *fill*         0x100080fd        0x3 
 *(SORT_BY_ALIGNMENT(SORT_BY_NAME(.flashdata*)))
                0x10008100                        . = ALIGN (0x4)

.ARM.extab
 *(.ARM.extab* .gnu.linkonce.armextab.*)
                0x10008100                        __exidx_start = .

.ARM.exidx
 *(.ARM.exidx* .gnu.linkonce.armexidx.*)
                0x10008100                        __exidx_end = .
                0x10008100                        . = ALIGN (0x4)
                0x10008100                        __binary_info_start = .

.binary_info    0x10008100       0x20
 *(.binary_info.keep.*)
 .binary_info.keep.__bi_ptr81
                0x10008100        0x4 CMakeFiles/dev_hid_composite.dir/Users/ichen/Pico/pico-sdk/src/rp2_common/pico_standard_link/binary_info.c.obj
 .binary_info.keep.__bi_ptr75
                0x10008104        0x4 CMakeFiles/dev_hid_composite.dir/Users/ichen/Pico/pico-sdk/src/rp2_common/pico_standard_link/binary_info.c.obj
 .binary_info.keep.__bi_ptr50
                0x10008108        0x4 CMakeFiles/dev_hid_composite.dir/Users/ichen/Pico/pico-sdk/src/rp2_common/pico_standard_link/binary_info.c.obj
 .binary_info.keep.__bi_ptr44
                0x1000810c        0x4 CMakeFiles/dev_hid_composite.dir/Users/ichen/Pico/pico-sdk/src/rp2_common/pico_standard_link/binary_info.c.obj
 .binary_info.keep.__bi_ptr38
                0x10008110        0x4 CMakeFiles/dev_hid_composite.dir/Users/ichen/Pico/pico-sdk/src/rp2_common/pico_standard_link/binary_info.c.obj
 .binary_info.keep.__bi_ptr30
                0x10008114        0x4 CMakeFiles/dev_hid_composite.dir/Users/ichen/Pico/pico-sdk/src/rp2_common/pico_standard_link/binary_info.c.obj
 .binary_info.keep.__bi_ptr22
                0x10008118        0x4 CMakeFiles/dev_hid_composite.dir/Users/ichen/Pico/pico-sdk/src/rp2_common/pico_standard_link/binary_info.c.obj
 .binary_info.keep.__bi_ptr142
                0x1000811c        0x4 CMakeFiles/dev_hid_composite.dir/Users/ichen/Pico/pico-sdk/lib/tinyusb/hw/bsp/rp2040/family.c.obj
 *(.binary_info.*)
                0x10008120                        __binary_info_end = .

.rel.dyn        0x10008120        0x0
 .rel.iplt      0x10008120        0x0 /Applications/ArmGNUToolchain/13.2.Rel1/arm-none-eabi/bin/../lib/gcc/arm-none-eabi/13.2.1/thumb/v6-m/nofp/crtbegin.o
                0x10008120                        . = ALIGN (0x4)

.ram_vector_table
                0x20000000       0xc0
 *(.ram_vector_table)
 .ram_vector_table
                0x20000000       0xc0 CMakeFiles/dev_hid_composite.dir/Users/ichen/Pico/pico-sdk/src/rp2_common/pico_runtime/runtime.c.obj
                0x20000000                ram_vector_table

.data           0x200000c0      0xba0 load address 0x10008120
                0x200000c0                        __data_start__ = .
 *(vtable)
 *(.time_critical*)
 .time_critical.mutex_try_enter
                0x200000c0       0x46 CMakeFiles/dev_hid_composite.dir/Users/ichen/Pico/pico-sdk/src/common/pico_sync/mutex.c.obj
                0x200000c0                mutex_try_enter
 *fill*         0x20000106        0x2 
 .time_critical.mutex_enter_block_until
                0x20000108       0x8c CMakeFiles/dev_hid_composite.dir/Users/ichen/Pico/pico-sdk/src/common/pico_sync/mutex.c.obj
                0x20000108                mutex_enter_block_until
 .time_critical.mutex_try_enter_block_until
                0x20000194       0x34 CMakeFiles/dev_hid_composite.dir/Users/ichen/Pico/pico-sdk/src/common/pico_sync/mutex.c.obj
                0x20000194                mutex_try_enter_block_until
 .time_critical.mutex_enter_timeout_ms
                0x200001c8       0x1a CMakeFiles/dev_hid_composite.dir/Users/ichen/Pico/pico-sdk/src/common/pico_sync/mutex.c.obj
                0x200001c8                mutex_enter_timeout_ms
 *fill*         0x200001e2        0x2 
 .time_critical.mutex_exit
                0x200001e4       0x4c CMakeFiles/dev_hid_composite.dir/Users/ichen/Pico/pico-sdk/src/common/pico_sync/mutex.c.obj
                0x200001e4                mutex_exit
 .time_critical.flash_init_boot2_copyout
                0x20000230       0x30 CMakeFiles/dev_hid_composite.dir/Users/ichen/Pico/pico-sdk/src/rp2_common/hardware_flash/flash.c.obj
 .time_critical.flash_enable_xip_via_boot2
                0x20000260        0xc CMakeFiles/dev_hid_composite.dir/Users/ichen/Pico/pico-sdk/src/rp2_common/hardware_flash/flash.c.obj
 .time_critical.flash_cs_force
                0x2000026c       0x28 CMakeFiles/dev_hid_composite.dir/Users/ichen/Pico/pico-sdk/src/rp2_common/hardware_flash/flash.c.obj
 .time_critical.flash_do_cmd
                0x20000294       0xd8 CMakeFiles/dev_hid_composite.dir/Users/ichen/Pico/pico-sdk/src/rp2_common/hardware_flash/flash.c.obj
                0x20000294                flash_do_cmd
 .time_critical.reset_non_control_endpoints
                0x2000036c       0x40 CMakeFiles/dev_hid_composite.dir/Users/ichen/Pico/pico-sdk/lib/tinyusb/src/portable/raspberrypi/rp2040/dcd_rp2040.c.obj
 .time_critical.hw_handle_buff_status
                0x200003ac       0xa4 CMakeFiles/dev_hid_composite.dir/Users/ichen/Pico/pico-sdk/lib/tinyusb/src/portable/raspberrypi/rp2040/dcd_rp2040.c.obj
 .time_critical.dcd_rp2040_irq
                0x20000450      0x1b8 CMakeFiles/dev_hid_composite.dir/Users/ichen/Pico/pico-sdk/lib/tinyusb/src/portable/raspberrypi/rp2040/dcd_rp2040.c.obj
 .time_critical.e15_is_bulkin_ep
                0x20000608       0x2c CMakeFiles/dev_hid_composite.dir/Users/ichen/Pico/pico-sdk/lib/tinyusb/src/portable/raspberrypi/rp2040/rp2040_usb.c.obj
 .time_critical.e15_is_critical_frame_period
                0x20000634       0x30 CMakeFiles/dev_hid_composite.dir/Users/ichen/Pico/pico-sdk/lib/tinyusb/src/portable/raspberrypi/rp2040/rp2040_usb.c.obj
 .time_critical.prepare_ep_buffer
                0x20000664       0x6c CMakeFiles/dev_hid_composite.dir/Users/ichen/Pico/pico-sdk/lib/tinyusb/src/portable/raspberrypi/rp2040/rp2040_usb.c.obj
 .time_critical.sync_ep_buffer
                0x200006d0       0x7c CMakeFiles/dev_hid_composite.dir/Users/ichen/Pico/pico-sdk/lib/tinyusb/src/portable/raspberrypi/rp2040/rp2040_usb.c.obj
 .time_critical._hw_endpoint_xfer_sync
                0x2000074c       0x28 CMakeFiles/dev_hid_composite.dir/Users/ichen/Pico/pico-sdk/lib/tinyusb/src/portable/raspberrypi/rp2040/rp2040_usb.c.obj
 .time_critical.hw_endpoint_reset_transfer
                0x20000774        0xc CMakeFiles/dev_hid_composite.dir/Users/ichen/Pico/pico-sdk/lib/tinyusb/src/portable/raspberrypi/rp2040/rp2040_usb.c.obj
                0x20000774                hw_endpoint_reset_transfer
 .time_critical._hw_endpoint_buffer_control_update32
                0x20000780       0x58 CMakeFiles/dev_hid_composite.dir/Users/ichen/Pico/pico-sdk/lib/tinyusb/src/portable/raspberrypi/rp2040/rp2040_usb.c.obj
                0x20000780                _hw_endpoint_buffer_control_update32
 .time_critical.hw_endpoint_start_next_buffer
                0x200007d8       0x88 CMakeFiles/dev_hid_composite.dir/Users/ichen/Pico/pico-sdk/lib/tinyusb/src/portable/raspberrypi/rp2040/rp2040_usb.c.obj
                0x200007d8                hw_endpoint_start_next_buffer
 .time_critical.hw_endpoint_xfer_continue
                0x20000860       0x50 CMakeFiles/dev_hid_composite.dir/Users/ichen/Pico/pico-sdk/lib/tinyusb/src/portable/raspberrypi/rp2040/rp2040_usb.c.obj
                0x20000860                hw_endpoint_xfer_continue
 .time_critical.tinyusb
                0x200008b0      0x1ac CMakeFiles/dev_hid_composite.dir/Users/ichen/Pico/pico-sdk/lib/tinyusb/src/device/usbd.c.obj
                0x200008b0                dcd_event_handler
 .time_critical.get_bootsel_button
                0x20000a5c       0x60 CMakeFiles/dev_hid_composite.dir/Users/ichen/Pico/pico-sdk/lib/tinyusb/hw/bsp/rp2040/family.c.obj
                0x20000a5c                get_bootsel_button
 *(.text*)
 .text          0x20000abc        0x4 /Applications/ArmGNUToolchain/13.2.Rel1/arm-none-eabi/bin/../lib/gcc/arm-none-eabi/13.2.1/thumb/v6-m/nofp/libgcc.a(_dvmd_tls.o)
                0x20000abc                __aeabi_ldiv0
                0x20000abc                __aeabi_idiv0
 .text.__stub   0x20000ac0       0xa0 linker stubs
                0x20000b60                        . = ALIGN (0x4)
 *(.rodata*)
                0x20000b60                        . = ALIGN (0x4)
 *(.data*)
 .data.blink_interval_ms
                0x20000b60        0x4 CMakeFiles/dev_hid_composite.dir/main.c.obj
 .data.string_desc_arr
                0x20000b64       0x10 CMakeFiles/dev_hid_composite.dir/usb_descriptors.c.obj
                0x20000b64                string_desc_arr
 .data.striped_spin_lock_num
                0x20000b74        0x1 CMakeFiles/dev_hid_composite.dir/Users/ichen/Pico/pico-sdk/src/rp2_common/hardware_sync/sync.c.obj
 *fill*         0x20000b75        0x3 
 .data          0x20000b78       0x48 CMakeFiles/dev_hid_composite.dir/Users/ichen/Pico/pico-sdk/src/rp2_common/hardware_irq/irq_handler_chain.S.obj
                0x20000b78                irq_handler_chain_slots
                0x20000ba8                irq_handler_chain_first_slot
                0x20000bb2                irq_handler_chain_remove_tail
 .data.default_alarm_pool
                0x20000bc0       0x18 CMakeFiles/dev_hid_composite.dir/Users/ichen/Pico/pico-sdk/src/common/pico_time/time.c.obj
 .data.default_alarm_pool_heap
                0x20000bd8       0x10 CMakeFiles/dev_hid_composite.dir/Users/ichen/Pico/pico-sdk/src/common/pico_time/time.c.obj
 *fill*         0x20000be8        0x8 
 .data.aeabi_bits_funcs
                0x20000bf0       0x10 CMakeFiles/dev_hid_composite.dir/Users/ichen/Pico/pico-sdk/src/rp2_common/pico_bit_ops/bit_ops_aeabi.S.obj
                0x20000bf0                aeabi_bits_funcs
                0x20000c00                aeabi_bits_funcs_end
 .data.aeabi_mem_funcs
                0x20000c00       0x10 CMakeFiles/dev_hid_composite.dir/Users/ichen/Pico/pico-sdk/src/rp2_common/pico_mem_ops/mem_ops_aeabi.S.obj
                0x20000c00                aeabi_mem_funcs
                0x20000c10                aeabi_mem_funcs_end
 .data.ep_dir_string
                0x20000c10        0x8 CMakeFiles/dev_hid_composite.dir/Users/ichen/Pico/pico-sdk/lib/tinyusb/src/portable/raspberrypi/rp2040/rp2040_usb.c.obj
                0x20000c10                ep_dir_string
 .data._usbd_qdef
                0x20000c18       0x1c CMakeFiles/dev_hid_composite.dir/Users/ichen/Pico/pico-sdk/lib/tinyusb/src/device/usbd.c.obj
                0x20000c18                _usbd_qdef
 .data._usbd_rhport
                0x20000c34        0x1 CMakeFiles/dev_hid_composite.dir/Users/ichen/Pico/pico-sdk/lib/tinyusb/src/device/usbd.c.obj
 *fill*         0x20000c35        0x3 
 .data.i2c0_inst
                0x20000c38        0x8 CMakeFiles/dev_hid_composite.dir/Users/ichen/Pico/pico-sdk/src/rp2_common/hardware_i2c/i2c.c.obj
                0x20000c38                i2c0_inst
                0x20000c40                        . = ALIGN (0x4)
 *(.after_data.*)
                0x20000c40                        . = ALIGN (0x4)
                0x20000c40                        PROVIDE (__mutex_array_start = .)
 *(SORT_BY_NAME(.mutex_array.*))
 *(.mutex_array)
 .mutex_array   0x20000c40        0x8 CMakeFiles/dev_hid_composite.dir/Users/ichen/Pico/pico-sdk/src/rp2_common/pico_stdio/stdio.c.obj
                0x20000c48                        PROVIDE (__mutex_array_end = .)
                0x20000c48                        . = ALIGN (0x4)
                0x20000c48                        PROVIDE (__preinit_array_start = .)
 *(SORT_BY_NAME(.preinit_array.*))
 .preinit_array.00001
                0x20000c48        0x4 CMakeFiles/dev_hid_composite.dir/Users/ichen/Pico/pico-sdk/src/rp2_common/pico_mem_ops/mem_ops_aeabi.S.obj
 .preinit_array.00010
                0x20000c4c        0x4 CMakeFiles/dev_hid_composite.dir/Users/ichen/Pico/pico-sdk/src/rp2_common/pico_bit_ops/bit_ops_aeabi.S.obj
 .preinit_array.00020
                0x20000c50        0x4 CMakeFiles/dev_hid_composite.dir/Users/ichen/Pico/pico-sdk/src/rp2_common/pico_double/double_aeabi.S.obj
 .preinit_array.00020
                0x20000c54        0x4 CMakeFiles/dev_hid_composite.dir/Users/ichen/Pico/pico-sdk/src/rp2_common/pico_float/float_aeabi.S.obj
 *(.preinit_array)
                0x20000c58                        PROVIDE (__preinit_array_end = .)
                0x20000c58                        . = ALIGN (0x4)
                0x20000c58                        PROVIDE (__init_array_start = .)
 *(SORT_BY_NAME(.init_array.*))
 *(.init_array)
 .init_array    0x20000c58        0x4 /Applications/ArmGNUToolchain/13.2.Rel1/arm-none-eabi/bin/../lib/gcc/arm-none-eabi/13.2.1/thumb/v6-m/nofp/crtbegin.o
 .init_array    0x20000c5c        0x4 CMakeFiles/dev_hid_composite.dir/Users/ichen/Pico/pico-sdk/src/rp2_common/pico_unique_id/unique_id.c.obj
                0x20000c60                        PROVIDE (__init_array_end = .)
                0x20000c60                        . = ALIGN (0x4)
                [!provide]                        PROVIDE (__fini_array_start = .)
 *(SORT_BY_NAME(.fini_array.*))
 *(.fini_array)
                [!provide]                        PROVIDE (__fini_array_end = .)
 *(.jcr)
                0x20000c60                        . = ALIGN (0x4)
                0x20000c60                        __data_end__ = .
                0x10008120                        __etext = LOADADDR (.data)

.tm_clone_table
                0x20000c60        0x0 load address 0x10008cc0
 .tm_clone_table
                0x20000c60        0x0 /Applications/ArmGNUToolchain/13.2.Rel1/arm-none-eabi/bin/../lib/gcc/arm-none-eabi/13.2.1/thumb/v6-m/nofp/crtbegin.o
 .tm_clone_table
                0x20000c60        0x0 /Applications/ArmGNUToolchain/13.2.Rel1/arm-none-eabi/bin/../lib/gcc/arm-none-eabi/13.2.1/thumb/v6-m/nofp/crtend.o

.igot.plt       0x20000c60        0x0 load address 0x10008cc0
 .igot.plt      0x20000c60        0x0 /Applications/ArmGNUToolchain/13.2.Rel1/arm-none-eabi/bin/../lib/gcc/arm-none-eabi/13.2.1/thumb/v6-m/nofp/crtbegin.o

.uninitialized_data
                0x20000c60        0x0 load address 0x10008cc0
                0x20000c60                        . = ALIGN (0x4)
 *(.uninitialized_data*)

.scratch_x      0x20040000        0x0 load address 0x10008cc0
                0x20040000                        __scratch_x_start__ = .
 *(.scratch_x.*)
                0x20040000                        . = ALIGN (0x4)
                0x20040000                        __scratch_x_end__ = .
                0x10008cc0                        __scratch_x_source__ = LOADADDR (.scratch_x)

.scratch_y      0x20041000        0x0 load address 0x10008cc0
                0x20041000                        __scratch_y_start__ = .
 *(.scratch_y.*)
                0x20041000                        . = ALIGN (0x4)
                0x20041000                        __scratch_y_end__ = .
                0x10008cc0                        __scratch_y_source__ = LOADADDR (.scratch_y)

.bss            0x20000c60      0xae4
                0x20000c60                        . = ALIGN (0x4)